Archive member included to satisfy reference by file (symbol)

c:/st/stm32cubeide_1.6.0/stm32cubeide/plugins/com.st.stm32cube.ide.mcu.externaltools.gnu-tools-for-stm32.10.3-2021.10.win32_1.0.200.202301161003/tools/bin/../lib/gcc/arm-none-eabi/10.3.1/../../../../arm-none-eabi/lib/thumb/v7e-m/nofp\libc_nano.a(lib_a-errno.o)
                              ./Core/syscalls.o (__errno)
c:/st/stm32cubeide_1.6.0/stm32cubeide/plugins/com.st.stm32cube.ide.mcu.externaltools.gnu-tools-for-stm32.10.3-2021.10.win32_1.0.200.202301161003/tools/bin/../lib/gcc/arm-none-eabi/10.3.1/../../../../arm-none-eabi/lib/thumb/v7e-m/nofp\libc_nano.a(lib_a-exit.o)
                              c:/st/stm32cubeide_1.6.0/stm32cubeide/plugins/com.st.stm32cube.ide.mcu.externaltools.gnu-tools-for-stm32.10.3-2021.10.win32_1.0.200.202301161003/tools/bin/../lib/gcc/arm-none-eabi/10.3.1/../../../../arm-none-eabi/lib/thumb/v7e-m/nofp/crt0.o (exit)
c:/st/stm32cubeide_1.6.0/stm32cubeide/plugins/com.st.stm32cube.ide.mcu.externaltools.gnu-tools-for-stm32.10.3-2021.10.win32_1.0.200.202301161003/tools/bin/../lib/gcc/arm-none-eabi/10.3.1/../../../../arm-none-eabi/lib/thumb/v7e-m/nofp\libc_nano.a(lib_a-impure.o)
                              c:/st/stm32cubeide_1.6.0/stm32cubeide/plugins/com.st.stm32cube.ide.mcu.externaltools.gnu-tools-for-stm32.10.3-2021.10.win32_1.0.200.202301161003/tools/bin/../lib/gcc/arm-none-eabi/10.3.1/../../../../arm-none-eabi/lib/thumb/v7e-m/nofp\libc_nano.a(lib_a-exit.o) (_global_impure_ptr)
c:/st/stm32cubeide_1.6.0/stm32cubeide/plugins/com.st.stm32cube.ide.mcu.externaltools.gnu-tools-for-stm32.10.3-2021.10.win32_1.0.200.202301161003/tools/bin/../lib/gcc/arm-none-eabi/10.3.1/../../../../arm-none-eabi/lib/thumb/v7e-m/nofp\libc_nano.a(lib_a-init.o)
                              c:/st/stm32cubeide_1.6.0/stm32cubeide/plugins/com.st.stm32cube.ide.mcu.externaltools.gnu-tools-for-stm32.10.3-2021.10.win32_1.0.200.202301161003/tools/bin/../lib/gcc/arm-none-eabi/10.3.1/../../../../arm-none-eabi/lib/thumb/v7e-m/nofp/crt0.o (__libc_init_array)
c:/st/stm32cubeide_1.6.0/stm32cubeide/plugins/com.st.stm32cube.ide.mcu.externaltools.gnu-tools-for-stm32.10.3-2021.10.win32_1.0.200.202301161003/tools/bin/../lib/gcc/arm-none-eabi/10.3.1/../../../../arm-none-eabi/lib/thumb/v7e-m/nofp\libc_nano.a(lib_a-memcpy-stub.o)
                              ./App/subghz_phy_app.o (memcpy)
c:/st/stm32cubeide_1.6.0/stm32cubeide/plugins/com.st.stm32cube.ide.mcu.externaltools.gnu-tools-for-stm32.10.3-2021.10.win32_1.0.200.202301161003/tools/bin/../lib/gcc/arm-none-eabi/10.3.1/../../../../arm-none-eabi/lib/thumb/v7e-m/nofp\libc_nano.a(lib_a-memset.o)
                              c:/st/stm32cubeide_1.6.0/stm32cubeide/plugins/com.st.stm32cube.ide.mcu.externaltools.gnu-tools-for-stm32.10.3-2021.10.win32_1.0.200.202301161003/tools/bin/../lib/gcc/arm-none-eabi/10.3.1/../../../../arm-none-eabi/lib/thumb/v7e-m/nofp/crt0.o (memset)
c:/st/stm32cubeide_1.6.0/stm32cubeide/plugins/com.st.stm32cube.ide.mcu.externaltools.gnu-tools-for-stm32.10.3-2021.10.win32_1.0.200.202301161003/tools/bin/../lib/gcc/arm-none-eabi/10.3.1/../../../../arm-none-eabi/lib/thumb/v7e-m/nofp\libc_nano.a(lib_a-rand.o)
                              ./App/subghz_phy_app.o (srand)
c:/st/stm32cubeide_1.6.0/stm32cubeide/plugins/com.st.stm32cube.ide.mcu.externaltools.gnu-tools-for-stm32.10.3-2021.10.win32_1.0.200.202301161003/tools/bin/../lib/gcc/arm-none-eabi/10.3.1/../../../../arm-none-eabi/lib/thumb/v7e-m/nofp\libc_nano.a(lib_a-strlen.o)
                              ./Core/sys_app.o (strlen)
c:/st/stm32cubeide_1.6.0/stm32cubeide/plugins/com.st.stm32cube.ide.mcu.externaltools.gnu-tools-for-stm32.10.3-2021.10.win32_1.0.200.202301161003/tools/bin/../lib/gcc/arm-none-eabi/10.3.1/../../../../arm-none-eabi/lib/thumb/v7e-m/nofp\libc_nano.a(lib_a-assert.o)
                              c:/st/stm32cubeide_1.6.0/stm32cubeide/plugins/com.st.stm32cube.ide.mcu.externaltools.gnu-tools-for-stm32.10.3-2021.10.win32_1.0.200.202301161003/tools/bin/../lib/gcc/arm-none-eabi/10.3.1/../../../../arm-none-eabi/lib/thumb/v7e-m/nofp\libc_nano.a(lib_a-rand.o) (__assert_func)
c:/st/stm32cubeide_1.6.0/stm32cubeide/plugins/com.st.stm32cube.ide.mcu.externaltools.gnu-tools-for-stm32.10.3-2021.10.win32_1.0.200.202301161003/tools/bin/../lib/gcc/arm-none-eabi/10.3.1/../../../../arm-none-eabi/lib/thumb/v7e-m/nofp\libc_nano.a(lib_a-fprintf.o)
                              c:/st/stm32cubeide_1.6.0/stm32cubeide/plugins/com.st.stm32cube.ide.mcu.externaltools.gnu-tools-for-stm32.10.3-2021.10.win32_1.0.200.202301161003/tools/bin/../lib/gcc/arm-none-eabi/10.3.1/../../../../arm-none-eabi/lib/thumb/v7e-m/nofp\libc_nano.a(lib_a-assert.o) (fiprintf)
c:/st/stm32cubeide_1.6.0/stm32cubeide/plugins/com.st.stm32cube.ide.mcu.externaltools.gnu-tools-for-stm32.10.3-2021.10.win32_1.0.200.202301161003/tools/bin/../lib/gcc/arm-none-eabi/10.3.1/../../../../arm-none-eabi/lib/thumb/v7e-m/nofp\libc_nano.a(lib_a-malloc.o)
[...]
Memory Configuration

Name             Origin             Length             Attributes
RAM1             0x0000000020000000 0x0000000000008000 xrw
RAM2             0x0000000020008000 0x0000000000008000 xrw
FLASH            0x0000000008000000 0x0000000000040000 xr
*default*        0x0000000000000000 0xffffffffffffffff

Linker script and memory map

LOAD c:/st/stm32cubeide_1.6.0/stm32cubeide/plugins/com.st.stm32cube.ide.mcu.externaltools.gnu-tools-for-stm32.10.3-2021.10.win32_1.0.200.202301161003/tools/bin/../lib/gcc/arm-none-eabi/10.3.1/thumb/v7e-m/nofp/crti.o
LOAD c:/st/stm32cubeide_1.6.0/stm32cubeide/plugins/com.st.stm32cube.ide.mcu.externaltools.gnu-tools-for-stm32.10.3-2021.10.win32_1.0.200.202301161003/tools/bin/../lib/gcc/arm-none-eabi/10.3.1/thumb/v7e-m/nofp/crtbegin.o
LOAD c:/st/stm32cubeide_1.6.0/stm32cubeide/plugins/com.st.stm32cube.ide.mcu.externaltools.gnu-tools-for-stm32.10.3-2021.10.win32_1.0.200.202301161003/tools/bin/../lib/gcc/arm-none-eabi/10.3.1/../../../../arm-none-eabi/lib/thumb/v7e-m/nofp/crt0.o
LOAD ./App/app_subghz_phy.o
LOAD ./App/subghz_phy_app.o
LOAD ./Core/Peripherals/adc.o
LOAD ./Core/Peripherals/adc_if.o
LOAD ./Core/Peripherals/dma.o
LOAD ./Core/Peripherals/rtc.o
LOAD ./Core/Peripherals/subghz.o
LOAD ./Core/Peripherals/usart.o
LOAD ./Core/Peripherals/usart_if.o
LOAD ./Core/Startup/startup_stm32wl55jcix.o
LOAD ./Core/main.o
LOAD ./Core/stm32_lpm_if.o
LOAD ./Core/stm32wlxx_hal_msp.o
LOAD ./Core/stm32wlxx_it.o
LOAD ./Core/sys_app.o
LOAD ./Core/sys_debug.o
LOAD ./Core/syscalls.o
LOAD ./Core/sysmem.o
LOAD ./Core/system_stm32wlxx.o
LOAD ./Core/timer_if.o
LOAD ./Drivers/Hardware/board_resources.o
LOAD ./Drivers/Hardware/radio_board_if.o
LOAD ./Drivers/STM32WLxx_HAL_Driver/Src/stm32wlxx_hal.o
LOAD ./Drivers/STM32WLxx_HAL_Driver/Src/stm32wlxx_hal_adc.o
LOAD ./Drivers/STM32WLxx_HAL_Driver/Src/stm32wlxx_hal_adc_ex.o
LOAD ./Drivers/STM32WLxx_HAL_Driver/Src/stm32wlxx_hal_cortex.o
LOAD ./Drivers/STM32WLxx_HAL_Driver/Src/stm32wlxx_hal_dma.o
LOAD ./Drivers/STM32WLxx_HAL_Driver/Src/stm32wlxx_hal_dma_ex.o
LOAD ./Drivers/STM32WLxx_HAL_Driver/Src/stm32wlxx_hal_exti.o
LOAD ./Drivers/STM32WLxx_HAL_Driver/Src/stm32wlxx_hal_flash.o
LOAD ./Drivers/STM32WLxx_HAL_Driver/Src/stm32wlxx_hal_flash_ex.o
LOAD ./Drivers/STM32WLxx_HAL_Driver/Src/stm32wlxx_hal_gpio.o
LOAD ./Drivers/STM32WLxx_HAL_Driver/Src/stm32wlxx_hal_pwr.o
LOAD ./Drivers/STM32WLxx_HAL_Driver/Src/stm32wlxx_hal_pwr_ex.o
LOAD ./Drivers/STM32WLxx_HAL_Driver/Src/stm32wlxx_hal_rcc.o
LOAD ./Drivers/STM32WLxx_HAL_Driver/Src/stm32wlxx_hal_rcc_ex.o
LOAD ./Drivers/STM32WLxx_HAL_Driver/Src/stm32wlxx_hal_rtc.o
LOAD ./Drivers/STM32WLxx_HAL_Driver/Src/stm32wlxx_hal_rtc_ex.o
LOAD ./Drivers/STM32WLxx_HAL_Driver/Src/stm32wlxx_hal_subghz.o
LOAD ./Drivers/STM32WLxx_HAL_Driver/Src/stm32wlxx_hal_tim.o
LOAD ./Drivers/STM32WLxx_HAL_Driver/Src/stm32wlxx_hal_tim_ex.o
LOAD ./Drivers/STM32WLxx_HAL_Driver/Src/stm32wlxx_hal_uart.o
LOAD ./Drivers/STM32WLxx_HAL_Driver/Src/stm32wlxx_hal_uart_ex.o
LOAD ./Middlewares/Third_Party/SubGHz_Phy/stm32_radio_driver/radio.o
LOAD ./Middlewares/Third_Party/SubGHz_Phy/stm32_radio_driver/radio_driver.o
LOAD ./Middlewares/Third_Party/SubGHz_Phy/stm32_radio_driver/radio_fw.o
LOAD ./Utilities/lpm/tiny_lpm/stm32_lpm.o
LOAD ./Utilities/misc/stm32_mem.o
LOAD ./Utilities/misc/stm32_systime.o
LOAD ./Utilities/misc/stm32_tiny_sscanf.o
LOAD ./Utilities/misc/stm32_tiny_vsnprintf.o
LOAD ./Utilities/sequencer/stm32_seq.o
LOAD ./Utilities/timer/stm32_timer.o
LOAD ./Utilities/trace/adv_trace/stm32_adv_trace.o
START GROUP
LOAD c:/st/stm32cubeide_1.6.0/stm32cubeide/plugins/com.st.stm32cube.ide.mcu.externaltools.gnu-tools-for-stm32.10.3-2021.10.win32_1.0.200.202301161003/tools/bin/../lib/gcc/arm-none-eabi/10.3.1/../../../../arm-none-eabi/lib/thumb/v7e-m/nofp\libc_nano.a
LOAD c:/st/stm32cubeide_1.6.0/stm32cubeide/plugins/com.st.stm32cube.ide.mcu.externaltools.gnu-tools-for-stm32.10.3-2021.10.win32_1.0.200.202301161003/tools/bin/../lib/gcc/arm-none-eabi/10.3.1/../../../../arm-none-eabi/lib/thumb/v7e-m/nofp\libm.a
END GROUP
START GROUP
LOAD c:/st/stm32cubeide_1.6.0/stm32cubeide/plugins/com.st.stm32cube.ide.mcu.externaltools.gnu-tools-for-stm32.10.3-2021.10.win32_1.0.200.202301161003/tools/bin/../lib/gcc/arm-none-eabi/10.3.1/thumb/v7e-m/nofp\libgcc.a
LOAD c:/st/stm32cubeide_1.6.0/stm32cubeide/plugins/com.st.stm32cube.ide.mcu.externaltools.gnu-tools-for-stm32.10.3-2021.10.win32_1.0.200.202301161003/tools/bin/../lib/gcc/arm-none-eabi/10.3.1/../../../../arm-none-eabi/lib/thumb/v7e-m/nofp\libc_nano.a
END GROUP
START GROUP
LOAD c:/st/stm32cubeide_1.6.0/stm32cubeide/plugins/com.st.stm32cube.ide.mcu.externaltools.gnu-tools-for-stm32.10.3-2021.10.win32_1.0.200.202301161003/tools/bin/../lib/gcc/arm-none-eabi/10.3.1/thumb/v7e-m/nofp\libgcc.a
LOAD c:/st/stm32cubeide_1.6.0/stm32cubeide/plugins/com.st.stm32cube.ide.mcu.externaltools.gnu-tools-for-stm32.10.3-2021.10.win32_1.0.200.202301161003/tools/bin/../lib/gcc/arm-none-eabi/10.3.1/../../../../arm-none-eabi/lib/thumb/v7e-m/nofp\libc_nano.a
LOAD c:/st/stm32cubeide_1.6.0/stm32cubeide/plugins/com.st.stm32cube.ide.mcu.externaltools.gnu-tools-for-stm32.10.3-2021.10.win32_1.0.200.202301161003/tools/bin/../lib/gcc/arm-none-eabi/10.3.1/../../../../arm-none-eabi/lib/thumb/v7e-m/nofp\libnosys.a
END GROUP
START GROUP
LOAD c:/st/stm32cubeide_1.6.0/stm32cubeide/plugins/com.st.stm32cube.ide.mcu.externaltools.gnu-tools-for-stm32.10.3-2021.10.win32_1.0.200.202301161003/tools/bin/../lib/gcc/arm-none-eabi/10.3.1/thumb/v7e-m/nofp\libgcc.a
LOAD c:/st/stm32cubeide_1.6.0/stm32cubeide/plugins/com.st.stm32cube.ide.mcu.externaltools.gnu-tools-for-stm32.10.3-2021.10.win32_1.0.200.202301161003/tools/bin/../lib/gcc/arm-none-eabi/10.3.1/../../../../arm-none-eabi/lib/thumb/v7e-m/nofp\libc_nano.a
LOAD c:/st/stm32cubeide_1.6.0/stm32cubeide/plugins/com.st.stm32cube.ide.mcu.externaltools.gnu-tools-for-stm32.10.3-2021.10.win32_1.0.200.202301161003/tools/bin/../lib/gcc/arm-none-eabi/10.3.1/../../../../arm-none-eabi/lib/thumb/v7e-m/nofp\libnosys.a
END GROUP
LOAD c:/st/stm32cubeide_1.6.0/stm32cubeide/plugins/com.st.stm32cube.ide.mcu.externaltools.gnu-tools-for-stm32.10.3-2021.10.win32_1.0.200.202301161003/tools/bin/../lib/gcc/arm-none-eabi/10.3.1/thumb/v7e-m/nofp/crtend.o
LOAD c:/st/stm32cubeide_1.6.0/stm32cubeide/plugins/com.st.stm32cube.ide.mcu.externaltools.gnu-tools-for-stm32.10.3-2021.10.win32_1.0.200.202301161003/tools/bin/../lib/gcc/arm-none-eabi/10.3.1/thumb/v7e-m/nofp/crtn.o
                0x0000000020008000                _estack = (ORIGIN (RAM1) + LENGTH (RAM1))
                0x0000000000000200                _Min_Heap_Size = 0x200
                0x0000000000000800                _Min_Stack_Size = 0x800

.isr_vector     0x0000000008000000      0x138
                0x0000000008000000                . = ALIGN (0x4)
 *(.isr_vector)
 .isr_vector    0x0000000008000000      0x138 ./Core/Startup/startup_stm32wl55jcix.o
                0x0000000008000000                g_pfnVectors
                0x0000000008000138                . = ALIGN (0x4)

.text           0x0000000008000140     0xe464
                0x0000000008000140                . = ALIGN (0x4)
 *(.text)
 .text          0x0000000008000140       0x40 c:/st/stm32cubeide_1.6.0/stm32cubeide/plugins/com.st.stm32cube.ide.mcu.externaltools.gnu-tools-for-stm32.10.3-2021.10.win32_1.0.200.202301161003/tools/bin/../lib/gcc/arm-none-eabi/10.3.1/thumb/v7e-m/nofp/crtbegin.o
 .text          0x0000000008000180       0x10 c:/st/stm32cubeide_1.6.0/stm32cubeide/plugins/com.st.stm32cube.ide.mcu.externaltools.gnu-tools-for-stm32.10.3-2021.10.win32_1.0.200.202301161003/tools/bin/../lib/gcc/arm-none-eabi/10.3.1/../../../../arm-none-eabi/lib/thumb/v7e-m/nofp\libc_nano.a(lib_a-strlen.o)
                0x0000000008000180                strlen
 .text          0x0000000008000190       0xa0 c:/st/stm32cubeide_1.6.0/stm32cubeide/plugins/com.st.stm32cube.ide.mcu.externaltools.gnu-tools-for-stm32.10.3-2021.10.win32_1.0.200.202301161003/tools/bin/../lib/gcc/arm-none-eabi/10.3.1/../../../../arm-none-eabi/lib/thumb/v7e-m/nofp\libc_nano.a(lib_a-memchr.o)
                0x0000000008000190                memchr
 .text          0x0000000008000230       0x30 c:/st/stm32cubeide_1.6.0/stm32cubeide/plugins/com.st.stm32cube.ide.mcu.externaltools.gnu-tools-for-stm32.10.3-2021.10.win32_1.0.200.202301161003/tools/bin/../lib/gcc/arm-none-eabi/10.3.1/thumb/v7e-m/nofp\libgcc.a(_aeabi_uldivmod.o)
                0x0000000008000230                __aeabi_uldivmod
 .text          0x0000000008000260      0x2d0 c:/st/stm32cubeide_1.6.0/stm32cubeide/plugins/com.st.stm32cube.ide.mcu.externaltools.gnu-tools-for-stm32.10.3-2021.10.win32_1.0.200.202301161003/tools/bin/../lib/gcc/arm-none-eabi/10.3.1/thumb/v7e-m/nofp\libgcc.a(_udivmoddi4.o)
                0x0000000008000260                __udivmoddi4
 .text          0x0000000008000530        0x4 c:/st/stm32cubeide_1.6.0/stm32cubeide/plugins/com.st.stm32cube.ide.mcu.externaltools.gnu-tools-for-stm32.10.3-2021.10.win32_1.0.200.202301161003/tools/bin/../lib/gcc/arm-none-eabi/10.3.1/thumb/v7e-m/nofp\libgcc.a(_dvmd_tls.o)
                0x0000000008000530                __aeabi_idiv0
                0x0000000008000530                __aeabi_ldiv0
 *(.text*)
 .text.MX_SubGHz_Phy_Init
                0x0000000008000534       0x10 ./App/app_subghz_phy.o
                0x0000000008000534                MX_SubGHz_Phy_Init
 .text.MX_SubGHz_Phy_Process
                0x0000000008000544       0x10 ./App/app_subghz_phy.o
                0x0000000008000544                MX_SubGHz_Phy_Process
 .text.Sensor_Init
                0x0000000008000554      0x200 ./App/subghz_phy_app.o
                0x0000000008000554                Sensor_Init
 .text.Sensor_Process
                0x0000000008000754      0x390 ./App/subghz_phy_app.o
 .text.OnTxDone
                0x0000000008000ae4       0x1c ./App/subghz_phy_app.o
 .text.OnRxDone
                0x0000000008000b00       0x68 ./App/subghz_phy_app.o
 .text.OnTxTimeout
                0x0000000008000b68       0x1c ./App/subghz_phy_app.o
 .text.OnRxTimeout
                0x0000000008000b84       0x1c ./App/subghz_phy_app.o
 .text.OnRxError
                0x0000000008000ba0       0x1c ./App/subghz_phy_app.o
 .text.OnLedTxEvent
                0x0000000008000bbc       0x16 ./App/subghz_phy_app.o
 .text.OnLedRxEvent
                0x0000000008000bd2       0x16 ./App/subghz_phy_app.o
 .text.OnLedErrorEvent
                0x0000000008000be8       0x16 ./App/subghz_phy_app.o
 *fill*         0x0000000008000bfe        0x2 
 .text.OnTimerTxEvent
                0x0000000008000c00       0x3c ./App/subghz_phy_app.o
 .text.powInt   0x0000000008000c3c       0x32 ./App/subghz_phy_app.o
 .text.LL_APB2_GRP1_EnableClock
                0x0000000008000c6e       0x30 ./Core/Peripherals/adc.o
 .text.LL_APB2_GRP1_DisableClock
                0x0000000008000c9e       0x24 ./Core/Peripherals/adc.o
 *fill*         0x0000000008000cc2        0x2 
 .text.MX_ADC_Init
                0x0000000008000cc4       0x9c ./Core/Peripherals/adc.o
                0x0000000008000cc4                MX_ADC_Init
 .text.HAL_ADC_MspInit
                0x0000000008000d60       0x28 ./Core/Peripherals/adc.o
                0x0000000008000d60                HAL_ADC_MspInit
 .text.HAL_ADC_MspDeInit
                0x0000000008000d88       0x28 ./Core/Peripherals/adc.o
                0x0000000008000d88                HAL_ADC_MspDeInit
 .text.SYS_InitMeasurement
                0x0000000008000db0       0x1c ./Core/Peripherals/adc_if.o
                0x0000000008000db0                SYS_InitMeasurement
 .text.SYS_GetTemperatureLevel
                0x0000000008000dcc       0xf4 ./Core/Peripherals/adc_if.o
                0x0000000008000dcc                SYS_GetTemperatureLevel
 .text.SYS_GetBatteryLevel
                0x0000000008000ec0       0x68 ./Core/Peripherals/adc_if.o
                0x0000000008000ec0                SYS_GetBatteryLevel
 .text.ADC_ReadChannels
                0x0000000008000f28       0x8c ./Core/Peripherals/adc_if.o
 .text.LL_AHB1_GRP1_EnableClock
                0x0000000008000fb4       0x30 ./Core/Peripherals/dma.o
 .text.MX_DMA_Init
                0x0000000008000fe4       0x24 ./Core/Peripherals/dma.o
                0x0000000008000fe4                MX_DMA_Init
 .text.LL_RCC_EnableRTC
                0x0000000008001008       0x20 ./Core/Peripherals/rtc.o
 .text.LL_APB1_GRP1_EnableClock
                0x0000000008001028       0x30 ./Core/Peripherals/rtc.o
 .text.MX_RTC_Init
                0x0000000008001058       0xa4 ./Core/Peripherals/rtc.o
                0x0000000008001058                MX_RTC_Init
 .text.HAL_RTC_MspInit
                0x00000000080010fc       0x78 ./Core/Peripherals/rtc.o
                0x00000000080010fc                HAL_RTC_MspInit
 .text.LL_APB3_GRP1_EnableClock
                0x0000000008001174       0x30 ./Core/Peripherals/subghz.o
 .text.MX_SUBGHZ_Init
                0x00000000080011a4       0x24 ./Core/Peripherals/subghz.o
                0x00000000080011a4                MX_SUBGHZ_Init
 .text.HAL_SUBGHZ_MspInit
                0x00000000080011c8       0x26 ./Core/Peripherals/subghz.o
                0x00000000080011c8                HAL_SUBGHZ_MspInit
 .text.LL_AHB2_GRP1_EnableClock
                0x00000000080011ee       0x30 ./Core/Peripherals/usart.o
 .text.LL_APB1_GRP1_EnableClock
                0x000000000800121e       0x30 ./Core/Peripherals/usart.o
 .text.LL_APB1_GRP1_DisableClock
                0x000000000800124e       0x24 ./Core/Peripherals/usart.o
 *fill*         0x0000000008001272        0x2 
 .text.MX_USART2_UART_Init
                0x0000000008001274       0x98 ./Core/Peripherals/usart.o
                0x0000000008001274                MX_USART2_UART_Init
 .text.HAL_UART_MspInit
                0x000000000800130c      0x108 ./Core/Peripherals/usart.o
                0x000000000800130c                HAL_UART_MspInit
 .text.HAL_UART_MspDeInit
                0x0000000008001414       0x40 ./Core/Peripherals/usart.o
                0x0000000008001414                HAL_UART_MspDeInit
 .text.LL_APB1_GRP1_ForceReset
                0x0000000008001454       0x22 ./Core/Peripherals/usart_if.o
 .text.LL_APB1_GRP1_ReleaseReset
                0x0000000008001476       0x24 ./Core/Peripherals/usart_if.o
 *fill*         0x000000000800149a        0x2 
 .text.LL_EXTI_EnableIT_0_31
                0x000000000800149c       0x28 ./Core/Peripherals/usart_if.o
 .text.vcom_Init
                0x00000000080014c4       0x2c ./Core/Peripherals/usart_if.o
                0x00000000080014c4                vcom_Init
 .text.vcom_DeInit
                0x00000000080014f0       0x2c ./Core/Peripherals/usart_if.o
                0x00000000080014f0                vcom_DeInit
 .text.vcom_Trace_DMA
                0x000000000800151c       0x28 ./Core/Peripherals/usart_if.o
                0x000000000800151c                vcom_Trace_DMA
 .text.vcom_ReceiveInit
                0x0000000008001544       0x7c ./Core/Peripherals/usart_if.o
                0x0000000008001544                vcom_ReceiveInit
 .text.vcom_Resume
                0x00000000080015c0       0x30 ./Core/Peripherals/usart_if.o
                0x00000000080015c0                vcom_Resume
 .text.HAL_UART_TxCpltCallback
                0x00000000080015f0       0x1c ./Core/Peripherals/usart_if.o
                0x00000000080015f0                HAL_UART_TxCpltCallback
 .text.HAL_UART_RxCpltCallback
                0x000000000800160c       0x40 ./Core/Peripherals/usart_if.o
                0x000000000800160c                HAL_UART_RxCpltCallback
 .text.Reset_Handler
                0x000000000800164c       0x50 ./Core/Startup/startup_stm32wl55jcix.o
                0x000000000800164c                Reset_Handler
 .text.Default_Handler
                0x000000000800169c        0x2 ./Core/Startup/startup_stm32wl55jcix.o
                0x000000000800169c                EXTI2_IRQHandler
                0x000000000800169c                TIM1_CC_IRQHandler
                0x000000000800169c                EXTI3_IRQHandler
                0x000000000800169c                LPTIM2_IRQHandler
                0x000000000800169c                I2C3_ER_IRQHandler
                0x000000000800169c                LPTIM3_IRQHandler
                0x000000000800169c                EXTI0_IRQHandler
                0x000000000800169c                I2C2_EV_IRQHandler
                0x000000000800169c                SPI1_IRQHandler
                0x000000000800169c                DMA2_Channel2_IRQHandler
                0x000000000800169c                DMA1_Channel4_IRQHandler
                0x000000000800169c                PKA_IRQHandler
                0x000000000800169c                TIM17_IRQHandler
                0x000000000800169c                DMA1_Channel7_IRQHandler
                0x000000000800169c                SUBGHZSPI_IRQHandler
                0x000000000800169c                IPCC_C1_TX_IRQHandler
                0x000000000800169c                DMA2_Channel1_IRQHandler
                0x000000000800169c                I2C1_EV_IRQHandler
                0x000000000800169c                DMAMUX1_OVR_IRQHandler
                0x000000000800169c                DMA1_Channel6_IRQHandler
                0x000000000800169c                TIM16_IRQHandler
                0x000000000800169c                DMA2_Channel4_IRQHandler
                0x000000000800169c                RCC_IRQHandler
                0x000000000800169c                TIM1_TRG_COM_IRQHandler
                0x000000000800169c                DMA1_Channel1_IRQHandler
                0x000000000800169c                Default_Handler
                0x000000000800169c                DMA2_Channel7_IRQHandler
                0x000000000800169c                EXTI15_10_IRQHandler
                0x000000000800169c                IPCC_C1_RX_IRQHandler
                0x000000000800169c                ADC_IRQHandler
                0x000000000800169c                C2SEV_PWR_C2H_IRQHandler
                0x000000000800169c                I2C3_EV_IRQHandler
                0x000000000800169c                EXTI9_5_IRQHandler
                0x000000000800169c                RTC_WKUP_IRQHandler
                0x000000000800169c                PVD_PVM_IRQHandler
                0x000000000800169c                SPI2_IRQHandler
                0x000000000800169c                DMA2_Channel5_IRQHandler
                0x000000000800169c                EXTI4_IRQHandler
                0x000000000800169c                RNG_IRQHandler
                0x000000000800169c                DMA1_Channel3_IRQHandler
                0x000000000800169c                COMP_IRQHandler
                0x000000000800169c                HSEM_IRQHandler
                0x000000000800169c                TIM1_UP_IRQHandler
                0x000000000800169c                WWDG_IRQHandler
                0x000000000800169c                LPUART1_IRQHandler
                0x000000000800169c                DMA2_Channel6_IRQHandler
                0x000000000800169c                TIM2_IRQHandler
                0x000000000800169c                TIM1_BRK_IRQHandler
                0x000000000800169c                DAC_IRQHandler
                0x000000000800169c                EXTI1_IRQHandler
                0x000000000800169c                AES_IRQHandler
                0x000000000800169c                I2C2_ER_IRQHandler
                0x000000000800169c                DMA1_Channel2_IRQHandler
                0x000000000800169c                FLASH_IRQHandler
                0x000000000800169c                USART1_IRQHandler
                0x000000000800169c                I2C1_ER_IRQHandler
                0x000000000800169c                LPTIM1_IRQHandler
                0x000000000800169c                DMA2_Channel3_IRQHandler
 .text.LL_RCC_LSE_SetDriveCapability
                0x000000000800169e       0x2a ./Core/main.o
 .text.main     0x00000000080016c8       0x16 ./Core/main.o
                0x00000000080016c8                main
 *fill*         0x00000000080016de        0x2 
 .text.SystemClock_Config
                0x00000000080016e0       0xb0 ./Core/main.o
                0x00000000080016e0                SystemClock_Config
 .text.Error_Handler
                0x0000000008001790        0xa ./Core/main.o
                0x0000000008001790                Error_Handler
 *fill*         0x000000000800179a        0x2 
 .text.LL_PWR_ClearFlag_C1STOP_C1STB
                0x000000000800179c       0x18 ./Core/stm32_lpm_if.o
 .text.PWR_EnterOffMode
                0x00000000080017b4        0xc ./Core/stm32_lpm_if.o
                0x00000000080017b4                PWR_EnterOffMode
 .text.PWR_ExitOffMode
                0x00000000080017c0        0xc ./Core/stm32_lpm_if.o
                0x00000000080017c0                PWR_ExitOffMode
 .text.PWR_EnterStopMode
                0x00000000080017cc       0x16 ./Core/stm32_lpm_if.o
                0x00000000080017cc                PWR_EnterStopMode
 .text.PWR_ExitStopMode
                0x00000000080017e2       0x10 ./Core/stm32_lpm_if.o
                0x00000000080017e2                PWR_ExitStopMode
 .text.PWR_EnterSleepMode
                0x00000000080017f2       0x14 ./Core/stm32_lpm_if.o
                0x00000000080017f2                PWR_EnterSleepMode
 .text.PWR_ExitSleepMode
                0x0000000008001806        0xc ./Core/stm32_lpm_if.o
                0x0000000008001806                PWR_ExitSleepMode
 .text.HAL_MspInit
                0x0000000008001812        0xc ./Core/stm32wlxx_hal_msp.o
                0x0000000008001812                HAL_MspInit
 .text.NMI_Handler
                0x000000000800181e        0x6 ./Core/stm32wlxx_it.o
                0x000000000800181e                NMI_Handler
 .text.HardFault_Handler
                0x0000000008001824        0x6 ./Core/stm32wlxx_it.o
                0x0000000008001824                HardFault_Handler
 .text.MemManage_Handler
                0x000000000800182a        0x6 ./Core/stm32wlxx_it.o
                0x000000000800182a                MemManage_Handler
 .text.BusFault_Handler
                0x0000000008001830        0x6 ./Core/stm32wlxx_it.o
                0x0000000008001830                BusFault_Handler
 .text.UsageFault_Handler
                0x0000000008001836        0x6 ./Core/stm32wlxx_it.o
                0x0000000008001836                UsageFault_Handler
 .text.SVC_Handler
                0x000000000800183c        0xc ./Core/stm32wlxx_it.o
                0x000000000800183c                SVC_Handler
 .text.DebugMon_Handler
                0x0000000008001848        0xc ./Core/stm32wlxx_it.o
                0x0000000008001848                DebugMon_Handler
 .text.PendSV_Handler
                0x0000000008001854        0xc ./Core/stm32wlxx_it.o
                0x0000000008001854                PendSV_Handler
 .text.SysTick_Handler
                0x0000000008001860        0xc ./Core/stm32wlxx_it.o
                0x0000000008001860                SysTick_Handler
 .text.TAMP_STAMP_LSECSS_SSRU_IRQHandler
                0x000000000800186c       0x14 ./Core/stm32wlxx_it.o
                0x000000000800186c                TAMP_STAMP_LSECSS_SSRU_IRQHandler
 .text.DMA1_Channel5_IRQHandler
                0x0000000008001880       0x14 ./Core/stm32wlxx_it.o
                0x0000000008001880                DMA1_Channel5_IRQHandler
 .text.USART2_IRQHandler
                0x0000000008001894       0x14 ./Core/stm32wlxx_it.o
                0x0000000008001894                USART2_IRQHandler
 .text.RTC_Alarm_IRQHandler
                0x00000000080018a8       0x14 ./Core/stm32wlxx_it.o
                0x00000000080018a8                RTC_Alarm_IRQHandler
 .text.SUBGHZ_Radio_IRQHandler
                0x00000000080018bc       0x14 ./Core/stm32wlxx_it.o
                0x00000000080018bc                SUBGHZ_Radio_IRQHandler
 .text.LL_RCC_SetClkAfterWakeFromStop
                0x00000000080018d0       0x26 ./Core/sys_app.o
 .text.LL_AHB2_GRP1_EnableClock
                0x00000000080018f6       0x30 ./Core/sys_app.o
 .text.LL_AHB2_GRP1_DisableClock
                0x0000000008001926       0x24 ./Core/sys_app.o
 *fill*         0x000000000800194a        0x2 
 .text.SystemApp_Init
                0x000000000800194c       0x44 ./Core/sys_app.o
                0x000000000800194c                SystemApp_Init
 .text.UTIL_SEQ_Idle
                0x0000000008001990        0xc ./Core/sys_app.o
                0x0000000008001990                UTIL_SEQ_Idle
 .text.GetBatteryLevel
                0x000000000800199c       0x70 ./Core/sys_app.o
                0x000000000800199c                GetBatteryLevel
 .text.GetTemperatureLevel
                0x0000000008001a0c       0x26 ./Core/sys_app.o
                0x0000000008001a0c                GetTemperatureLevel
 *fill*         0x0000000008001a32        0x2 
 .text.TimestampNow
                0x0000000008001a34       0x40 ./Core/sys_app.o
 .text.Gpio_PreInit
                0x0000000008001a74       0x98 ./Core/sys_app.o
 .text.UTIL_ADV_TRACE_PreSendHook
                0x0000000008001b0c       0x10 ./Core/sys_app.o
                0x0000000008001b0c                UTIL_ADV_TRACE_PreSendHook
 .text.UTIL_ADV_TRACE_PostSendHook
                0x0000000008001b1c       0x10 ./Core/sys_app.o
                0x0000000008001b1c                UTIL_ADV_TRACE_PostSendHook
 .text.tiny_snprintf_like
                0x0000000008001b2c       0x2c ./Core/sys_app.o
 .text.HAL_InitTick
                0x0000000008001b58       0x14 ./Core/sys_app.o
                0x0000000008001b58                HAL_InitTick
 .text.HAL_GetTick
                0x0000000008001b6c        0xe ./Core/sys_app.o
                0x0000000008001b6c                HAL_GetTick
 .text.HAL_Delay
                0x0000000008001b7a       0x18 ./Core/sys_app.o
                0x0000000008001b7a                HAL_Delay
 .text.LL_AHB2_GRP1_EnableClock
                0x0000000008001b92       0x30 ./Core/sys_debug.o
 .text.DBG_Disable
                0x0000000008001bc2       0x42 ./Core/sys_debug.o
                0x0000000008001bc2                DBG_Disable
 .text.DBG_ConfigForLpm
                0x0000000008001c04       0x3a ./Core/sys_debug.o
                0x0000000008001c04                DBG_ConfigForLpm
 .text.DBG_ProbesInit
                0x0000000008001c3e        0xc ./Core/sys_debug.o
                0x0000000008001c3e                DBG_ProbesInit
 .text._getpid  0x0000000008001c4a        0xe ./Core/syscalls.o
                0x0000000008001c4a                _getpid
 .text._kill    0x0000000008001c58       0x20 ./Core/syscalls.o
                0x0000000008001c58                _kill
 .text._exit    0x0000000008001c78       0x14 ./Core/syscalls.o
                0x0000000008001c78                _exit
 .text._read    0x0000000008001c8c       0x3a ./Core/syscalls.o
                0x0000000008001c8c                _read
 .text._write   0x0000000008001cc6       0x38 ./Core/syscalls.o
                0x0000000008001cc6                _write
 .text._close   0x0000000008001cfe       0x16 ./Core/syscalls.o
                0x0000000008001cfe                _close
 .text._fstat   0x0000000008001d14       0x1e ./Core/syscalls.o
                0x0000000008001d14                _fstat
 .text._isatty  0x0000000008001d32       0x14 ./Core/syscalls.o
                0x0000000008001d32                _isatty
 .text._lseek   0x0000000008001d46       0x18 ./Core/syscalls.o
                0x0000000008001d46                _lseek
 *fill*         0x0000000008001d5e        0x2 
 .text._sbrk    0x0000000008001d60       0x6c ./Core/sysmem.o
                0x0000000008001d60                _sbrk
 .text.SystemInit
                0x0000000008001dcc        0xc ./Core/system_stm32wlxx.o
                0x0000000008001dcc                SystemInit
 .text.LL_RTC_TIME_GetSubSecond
                0x0000000008001dd8       0x16 ./Core/timer_if.o
 *fill*         0x0000000008001dee        0x2 
 .text.TIMER_IF_Init
                0x0000000008001df0       0x64 ./Core/timer_if.o
                0x0000000008001df0                TIMER_IF_Init
 .text.TIMER_IF_StartTimer
                0x0000000008001e54       0x70 ./Core/timer_if.o
                0x0000000008001e54                TIMER_IF_StartTimer
 .text.TIMER_IF_StopTimer
                0x0000000008001ec4       0x34 ./Core/timer_if.o
                0x0000000008001ec4                TIMER_IF_StopTimer
 .text.TIMER_IF_SetTimerContext
                0x0000000008001ef8       0x1c ./Core/timer_if.o
                0x0000000008001ef8                TIMER_IF_SetTimerContext
 .text.TIMER_IF_GetTimerContext
                0x0000000008001f14       0x14 ./Core/timer_if.o
                0x0000000008001f14                TIMER_IF_GetTimerContext
 .text.TIMER_IF_GetTimerElapsedTime
                0x0000000008001f28       0x28 ./Core/timer_if.o
                0x0000000008001f28                TIMER_IF_GetTimerElapsedTime
 .text.TIMER_IF_GetTimerValue
                0x0000000008001f50       0x28 ./Core/timer_if.o
                0x0000000008001f50                TIMER_IF_GetTimerValue
 .text.TIMER_IF_GetMinimumTimeout
                0x0000000008001f78       0x1a ./Core/timer_if.o
                0x0000000008001f78                TIMER_IF_GetMinimumTimeout
 .text.TIMER_IF_Convert_ms2Tick
                0x0000000008001f92       0x3a ./Core/timer_if.o
                0x0000000008001f92                TIMER_IF_Convert_ms2Tick
 .text.TIMER_IF_Convert_Tick2ms
                0x0000000008001fcc       0x92 ./Core/timer_if.o
                0x0000000008001fcc                TIMER_IF_Convert_Tick2ms
 .text.TIMER_IF_DelayMs
                0x000000000800205e       0x34 ./Core/timer_if.o
                0x000000000800205e                TIMER_IF_DelayMs
 .text.HAL_RTC_AlarmAEventCallback
                0x0000000008002092       0x14 ./Core/timer_if.o
                0x0000000008002092                HAL_RTC_AlarmAEventCallback
 .text.HAL_RTCEx_SSRUEventCallback
                0x00000000080020a6       0x20 ./Core/timer_if.o
                0x00000000080020a6                HAL_RTCEx_SSRUEventCallback
 .text.TIMER_IF_GetTime
                0x00000000080020c6       0x8e ./Core/timer_if.o
                0x00000000080020c6                TIMER_IF_GetTime
 .text.TIMER_IF_BkUp_Write_Seconds
                0x0000000008002154       0x20 ./Core/timer_if.o
                0x0000000008002154                TIMER_IF_BkUp_Write_Seconds
 .text.TIMER_IF_BkUp_Write_SubSeconds
                0x0000000008002174       0x20 ./Core/timer_if.o
                0x0000000008002174                TIMER_IF_BkUp_Write_SubSeconds
 .text.TIMER_IF_BkUp_Read_Seconds
                0x0000000008002194       0x24 ./Core/timer_if.o
                0x0000000008002194                TIMER_IF_BkUp_Read_Seconds
 .text.TIMER_IF_BkUp_Read_SubSeconds
                0x00000000080021b8       0x24 ./Core/timer_if.o
                0x00000000080021b8                TIMER_IF_BkUp_Read_SubSeconds
 .text.TIMER_IF_BkUp_Write_MSBticks
                0x00000000080021dc       0x20 ./Core/timer_if.o
 .text.TIMER_IF_BkUp_Read_MSBticks
                0x00000000080021fc       0x20 ./Core/timer_if.o
 .text.GetTimerTicks
                0x000000000800221c       0x18 ./Core/timer_if.o
 .text.LL_AHB2_GRP1_EnableClock
                0x0000000008002234       0x30 ./Drivers/Hardware/board_resources.o
 .text.SYS_LED_Init
                0x0000000008002264       0x74 ./Drivers/Hardware/board_resources.o
                0x0000000008002264                SYS_LED_Init
 .text.SYS_LED_On
                0x00000000080022d8       0x34 ./Drivers/Hardware/board_resources.o
                0x00000000080022d8                SYS_LED_On
 .text.SYS_LED_Off
                0x000000000800230c       0x34 ./Drivers/Hardware/board_resources.o
                0x000000000800230c                SYS_LED_Off
 .text.RBI_Init
                0x0000000008002340       0x16 ./Drivers/Hardware/radio_board_if.o
                0x0000000008002340                RBI_Init
 .text.RBI_ConfigRFSwitch
                0x0000000008002356       0x1a ./Drivers/Hardware/radio_board_if.o
                0x0000000008002356                RBI_ConfigRFSwitch
 .text.RBI_GetTxConfig
                0x0000000008002370       0x16 ./Drivers/Hardware/radio_board_if.o
                0x0000000008002370                RBI_GetTxConfig
 .text.RBI_IsTCXO
                0x0000000008002386       0x16 ./Drivers/Hardware/radio_board_if.o
                0x0000000008002386                RBI_IsTCXO
 .text.RBI_IsDCDC
                0x000000000800239c       0x16 ./Drivers/Hardware/radio_board_if.o
                0x000000000800239c                RBI_IsDCDC
 *fill*         0x00000000080023b2        0x2 
 .text.LL_DBGMCU_EnableDBGSleepMode
                0x00000000080023b4       0x1c ./Drivers/STM32WLxx_HAL_Driver/Src/stm32wlxx_hal.o
 .text.LL_DBGMCU_DisableDBGSleepMode
                0x00000000080023d0       0x1c ./Drivers/STM32WLxx_HAL_Driver/Src/stm32wlxx_hal.o
 .text.LL_DBGMCU_EnableDBGStopMode
                0x00000000080023ec       0x1c ./Drivers/STM32WLxx_HAL_Driver/Src/stm32wlxx_hal.o
 .text.LL_DBGMCU_DisableDBGStopMode
                0x0000000008002408       0x1c ./Drivers/STM32WLxx_HAL_Driver/Src/stm32wlxx_hal.o
 .text.LL_DBGMCU_EnableDBGStandbyMode
                0x0000000008002424       0x1c ./Drivers/STM32WLxx_HAL_Driver/Src/stm32wlxx_hal.o
 .text.LL_DBGMCU_DisableDBGStandbyMode
                0x0000000008002440       0x1c ./Drivers/STM32WLxx_HAL_Driver/Src/stm32wlxx_hal.o
 .text.HAL_Init
                0x000000000800245c       0x40 ./Drivers/STM32WLxx_HAL_Driver/Src/stm32wlxx_hal.o
                0x000000000800245c                HAL_Init
 .text.HAL_IncTick
                0x000000000800249c       0x24 ./Drivers/STM32WLxx_HAL_Driver/Src/stm32wlxx_hal.o
                0x000000000800249c                HAL_IncTick
 .text.HAL_SuspendTick
                0x00000000080024c0       0x1c ./Drivers/STM32WLxx_HAL_Driver/Src/stm32wlxx_hal.o
                0x00000000080024c0                HAL_SuspendTick
 .text.HAL_ResumeTick
                0x00000000080024dc       0x1c ./Drivers/STM32WLxx_HAL_Driver/Src/stm32wlxx_hal.o
                0x00000000080024dc                HAL_ResumeTick
 .text.HAL_DBGMCU_EnableDBGSleepMode
                0x00000000080024f8        0xc ./Drivers/STM32WLxx_HAL_Driver/Src/stm32wlxx_hal.o
                0x00000000080024f8                HAL_DBGMCU_EnableDBGSleepMode
 .text.HAL_DBGMCU_DisableDBGSleepMode
                0x0000000008002504        0xc ./Drivers/STM32WLxx_HAL_Driver/Src/stm32wlxx_hal.o
                0x0000000008002504                HAL_DBGMCU_DisableDBGSleepMode
 .text.HAL_DBGMCU_EnableDBGStopMode
                0x0000000008002510        0xc ./Drivers/STM32WLxx_HAL_Driver/Src/stm32wlxx_hal.o
                0x0000000008002510                HAL_DBGMCU_EnableDBGStopMode
 .text.HAL_DBGMCU_DisableDBGStopMode
                0x000000000800251c        0xc ./Drivers/STM32WLxx_HAL_Driver/Src/stm32wlxx_hal.o
                0x000000000800251c                HAL_DBGMCU_DisableDBGStopMode
 .text.HAL_DBGMCU_EnableDBGStandbyMode
                0x0000000008002528        0xc ./Drivers/STM32WLxx_HAL_Driver/Src/stm32wlxx_hal.o
                0x0000000008002528                HAL_DBGMCU_EnableDBGStandbyMode
 .text.HAL_DBGMCU_DisableDBGStandbyMode
                0x0000000008002534        0xc ./Drivers/STM32WLxx_HAL_Driver/Src/stm32wlxx_hal.o
                0x0000000008002534                HAL_DBGMCU_DisableDBGStandbyMode
 .text.LL_ADC_SetCommonPathInternalCh
                0x0000000008002540       0x24 ./Drivers/STM32WLxx_HAL_Driver/Src/stm32wlxx_hal_adc.o
 .text.LL_ADC_GetCommonPathInternalCh
                0x0000000008002564       0x1a ./Drivers/STM32WLxx_HAL_Driver/Src/stm32wlxx_hal_adc.o
 .text.LL_ADC_SetSamplingTimeCommonChannels
                0x000000000800257e       0x3c ./Drivers/STM32WLxx_HAL_Driver/Src/stm32wlxx_hal_adc.o
 .text.LL_ADC_REG_IsTriggerSourceSWStart
                0x00000000080025ba       0x24 ./Drivers/STM32WLxx_HAL_Driver/Src/stm32wlxx_hal_adc.o
 .text.LL_ADC_REG_SetSequencerRanks
                0x00000000080025de       0x42 ./Drivers/STM32WLxx_HAL_Driver/Src/stm32wlxx_hal_adc.o
 .text.LL_ADC_REG_SetSequencerChAdd
                0x0000000008002620       0x24 ./Drivers/STM32WLxx_HAL_Driver/Src/stm32wlxx_hal_adc.o
 .text.LL_ADC_REG_SetSequencerChRem
                0x0000000008002644       0x26 ./Drivers/STM32WLxx_HAL_Driver/Src/stm32wlxx_hal_adc.o
 .text.LL_ADC_SetChannelSamplingTime
                0x000000000800266a       0x38 ./Drivers/STM32WLxx_HAL_Driver/Src/stm32wlxx_hal_adc.o
 .text.LL_ADC_EnableInternalRegulator
                0x00000000080026a2       0x26 ./Drivers/STM32WLxx_HAL_Driver/Src/stm32wlxx_hal_adc.o
 .text.LL_ADC_DisableInternalRegulator
                0x00000000080026c8       0x22 ./Drivers/STM32WLxx_HAL_Driver/Src/stm32wlxx_hal_adc.o
 .text.LL_ADC_IsInternalRegulatorEnabled
                0x00000000080026ea       0x26 ./Drivers/STM32WLxx_HAL_Driver/Src/stm32wlxx_hal_adc.o
 .text.LL_ADC_Enable
                0x0000000008002710       0x26 ./Drivers/STM32WLxx_HAL_Driver/Src/stm32wlxx_hal_adc.o
 .text.LL_ADC_Disable
                0x0000000008002736       0x26 ./Drivers/STM32WLxx_HAL_Driver/Src/stm32wlxx_hal_adc.o
 .text.LL_ADC_IsEnabled
                0x000000000800275c       0x24 ./Drivers/STM32WLxx_HAL_Driver/Src/stm32wlxx_hal_adc.o
 .text.LL_ADC_IsDisableOngoing
                0x0000000008002780       0x24 ./Drivers/STM32WLxx_HAL_Driver/Src/stm32wlxx_hal_adc.o
 .text.LL_ADC_REG_StartConversion
                0x00000000080027a4       0x26 ./Drivers/STM32WLxx_HAL_Driver/Src/stm32wlxx_hal_adc.o
 .text.LL_ADC_REG_StopConversion
                0x00000000080027ca       0x26 ./Drivers/STM32WLxx_HAL_Driver/Src/stm32wlxx_hal_adc.o
 .text.LL_ADC_REG_IsConversionOngoing
                0x00000000080027f0       0x24 ./Drivers/STM32WLxx_HAL_Driver/Src/stm32wlxx_hal_adc.o
 .text.HAL_ADC_Init
                0x0000000008002814      0x38c ./Drivers/STM32WLxx_HAL_Driver/Src/stm32wlxx_hal_adc.o
                0x0000000008002814                HAL_ADC_Init
 .text.HAL_ADC_DeInit
                0x0000000008002ba0       0xf8 ./Drivers/STM32WLxx_HAL_Driver/Src/stm32wlxx_hal_adc.o
                0x0000000008002ba0                HAL_ADC_DeInit
 .text.HAL_ADC_Start
                0x0000000008002c98       0x8c ./Drivers/STM32WLxx_HAL_Driver/Src/stm32wlxx_hal_adc.o
                0x0000000008002c98                HAL_ADC_Start
 .text.HAL_ADC_Stop
                0x0000000008002d24       0x64 ./Drivers/STM32WLxx_HAL_Driver/Src/stm32wlxx_hal_adc.o
                0x0000000008002d24                HAL_ADC_Stop
 .text.HAL_ADC_PollForConversion
                0x0000000008002d88      0x12e ./Drivers/STM32WLxx_HAL_Driver/Src/stm32wlxx_hal_adc.o
                0x0000000008002d88                HAL_ADC_PollForConversion
 .text.HAL_ADC_GetValue
                0x0000000008002eb6       0x18 ./Drivers/STM32WLxx_HAL_Driver/Src/stm32wlxx_hal_adc.o
                0x0000000008002eb6                HAL_ADC_GetValue
 *fill*         0x0000000008002ece        0x2 
 .text.HAL_ADC_ConfigChannel
                0x0000000008002ed0      0x270 ./Drivers/STM32WLxx_HAL_Driver/Src/stm32wlxx_hal_adc.o
                0x0000000008002ed0                HAL_ADC_ConfigChannel
 .text.ADC_ConversionStop
                0x0000000008003140       0x8a ./Drivers/STM32WLxx_HAL_Driver/Src/stm32wlxx_hal_adc.o
                0x0000000008003140                ADC_ConversionStop
 *fill*         0x00000000080031ca        0x2 
 .text.ADC_Enable
                0x00000000080031cc      0x10c ./Drivers/STM32WLxx_HAL_Driver/Src/stm32wlxx_hal_adc.o
                0x00000000080031cc                ADC_Enable
 .text.ADC_Disable
                0x00000000080032d8       0xbe ./Drivers/STM32WLxx_HAL_Driver/Src/stm32wlxx_hal_adc.o
                0x00000000080032d8                ADC_Disable
 .text.LL_ADC_IsEnabled
                0x0000000008003396       0x24 ./Drivers/STM32WLxx_HAL_Driver/Src/stm32wlxx_hal_adc_ex.o
 .text.LL_ADC_IsCalibrationOnGoing
                0x00000000080033ba       0x26 ./Drivers/STM32WLxx_HAL_Driver/Src/stm32wlxx_hal_adc_ex.o
 .text.HAL_ADCEx_Calibration_Start
                0x00000000080033e0       0xf4 ./Drivers/STM32WLxx_HAL_Driver/Src/stm32wlxx_hal_adc_ex.o
                0x00000000080033e0                HAL_ADCEx_Calibration_Start
 .text.__NVIC_SetPriorityGrouping
                0x00000000080034d4       0x48 ./Drivers/STM32WLxx_HAL_Driver/Src/stm32wlxx_hal_cortex.o
 .text.__NVIC_GetPriorityGrouping
                0x000000000800351c       0x1c ./Drivers/STM32WLxx_HAL_Driver/Src/stm32wlxx_hal_cortex.o
 .text.__NVIC_EnableIRQ
                0x0000000008003538       0x38 ./Drivers/STM32WLxx_HAL_Driver/Src/stm32wlxx_hal_cortex.o
 .text.__NVIC_DisableIRQ
                0x0000000008003570       0x48 ./Drivers/STM32WLxx_HAL_Driver/Src/stm32wlxx_hal_cortex.o
 .text.__NVIC_SetPriority
                0x00000000080035b8       0x54 ./Drivers/STM32WLxx_HAL_Driver/Src/stm32wlxx_hal_cortex.o
 .text.NVIC_EncodePriority
                0x000000000800360c       0x64 ./Drivers/STM32WLxx_HAL_Driver/Src/stm32wlxx_hal_cortex.o
 .text.HAL_NVIC_SetPriorityGrouping
                0x0000000008003670       0x16 ./Drivers/STM32WLxx_HAL_Driver/Src/stm32wlxx_hal_cortex.o
                0x0000000008003670                HAL_NVIC_SetPriorityGrouping
 .text.HAL_NVIC_SetPriority
                0x0000000008003686       0x34 ./Drivers/STM32WLxx_HAL_Driver/Src/stm32wlxx_hal_cortex.o
                0x0000000008003686                HAL_NVIC_SetPriority
 .text.HAL_NVIC_EnableIRQ
                0x00000000080036ba       0x1c ./Drivers/STM32WLxx_HAL_Driver/Src/stm32wlxx_hal_cortex.o
                0x00000000080036ba                HAL_NVIC_EnableIRQ
 .text.HAL_NVIC_DisableIRQ
                0x00000000080036d6       0x1c ./Drivers/STM32WLxx_HAL_Driver/Src/stm32wlxx_hal_cortex.o
                0x00000000080036d6                HAL_NVIC_DisableIRQ
 *fill*         0x00000000080036f2        0x2 
 .text.HAL_DMA_Init
                0x00000000080036f4      0x150 ./Drivers/STM32WLxx_HAL_Driver/Src/stm32wlxx_hal_dma.o
                0x00000000080036f4                HAL_DMA_Init
 .text.HAL_DMA_DeInit
                0x0000000008003844      0x12c ./Drivers/STM32WLxx_HAL_Driver/Src/stm32wlxx_hal_dma.o
                0x0000000008003844                HAL_DMA_DeInit
 .text.HAL_DMA_Start_IT
                0x0000000008003970       0xfc ./Drivers/STM32WLxx_HAL_Driver/Src/stm32wlxx_hal_dma.o
                0x0000000008003970                HAL_DMA_Start_IT
 .text.HAL_DMA_Abort
                0x0000000008003a6c       0xbc ./Drivers/STM32WLxx_HAL_Driver/Src/stm32wlxx_hal_dma.o
                0x0000000008003a6c                HAL_DMA_Abort
 .text.HAL_DMA_Abort_IT
                0x0000000008003b28       0xbe ./Drivers/STM32WLxx_HAL_Driver/Src/stm32wlxx_hal_dma.o
                0x0000000008003b28                HAL_DMA_Abort_IT
 *fill*         0x0000000008003be6        0x2 
 .text.HAL_DMA_IRQHandler
                0x0000000008003be8      0x18c ./Drivers/STM32WLxx_HAL_Driver/Src/stm32wlxx_hal_dma.o
                0x0000000008003be8                HAL_DMA_IRQHandler
 .text.HAL_DMA_ConfigChannelAttributes
                0x0000000008003d74       0x5e ./Drivers/STM32WLxx_HAL_Driver/Src/stm32wlxx_hal_dma.o
                0x0000000008003d74                HAL_DMA_ConfigChannelAttributes
 .text.DMA_SetConfig
                0x0000000008003dd2       0x7a ./Drivers/STM32WLxx_HAL_Driver/Src/stm32wlxx_hal_dma.o
 .text.DMA_CalcDMAMUXChannelBaseAndMask
                0x0000000008003e4c       0x90 ./Drivers/STM32WLxx_HAL_Driver/Src/stm32wlxx_hal_dma.o
 .text.DMA_CalcDMAMUXRequestGenBaseAndMask
                0x0000000008003edc       0x48 ./Drivers/STM32WLxx_HAL_Driver/Src/stm32wlxx_hal_dma.o
 .text.HAL_GPIO_Init
                0x0000000008003f24      0x2c0 ./Drivers/STM32WLxx_HAL_Driver/Src/stm32wlxx_hal_gpio.o
                0x0000000008003f24                HAL_GPIO_Init
 .text.HAL_GPIO_DeInit
                0x00000000080041e4      0x19c ./Drivers/STM32WLxx_HAL_Driver/Src/stm32wlxx_hal_gpio.o
                0x00000000080041e4                HAL_GPIO_DeInit
 .text.HAL_GPIO_WritePin
                0x0000000008004380       0x2e ./Drivers/STM32WLxx_HAL_Driver/Src/stm32wlxx_hal_gpio.o
                0x0000000008004380                HAL_GPIO_WritePin
 *fill*         0x00000000080043ae        0x2 
 .text.HAL_PWR_EnableBkUpAccess
                0x00000000080043b0       0x1c ./Drivers/STM32WLxx_HAL_Driver/Src/stm32wlxx_hal_pwr.o
                0x00000000080043b0                HAL_PWR_EnableBkUpAccess
 .text.HAL_PWR_EnterSLEEPMode
                0x00000000080043cc       0x68 ./Drivers/STM32WLxx_HAL_Driver/Src/stm32wlxx_hal_pwr.o
                0x00000000080043cc                HAL_PWR_EnterSLEEPMode
 .text.HAL_PWREx_GetVoltageRange
                0x0000000008004434       0x18 ./Drivers/STM32WLxx_HAL_Driver/Src/stm32wlxx_hal_pwr_ex.o
                0x0000000008004434                HAL_PWREx_GetVoltageRange
 .text.HAL_PWREx_EnableLowPowerRunMode
                0x000000000800444c       0x1c ./Drivers/STM32WLxx_HAL_Driver/Src/stm32wlxx_hal_pwr_ex.o
                0x000000000800444c                HAL_PWREx_EnableLowPowerRunMode
 .text.HAL_PWREx_DisableLowPowerRunMode
                0x0000000008004468       0x6c ./Drivers/STM32WLxx_HAL_Driver/Src/stm32wlxx_hal_pwr_ex.o
                0x0000000008004468                HAL_PWREx_DisableLowPowerRunMode
 .text.HAL_PWREx_EnterSTOP2Mode
                0x00000000080044d4       0x54 ./Drivers/STM32WLxx_HAL_Driver/Src/stm32wlxx_hal_pwr_ex.o
                0x00000000080044d4                HAL_PWREx_EnterSTOP2Mode
 .text.LL_PWR_IsEnabledBkUpAccess
                0x0000000008004528       0x24 ./Drivers/STM32WLxx_HAL_Driver/Src/stm32wlxx_hal_rcc.o
 .text.LL_RCC_HSE_EnableTcxo
                0x000000000800454c       0x1c ./Drivers/STM32WLxx_HAL_Driver/Src/stm32wlxx_hal_rcc.o
 .text.LL_RCC_HSE_DisableTcxo
                0x0000000008004568       0x1c ./Drivers/STM32WLxx_HAL_Driver/Src/stm32wlxx_hal_rcc.o
 .text.LL_RCC_HSE_IsEnabledDiv2
                0x0000000008004584       0x22 ./Drivers/STM32WLxx_HAL_Driver/Src/stm32wlxx_hal_rcc.o
 .text.LL_RCC_HSE_Enable
                0x00000000080045a6       0x1c ./Drivers/STM32WLxx_HAL_Driver/Src/stm32wlxx_hal_rcc.o
 .text.LL_RCC_HSE_Disable
                0x00000000080045c2       0x1c ./Drivers/STM32WLxx_HAL_Driver/Src/stm32wlxx_hal_rcc.o
 .text.LL_RCC_HSE_IsReady
                0x00000000080045de       0x22 ./Drivers/STM32WLxx_HAL_Driver/Src/stm32wlxx_hal_rcc.o
 .text.LL_RCC_HSI_Enable
                0x0000000008004600       0x1c ./Drivers/STM32WLxx_HAL_Driver/Src/stm32wlxx_hal_rcc.o
 .text.LL_RCC_HSI_Disable
                0x000000000800461c       0x1c ./Drivers/STM32WLxx_HAL_Driver/Src/stm32wlxx_hal_rcc.o
 .text.LL_RCC_HSI_IsReady
                0x0000000008004638       0x22 ./Drivers/STM32WLxx_HAL_Driver/Src/stm32wlxx_hal_rcc.o
 .text.LL_RCC_HSI_SetCalibTrimming
                0x000000000800465a       0x28 ./Drivers/STM32WLxx_HAL_Driver/Src/stm32wlxx_hal_rcc.o
 .text.LL_RCC_LSE_IsReady
                0x0000000008004682       0x22 ./Drivers/STM32WLxx_HAL_Driver/Src/stm32wlxx_hal_rcc.o
 .text.LL_RCC_LSI_Enable
                0x00000000080046a4       0x20 ./Drivers/STM32WLxx_HAL_Driver/Src/stm32wlxx_hal_rcc.o
 .text.LL_RCC_LSI_Disable
                0x00000000080046c4       0x20 ./Drivers/STM32WLxx_HAL_Driver/Src/stm32wlxx_hal_rcc.o
 .text.LL_RCC_LSI_IsReady
                0x00000000080046e4       0x22 ./Drivers/STM32WLxx_HAL_Driver/Src/stm32wlxx_hal_rcc.o
 .text.LL_RCC_MSI_Enable
                0x0000000008004706       0x1c ./Drivers/STM32WLxx_HAL_Driver/Src/stm32wlxx_hal_rcc.o
 .text.LL_RCC_MSI_Disable
                0x0000000008004722       0x1c ./Drivers/STM32WLxx_HAL_Driver/Src/stm32wlxx_hal_rcc.o
 .text.LL_RCC_MSI_IsReady
                0x000000000800473e       0x20 ./Drivers/STM32WLxx_HAL_Driver/Src/stm32wlxx_hal_rcc.o
 .text.LL_RCC_MSI_IsEnabledRangeSelect
                0x000000000800475e       0x20 ./Drivers/STM32WLxx_HAL_Driver/Src/stm32wlxx_hal_rcc.o
 .text.LL_RCC_MSI_GetRange
                0x000000000800477e       0x16 ./Drivers/STM32WLxx_HAL_Driver/Src/stm32wlxx_hal_rcc.o
 .text.LL_RCC_MSI_GetRangeAfterStandby
                0x0000000008004794       0x18 ./Drivers/STM32WLxx_HAL_Driver/Src/stm32wlxx_hal_rcc.o
 .text.LL_RCC_MSI_SetCalibTrimming
                0x00000000080047ac       0x28 ./Drivers/STM32WLxx_HAL_Driver/Src/stm32wlxx_hal_rcc.o
 .text.LL_RCC_SetSysClkSource
                0x00000000080047d4       0x26 ./Drivers/STM32WLxx_HAL_Driver/Src/stm32wlxx_hal_rcc.o
 .text.LL_RCC_GetSysClkSource
                0x00000000080047fa       0x16 ./Drivers/STM32WLxx_HAL_Driver/Src/stm32wlxx_hal_rcc.o
 .text.LL_RCC_SetAHBPrescaler
                0x0000000008004810       0x26 ./Drivers/STM32WLxx_HAL_Driver/Src/stm32wlxx_hal_rcc.o
 .text.LL_C2_RCC_SetAHBPrescaler
                0x0000000008004836       0x2a ./Drivers/STM32WLxx_HAL_Driver/Src/stm32wlxx_hal_rcc.o
 .text.LL_RCC_SetAHB3Prescaler
                0x0000000008004860       0x2c ./Drivers/STM32WLxx_HAL_Driver/Src/stm32wlxx_hal_rcc.o
 .text.LL_RCC_SetAPB1Prescaler
                0x000000000800488c       0x26 ./Drivers/STM32WLxx_HAL_Driver/Src/stm32wlxx_hal_rcc.o
 .text.LL_RCC_SetAPB2Prescaler
                0x00000000080048b2       0x26 ./Drivers/STM32WLxx_HAL_Driver/Src/stm32wlxx_hal_rcc.o
 .text.LL_RCC_GetAHBPrescaler
                0x00000000080048d8       0x16 ./Drivers/STM32WLxx_HAL_Driver/Src/stm32wlxx_hal_rcc.o
 .text.LL_RCC_GetAHB3Prescaler
                0x00000000080048ee       0x1a ./Drivers/STM32WLxx_HAL_Driver/Src/stm32wlxx_hal_rcc.o
 .text.LL_RCC_GetAPB1Prescaler
                0x0000000008004908       0x16 ./Drivers/STM32WLxx_HAL_Driver/Src/stm32wlxx_hal_rcc.o
 .text.LL_RCC_GetAPB2Prescaler
                0x000000000800491e       0x16 ./Drivers/STM32WLxx_HAL_Driver/Src/stm32wlxx_hal_rcc.o
 .text.LL_RCC_PLL_Enable
                0x0000000008004934       0x1c ./Drivers/STM32WLxx_HAL_Driver/Src/stm32wlxx_hal_rcc.o
 .text.LL_RCC_PLL_Disable
                0x0000000008004950       0x1c ./Drivers/STM32WLxx_HAL_Driver/Src/stm32wlxx_hal_rcc.o
 .text.LL_RCC_PLL_IsReady
                0x000000000800496c       0x22 ./Drivers/STM32WLxx_HAL_Driver/Src/stm32wlxx_hal_rcc.o
 .text.LL_RCC_PLL_GetN
                0x000000000800498e       0x18 ./Drivers/STM32WLxx_HAL_Driver/Src/stm32wlxx_hal_rcc.o
 .text.LL_RCC_PLL_GetR
                0x00000000080049a6       0x16 ./Drivers/STM32WLxx_HAL_Driver/Src/stm32wlxx_hal_rcc.o
 .text.LL_RCC_PLL_GetDivider
                0x00000000080049bc       0x16 ./Drivers/STM32WLxx_HAL_Driver/Src/stm32wlxx_hal_rcc.o
 .text.LL_RCC_PLL_GetMainSource
                0x00000000080049d2       0x16 ./Drivers/STM32WLxx_HAL_Driver/Src/stm32wlxx_hal_rcc.o
 .text.LL_RCC_IsActiveFlag_HPRE
                0x00000000080049e8       0x22 ./Drivers/STM32WLxx_HAL_Driver/Src/stm32wlxx_hal_rcc.o
 .text.LL_RCC_IsActiveFlag_C2HPRE
                0x0000000008004a0a       0x24 ./Drivers/STM32WLxx_HAL_Driver/Src/stm32wlxx_hal_rcc.o
 .text.LL_RCC_IsActiveFlag_SHDHPRE
                0x0000000008004a2e       0x24 ./Drivers/STM32WLxx_HAL_Driver/Src/stm32wlxx_hal_rcc.o
 .text.LL_RCC_IsActiveFlag_PPRE1
                0x0000000008004a52       0x22 ./Drivers/STM32WLxx_HAL_Driver/Src/stm32wlxx_hal_rcc.o
 .text.LL_RCC_IsActiveFlag_PPRE2
                0x0000000008004a74       0x22 ./Drivers/STM32WLxx_HAL_Driver/Src/stm32wlxx_hal_rcc.o
 *fill*         0x0000000008004a96        0x2 
 .text.HAL_RCC_OscConfig
                0x0000000008004a98      0x738 ./Drivers/STM32WLxx_HAL_Driver/Src/stm32wlxx_hal_rcc.o
                0x0000000008004a98                HAL_RCC_OscConfig
 .text.HAL_RCC_ClockConfig
                0x00000000080051d0      0x284 ./Drivers/STM32WLxx_HAL_Driver/Src/stm32wlxx_hal_rcc.o
                0x00000000080051d0                HAL_RCC_ClockConfig
 .text.HAL_RCC_GetSysClockFreq
                0x0000000008005454      0x140 ./Drivers/STM32WLxx_HAL_Driver/Src/stm32wlxx_hal_rcc.o
                0x0000000008005454                HAL_RCC_GetSysClockFreq
 .text.HAL_RCC_GetHCLKFreq
                0x0000000008005594       0x28 ./Drivers/STM32WLxx_HAL_Driver/Src/stm32wlxx_hal_rcc.o
                0x0000000008005594                HAL_RCC_GetHCLKFreq
 .text.HAL_RCC_GetPCLK1Freq
                0x00000000080055bc       0x24 ./Drivers/STM32WLxx_HAL_Driver/Src/stm32wlxx_hal_rcc.o
                0x00000000080055bc                HAL_RCC_GetPCLK1Freq
 .text.HAL_RCC_GetPCLK2Freq
                0x00000000080055e0       0x24 ./Drivers/STM32WLxx_HAL_Driver/Src/stm32wlxx_hal_rcc.o
                0x00000000080055e0                HAL_RCC_GetPCLK2Freq
 .text.RCC_SetFlashLatencyFromMSIRange
                0x0000000008005604       0x60 ./Drivers/STM32WLxx_HAL_Driver/Src/stm32wlxx_hal_rcc.o
 .text.RCC_SetFlashLatency
                0x0000000008005664      0x104 ./Drivers/STM32WLxx_HAL_Driver/Src/stm32wlxx_hal_rcc.o
 .text.LL_RCC_LSE_IsReady
                0x0000000008005768       0x22 ./Drivers/STM32WLxx_HAL_Driver/Src/stm32wlxx_hal_rcc_ex.o
 .text.LL_RCC_SetUSARTClockSource
                0x000000000800578a       0x30 ./Drivers/STM32WLxx_HAL_Driver/Src/stm32wlxx_hal_rcc_ex.o
 .text.LL_RCC_SetI2SClockSource
                0x00000000080057ba       0x2a ./Drivers/STM32WLxx_HAL_Driver/Src/stm32wlxx_hal_rcc_ex.o
 .text.LL_RCC_SetLPUARTClockSource
                0x00000000080057e4       0x2a ./Drivers/STM32WLxx_HAL_Driver/Src/stm32wlxx_hal_rcc_ex.o
 .text.LL_RCC_SetI2CClockSource
                0x000000000800580e       0x38 ./Drivers/STM32WLxx_HAL_Driver/Src/stm32wlxx_hal_rcc_ex.o
 .text.LL_RCC_SetLPTIMClockSource
                0x0000000008005846       0x32 ./Drivers/STM32WLxx_HAL_Driver/Src/stm32wlxx_hal_rcc_ex.o
 .text.LL_RCC_SetRNGClockSource
                0x0000000008005878       0x2a ./Drivers/STM32WLxx_HAL_Driver/Src/stm32wlxx_hal_rcc_ex.o
 .text.LL_RCC_SetADCClockSource
                0x00000000080058a2       0x2a ./Drivers/STM32WLxx_HAL_Driver/Src/stm32wlxx_hal_rcc_ex.o
 .text.LL_RCC_SetRTCClockSource
                0x00000000080058cc       0x2a ./Drivers/STM32WLxx_HAL_Driver/Src/stm32wlxx_hal_rcc_ex.o
 .text.LL_RCC_GetRTCClockSource
                0x00000000080058f6       0x18 ./Drivers/STM32WLxx_HAL_Driver/Src/stm32wlxx_hal_rcc_ex.o
 .text.LL_RCC_ForceBackupDomainReset
                0x000000000800590e       0x20 ./Drivers/STM32WLxx_HAL_Driver/Src/stm32wlxx_hal_rcc_ex.o
 .text.LL_RCC_ReleaseBackupDomainReset
                0x000000000800592e       0x20 ./Drivers/STM32WLxx_HAL_Driver/Src/stm32wlxx_hal_rcc_ex.o
 *fill*         0x000000000800594e        0x2 
 .text.HAL_RCCEx_PeriphCLKConfig
                0x0000000008005950      0x234 ./Drivers/STM32WLxx_HAL_Driver/Src/stm32wlxx_hal_rcc_ex.o
                0x0000000008005950                HAL_RCCEx_PeriphCLKConfig
 .text.HAL_RTC_Init
                0x0000000008005b84       0xf4 ./Drivers/STM32WLxx_HAL_Driver/Src/stm32wlxx_hal_rtc.o
                0x0000000008005b84                HAL_RTC_Init
 .text.HAL_RTC_SetAlarm_IT
                0x0000000008005c78      0x218 ./Drivers/STM32WLxx_HAL_Driver/Src/stm32wlxx_hal_rtc.o
                0x0000000008005c78                HAL_RTC_SetAlarm_IT
 .text.HAL_RTC_DeactivateAlarm
                0x0000000008005e90       0xb8 ./Drivers/STM32WLxx_HAL_Driver/Src/stm32wlxx_hal_rtc.o
                0x0000000008005e90                HAL_RTC_DeactivateAlarm
 .text.HAL_RTC_AlarmIRQHandler
                0x0000000008005f48       0x54 ./Drivers/STM32WLxx_HAL_Driver/Src/stm32wlxx_hal_rtc.o
                0x0000000008005f48                HAL_RTC_AlarmIRQHandler
 .text.HAL_RTC_WaitForSynchro
                0x0000000008005f9c       0x4c ./Drivers/STM32WLxx_HAL_Driver/Src/stm32wlxx_hal_rtc.o
                0x0000000008005f9c                HAL_RTC_WaitForSynchro
 .text.RTC_EnterInitMode
                0x0000000008005fe8       0x68 ./Drivers/STM32WLxx_HAL_Driver/Src/stm32wlxx_hal_rtc.o
                0x0000000008005fe8                RTC_EnterInitMode
 .text.RTC_ExitInitMode
                0x0000000008006050       0x7c ./Drivers/STM32WLxx_HAL_Driver/Src/stm32wlxx_hal_rtc.o
                0x0000000008006050                RTC_ExitInitMode
 .text.RTC_ByteToBcd2
                0x00000000080060cc       0x3e ./Drivers/STM32WLxx_HAL_Driver/Src/stm32wlxx_hal_rtc.o
                0x00000000080060cc                RTC_ByteToBcd2
 *fill*         0x000000000800610a        0x2 
 .text.HAL_RTCEx_EnableBypassShadow
                0x000000000800610c       0x64 ./Drivers/STM32WLxx_HAL_Driver/Src/stm32wlxx_hal_rtc_ex.o
                0x000000000800610c                HAL_RTCEx_EnableBypassShadow
 .text.HAL_RTCEx_SetSSRU_IT
                0x0000000008006170       0x78 ./Drivers/STM32WLxx_HAL_Driver/Src/stm32wlxx_hal_rtc_ex.o
                0x0000000008006170                HAL_RTCEx_SetSSRU_IT
 .text.HAL_RTCEx_SSRUIRQHandler
                0x00000000080061e8       0x34 ./Drivers/STM32WLxx_HAL_Driver/Src/stm32wlxx_hal_rtc_ex.o
                0x00000000080061e8                HAL_RTCEx_SSRUIRQHandler
 .text.HAL_RTCEx_AlarmBEventCallback
                0x000000000800621c       0x12 ./Drivers/STM32WLxx_HAL_Driver/Src/stm32wlxx_hal_rtc_ex.o
                0x000000000800621c                HAL_RTCEx_AlarmBEventCallback
 *fill*         0x000000000800622e        0x2 
 .text.HAL_RTCEx_BKUPWrite
                0x0000000008006230       0x30 ./Drivers/STM32WLxx_HAL_Driver/Src/stm32wlxx_hal_rtc_ex.o
                0x0000000008006230                HAL_RTCEx_BKUPWrite
 .text.HAL_RTCEx_BKUPRead
                0x0000000008006260       0x2c ./Drivers/STM32WLxx_HAL_Driver/Src/stm32wlxx_hal_rtc_ex.o
                0x0000000008006260                HAL_RTCEx_BKUPRead
 .text.LL_PWR_SetRadioBusyTrigger
                0x000000000800628c       0x28 ./Drivers/STM32WLxx_HAL_Driver/Src/stm32wlxx_hal_subghz.o
 .text.LL_PWR_UnselectSUBGHZSPI_NSS
                0x00000000080062b4       0x20 ./Drivers/STM32WLxx_HAL_Driver/Src/stm32wlxx_hal_subghz.o
 .text.LL_PWR_SelectSUBGHZSPI_NSS
                0x00000000080062d4       0x20 ./Drivers/STM32WLxx_HAL_Driver/Src/stm32wlxx_hal_subghz.o
 .text.LL_PWR_ClearFlag_RFBUSY
                0x00000000080062f4       0x18 ./Drivers/STM32WLxx_HAL_Driver/Src/stm32wlxx_hal_subghz.o
 .text.LL_PWR_IsActiveFlag_RFBUSYS
                0x000000000800630c       0x24 ./Drivers/STM32WLxx_HAL_Driver/Src/stm32wlxx_hal_subghz.o
 .text.LL_PWR_IsActiveFlag_RFBUSYMS
                0x0000000008006330       0x24 ./Drivers/STM32WLxx_HAL_Driver/Src/stm32wlxx_hal_subghz.o
 .text.LL_RCC_RF_DisableReset
                0x0000000008006354       0x20 ./Drivers/STM32WLxx_HAL_Driver/Src/stm32wlxx_hal_subghz.o
 .text.LL_RCC_IsRFUnderReset
                0x0000000008006374       0x24 ./Drivers/STM32WLxx_HAL_Driver/Src/stm32wlxx_hal_subghz.o
 .text.LL_EXTI_EnableIT_32_63
                0x0000000008006398       0x28 ./Drivers/STM32WLxx_HAL_Driver/Src/stm32wlxx_hal_subghz.o
 .text.HAL_SUBGHZ_Init
                0x00000000080063c0       0xbc ./Drivers/STM32WLxx_HAL_Driver/Src/stm32wlxx_hal_subghz.o
                0x00000000080063c0                HAL_SUBGHZ_Init
 .text.HAL_SUBGHZ_WriteRegisters
                0x000000000800647c       0xbe ./Drivers/STM32WLxx_HAL_Driver/Src/stm32wlxx_hal_subghz.o
                0x000000000800647c                HAL_SUBGHZ_WriteRegisters
 .text.HAL_SUBGHZ_ReadRegisters
                0x000000000800653a       0xc2 ./Drivers/STM32WLxx_HAL_Driver/Src/stm32wlxx_hal_subghz.o
                0x000000000800653a                HAL_SUBGHZ_ReadRegisters
 .text.HAL_SUBGHZ_ExecSetCmd
                0x00000000080065fc       0xbe ./Drivers/STM32WLxx_HAL_Driver/Src/stm32wlxx_hal_subghz.o
                0x00000000080065fc                HAL_SUBGHZ_ExecSetCmd
 .text.HAL_SUBGHZ_ExecGetCmd
                0x00000000080066ba       0xa8 ./Drivers/STM32WLxx_HAL_Driver/Src/stm32wlxx_hal_subghz.o
                0x00000000080066ba                HAL_SUBGHZ_ExecGetCmd
 .text.HAL_SUBGHZ_WriteBuffer
                0x0000000008006762       0xa6 ./Drivers/STM32WLxx_HAL_Driver/Src/stm32wlxx_hal_subghz.o
                0x0000000008006762                HAL_SUBGHZ_WriteBuffer
 .text.HAL_SUBGHZ_ReadBuffer
                0x0000000008006808       0xb0 ./Drivers/STM32WLxx_HAL_Driver/Src/stm32wlxx_hal_subghz.o
                0x0000000008006808                HAL_SUBGHZ_ReadBuffer
 .text.HAL_SUBGHZ_IRQHandler
                0x00000000080068b8       0xfc ./Drivers/STM32WLxx_HAL_Driver/Src/stm32wlxx_hal_subghz.o
                0x00000000080068b8                HAL_SUBGHZ_IRQHandler
 .text.SUBGHZSPI_Init
                0x00000000080069b4       0x40 ./Drivers/STM32WLxx_HAL_Driver/Src/stm32wlxx_hal_subghz.o
                0x00000000080069b4                SUBGHZSPI_Init
 .text.SUBGHZSPI_Transmit
                0x00000000080069f4       0xac ./Drivers/STM32WLxx_HAL_Driver/Src/stm32wlxx_hal_subghz.o
                0x00000000080069f4                SUBGHZSPI_Transmit
 .text.SUBGHZSPI_Receive
                0x0000000008006aa0       0xb0 ./Drivers/STM32WLxx_HAL_Driver/Src/stm32wlxx_hal_subghz.o
                0x0000000008006aa0                SUBGHZSPI_Receive
 .text.SUBGHZ_CheckDeviceReady
                0x0000000008006b50       0x48 ./Drivers/STM32WLxx_HAL_Driver/Src/stm32wlxx_hal_subghz.o
                0x0000000008006b50                SUBGHZ_CheckDeviceReady
 .text.SUBGHZ_WaitOnBusy
                0x0000000008006b98       0x5c ./Drivers/STM32WLxx_HAL_Driver/Src/stm32wlxx_hal_subghz.o
                0x0000000008006b98                SUBGHZ_WaitOnBusy
 .text.LL_RCC_GetUSARTClockSource
                0x0000000008006bf4       0x24 ./Drivers/STM32WLxx_HAL_Driver/Src/stm32wlxx_hal_uart.o
 .text.LL_RCC_GetLPUARTClockSource
                0x0000000008006c18       0x1e ./Drivers/STM32WLxx_HAL_Driver/Src/stm32wlxx_hal_uart.o
 .text.HAL_UART_Init
                0x0000000008006c36       0xa0 ./Drivers/STM32WLxx_HAL_Driver/Src/stm32wlxx_hal_uart.o
                0x0000000008006c36                HAL_UART_Init
 *fill*         0x0000000008006cd6        0x2 
 .text.HAL_UART_Receive_IT
                0x0000000008006cd8       0xac ./Drivers/STM32WLxx_HAL_Driver/Src/stm32wlxx_hal_uart.o
                0x0000000008006cd8                HAL_UART_Receive_IT
 .text.HAL_UART_Transmit_DMA
                0x0000000008006d84      0x124 ./Drivers/STM32WLxx_HAL_Driver/Src/stm32wlxx_hal_uart.o
                0x0000000008006d84                HAL_UART_Transmit_DMA
 .text.HAL_UART_IRQHandler
                0x0000000008006ea8      0x630 ./Drivers/STM32WLxx_HAL_Driver/Src/stm32wlxx_hal_uart.o
                0x0000000008006ea8                HAL_UART_IRQHandler
 .text.HAL_UART_TxHalfCpltCallback
                0x00000000080074d8       0x12 ./Drivers/STM32WLxx_HAL_Driver/Src/stm32wlxx_hal_uart.o
                0x00000000080074d8                HAL_UART_TxHalfCpltCallback
 .text.HAL_UART_ErrorCallback
                0x00000000080074ea       0x12 ./Drivers/STM32WLxx_HAL_Driver/Src/stm32wlxx_hal_uart.o
                0x00000000080074ea                HAL_UART_ErrorCallback
 .text.HAL_UARTEx_RxEventCallback
                0x00000000080074fc       0x16 ./Drivers/STM32WLxx_HAL_Driver/Src/stm32wlxx_hal_uart.o
                0x00000000080074fc                HAL_UARTEx_RxEventCallback
 *fill*         0x0000000008007512        0x2 
 .text.UART_SetConfig
                0x0000000008007514      0x4e8 ./Drivers/STM32WLxx_HAL_Driver/Src/stm32wlxx_hal_uart.o
                0x0000000008007514                UART_SetConfig
 .text.UART_AdvFeatureConfig
                0x00000000080079fc      0x142 ./Drivers/STM32WLxx_HAL_Driver/Src/stm32wlxx_hal_uart.o
                0x00000000080079fc                UART_AdvFeatureConfig
 .text.UART_CheckIdleState
                0x0000000008007b3e       0x96 ./Drivers/STM32WLxx_HAL_Driver/Src/stm32wlxx_hal_uart.o
                0x0000000008007b3e                UART_CheckIdleState
 .text.UART_WaitOnFlagUntilTimeout
                0x0000000008007bd4      0x190 ./Drivers/STM32WLxx_HAL_Driver/Src/stm32wlxx_hal_uart.o
                0x0000000008007bd4                UART_WaitOnFlagUntilTimeout
 .text.UART_Start_Receive_IT
                0x0000000008007d64      0x204 ./Drivers/STM32WLxx_HAL_Driver/Src/stm32wlxx_hal_uart.o
                0x0000000008007d64                UART_Start_Receive_IT
 .text.UART_EndTxTransfer
                0x0000000008007f68       0x80 ./Drivers/STM32WLxx_HAL_Driver/Src/stm32wlxx_hal_uart.o
 .text.UART_EndRxTransfer
                0x0000000008007fe8       0xca ./Drivers/STM32WLxx_HAL_Driver/Src/stm32wlxx_hal_uart.o
 .text.UART_DMATransmitCplt
                0x00000000080080b2       0x9a ./Drivers/STM32WLxx_HAL_Driver/Src/stm32wlxx_hal_uart.o
 .text.UART_DMATxHalfCplt
                0x000000000800814c       0x1c ./Drivers/STM32WLxx_HAL_Driver/Src/stm32wlxx_hal_uart.o
 .text.UART_DMAError
                0x0000000008008168       0x80 ./Drivers/STM32WLxx_HAL_Driver/Src/stm32wlxx_hal_uart.o
 .text.UART_DMAAbortOnError
                0x00000000080081e8       0x2c ./Drivers/STM32WLxx_HAL_Driver/Src/stm32wlxx_hal_uart.o
 .text.UART_EndTransmit_IT
                0x0000000008008214       0x56 ./Drivers/STM32WLxx_HAL_Driver/Src/stm32wlxx_hal_uart.o
 .text.UART_RxISR_8BIT
                0x000000000800826a      0x160 ./Drivers/STM32WLxx_HAL_Driver/Src/stm32wlxx_hal_uart.o
 .text.UART_RxISR_16BIT
                0x00000000080083ca      0x160 ./Drivers/STM32WLxx_HAL_Driver/Src/stm32wlxx_hal_uart.o
 *fill*         0x000000000800852a        0x2 
 .text.UART_RxISR_8BIT_FIFOEN
                0x000000000800852c      0x2f8 ./Drivers/STM32WLxx_HAL_Driver/Src/stm32wlxx_hal_uart.o
 .text.UART_RxISR_16BIT_FIFOEN
                0x0000000008008824      0x300 ./Drivers/STM32WLxx_HAL_Driver/Src/stm32wlxx_hal_uart.o
 .text.HAL_UARTEx_WakeupCallback
                0x0000000008008b24       0x12 ./Drivers/STM32WLxx_HAL_Driver/Src/stm32wlxx_hal_uart_ex.o
                0x0000000008008b24                HAL_UARTEx_WakeupCallback
 .text.HAL_UARTEx_RxFifoFullCallback
                0x0000000008008b36       0x12 ./Drivers/STM32WLxx_HAL_Driver/Src/stm32wlxx_hal_uart_ex.o
                0x0000000008008b36                HAL_UARTEx_RxFifoFullCallback
 .text.HAL_UARTEx_TxFifoEmptyCallback
                0x0000000008008b48       0x12 ./Drivers/STM32WLxx_HAL_Driver/Src/stm32wlxx_hal_uart_ex.o
                0x0000000008008b48                HAL_UARTEx_TxFifoEmptyCallback
 .text.HAL_UARTEx_StopModeWakeUpSourceConfig
                0x0000000008008b5a       0xb6 ./Drivers/STM32WLxx_HAL_Driver/Src/stm32wlxx_hal_uart_ex.o
                0x0000000008008b5a                HAL_UARTEx_StopModeWakeUpSourceConfig
 .text.HAL_UARTEx_EnableStopMode
                0x0000000008008c10       0x64 ./Drivers/STM32WLxx_HAL_Driver/Src/stm32wlxx_hal_uart_ex.o
                0x0000000008008c10                HAL_UARTEx_EnableStopMode
 .text.HAL_UARTEx_EnableFifoMode
                0x0000000008008c74       0x76 ./Drivers/STM32WLxx_HAL_Driver/Src/stm32wlxx_hal_uart_ex.o
                0x0000000008008c74                HAL_UARTEx_EnableFifoMode
 .text.HAL_UARTEx_SetTxFifoThreshold
                0x0000000008008cea       0x7c ./Drivers/STM32WLxx_HAL_Driver/Src/stm32wlxx_hal_uart_ex.o
                0x0000000008008cea                HAL_UARTEx_SetTxFifoThreshold
 .text.HAL_UARTEx_SetRxFifoThreshold
                0x0000000008008d66       0x7c ./Drivers/STM32WLxx_HAL_Driver/Src/stm32wlxx_hal_uart_ex.o
                0x0000000008008d66                HAL_UARTEx_SetRxFifoThreshold
 .text.UARTEx_Wakeup_AddressConfig
                0x0000000008008de2       0x44 ./Drivers/STM32WLxx_HAL_Driver/Src/stm32wlxx_hal_uart_ex.o
 *fill*         0x0000000008008e26        0x2 
 .text.UARTEx_SetNbDataToProcess
                0x0000000008008e28       0x98 ./Drivers/STM32WLxx_HAL_Driver/Src/stm32wlxx_hal_uart_ex.o
 .text.RadioInit
                0x0000000008008ec0       0xac ./Middlewares/Third_Party/SubGHz_Phy/stm32_radio_driver/radio.o
 .text.RadioGetStatus
                0x0000000008008f6c       0x2e ./Middlewares/Third_Party/SubGHz_Phy/stm32_radio_driver/radio.o
 *fill*         0x0000000008008f9a        0x2 
 .text.RadioSetModem
                0x0000000008008f9c       0xa4 ./Middlewares/Third_Party/SubGHz_Phy/stm32_radio_driver/radio.o
 .text.RadioSetChannel
                0x0000000008009040       0x16 ./Middlewares/Third_Party/SubGHz_Phy/stm32_radio_driver/radio.o
 .text.RadioIsChannelFree
                0x0000000008009056       0xb4 ./Middlewares/Third_Party/SubGHz_Phy/stm32_radio_driver/radio.o
 .text.RadioRandom
                0x000000000800910a       0x2c ./Middlewares/Third_Party/SubGHz_Phy/stm32_radio_driver/radio.o
 *fill*         0x0000000008009136        0x2 
 .text.RadioSetRxConfig
                0x0000000008009138      0x420 ./Middlewares/Third_Party/SubGHz_Phy/stm32_radio_driver/radio.o
 .text.RadioSetTxConfig
                0x0000000008009558      0x238 ./Middlewares/Third_Party/SubGHz_Phy/stm32_radio_driver/radio.o
 .text.RadioCheckRfFrequency
                0x0000000008009790       0x14 ./Middlewares/Third_Party/SubGHz_Phy/stm32_radio_driver/radio.o
 .text.RadioGetLoRaBandwidthInHz
                0x00000000080097a4       0xac ./Middlewares/Third_Party/SubGHz_Phy/stm32_radio_driver/radio.o
 .text.RadioGetGfskTimeOnAirNumerator
                0x0000000008009850       0x54 ./Middlewares/Third_Party/SubGHz_Phy/stm32_radio_driver/radio.o
 .text.RadioGetLoRaTimeOnAirNumerator
                0x00000000080098a4      0x102 ./Middlewares/Third_Party/SubGHz_Phy/stm32_radio_driver/radio.o
 *fill*         0x00000000080099a6        0x2 
 .text.RadioTimeOnAir
                0x00000000080099a8       0xb0 ./Middlewares/Third_Party/SubGHz_Phy/stm32_radio_driver/radio.o
 .text.RadioSend
                0x0000000008009a58      0x1f4 ./Middlewares/Third_Party/SubGHz_Phy/stm32_radio_driver/radio.o
 .text.RadioSleep
                0x0000000008009c4c       0x26 ./Middlewares/Third_Party/SubGHz_Phy/stm32_radio_driver/radio.o
 .text.RadioStandby
                0x0000000008009c72        0xe ./Middlewares/Third_Party/SubGHz_Phy/stm32_radio_driver/radio.o
 .text.RadioRx  0x0000000008009c80       0x78 ./Middlewares/Third_Party/SubGHz_Phy/stm32_radio_driver/radio.o
 .text.RadioRxBoosted
                0x0000000008009cf8       0x78 ./Middlewares/Third_Party/SubGHz_Phy/stm32_radio_driver/radio.o
 .text.RadioSetRxDutyCycle
                0x0000000008009d70       0x2c ./Middlewares/Third_Party/SubGHz_Phy/stm32_radio_driver/radio.o
 .text.RadioStartCad
                0x0000000008009d9c       0x30 ./Middlewares/Third_Party/SubGHz_Phy/stm32_radio_driver/radio.o
 .text.RadioSetTxContinuousWave
                0x0000000008009dcc       0x58 ./Middlewares/Third_Party/SubGHz_Phy/stm32_radio_driver/radio.o
 .text.RadioRssi
                0x0000000008009e24       0x1a ./Middlewares/Third_Party/SubGHz_Phy/stm32_radio_driver/radio.o
 .text.RadioWrite
                0x0000000008009e3e       0x24 ./Middlewares/Third_Party/SubGHz_Phy/stm32_radio_driver/radio.o
 .text.RadioRead
                0x0000000008009e62       0x1c ./Middlewares/Third_Party/SubGHz_Phy/stm32_radio_driver/radio.o
 .text.RadioWriteRegisters
                0x0000000008009e7e       0x26 ./Middlewares/Third_Party/SubGHz_Phy/stm32_radio_driver/radio.o
 .text.RadioReadRegisters
                0x0000000008009ea4       0x26 ./Middlewares/Third_Party/SubGHz_Phy/stm32_radio_driver/radio.o
 *fill*         0x0000000008009eca        0x2 
 .text.RadioSetMaxPayloadLength
                0x0000000008009ecc       0x5c ./Middlewares/Third_Party/SubGHz_Phy/stm32_radio_driver/radio.o
 .text.RadioSetPublicNetwork
                0x0000000008009f28       0x5c ./Middlewares/Third_Party/SubGHz_Phy/stm32_radio_driver/radio.o
 .text.RadioGetWakeupTime
                0x0000000008009f84       0x10 ./Middlewares/Third_Party/SubGHz_Phy/stm32_radio_driver/radio.o
 .text.RadioOnTxTimeoutIrq
                0x0000000008009f94       0x14 ./Middlewares/Third_Party/SubGHz_Phy/stm32_radio_driver/radio.o
 .text.RadioOnRxTimeoutIrq
                0x0000000008009fa8       0x14 ./Middlewares/Third_Party/SubGHz_Phy/stm32_radio_driver/radio.o
 .text.RadioOnTxTimeoutProcess
                0x0000000008009fbc       0x28 ./Middlewares/Third_Party/SubGHz_Phy/stm32_radio_driver/radio.o
 .text.RadioOnRxTimeoutProcess
                0x0000000008009fe4       0x28 ./Middlewares/Third_Party/SubGHz_Phy/stm32_radio_driver/radio.o
 .text.RadioOnDioIrq
                0x000000000800a00c       0x24 ./Middlewares/Third_Party/SubGHz_Phy/stm32_radio_driver/radio.o
 .text.RadioIrqProcess
                0x000000000800a030      0x3c8 ./Middlewares/Third_Party/SubGHz_Phy/stm32_radio_driver/radio.o
 .text.RadioTxPrbs
                0x000000000800a3f8       0x38 ./Middlewares/Third_Party/SubGHz_Phy/stm32_radio_driver/radio.o
 .text.RadioTxCw
                0x000000000800a430       0x2e ./Middlewares/Third_Party/SubGHz_Phy/stm32_radio_driver/radio.o
 .text.payload_integration
                0x000000000800a45e      0x120 ./Middlewares/Third_Party/SubGHz_Phy/stm32_radio_driver/radio.o
 *fill*         0x000000000800a57e        0x2 
 .text.RadioSetRxGenericConfig
                0x000000000800a580      0x3a0 ./Middlewares/Third_Party/SubGHz_Phy/stm32_radio_driver/radio.o
 .text.RadioSetTxGenericConfig
                0x000000000800a920      0x334 ./Middlewares/Third_Party/SubGHz_Phy/stm32_radio_driver/radio.o
 .text.SUBGRF_Init
                0x000000000800ac54       0x84 ./Middlewares/Third_Party/SubGHz_Phy/stm32_radio_driver/radio_driver.o
                0x000000000800ac54                SUBGRF_Init
 .text.SUBGRF_GetOperatingMode
                0x000000000800acd8       0x14 ./Middlewares/Third_Party/SubGHz_Phy/stm32_radio_driver/radio_driver.o
                0x000000000800acd8                SUBGRF_GetOperatingMode
 .text.SUBGRF_SetPayload
                0x000000000800acec       0x20 ./Middlewares/Third_Party/SubGHz_Phy/stm32_radio_driver/radio_driver.o
                0x000000000800acec                SUBGRF_SetPayload
 .text.SUBGRF_GetPayload
                0x000000000800ad0c       0x44 ./Middlewares/Third_Party/SubGHz_Phy/stm32_radio_driver/radio_driver.o
                0x000000000800ad0c                SUBGRF_GetPayload
 .text.SUBGRF_SendPayload
                0x000000000800ad50       0x26 ./Middlewares/Third_Party/SubGHz_Phy/stm32_radio_driver/radio_driver.o
                0x000000000800ad50                SUBGRF_SendPayload
 .text.SUBGRF_SetSyncWord
                0x000000000800ad76       0x1e ./Middlewares/Third_Party/SubGHz_Phy/stm32_radio_driver/radio_driver.o
                0x000000000800ad76                SUBGRF_SetSyncWord
 .text.SUBGRF_SetCrcSeed
                0x000000000800ad94       0x40 ./Middlewares/Third_Party/SubGHz_Phy/stm32_radio_driver/radio_driver.o
                0x000000000800ad94                SUBGRF_SetCrcSeed
 .text.SUBGRF_SetCrcPolynomial
                0x000000000800add4       0x40 ./Middlewares/Third_Party/SubGHz_Phy/stm32_radio_driver/radio_driver.o
                0x000000000800add4                SUBGRF_SetCrcPolynomial
 .text.SUBGRF_SetWhiteningSeed
                0x000000000800ae14       0x66 ./Middlewares/Third_Party/SubGHz_Phy/stm32_radio_driver/radio_driver.o
                0x000000000800ae14                SUBGRF_SetWhiteningSeed
 .text.SUBGRF_GetRandom
                0x000000000800ae7a       0x8c ./Middlewares/Third_Party/SubGHz_Phy/stm32_radio_driver/radio_driver.o
                0x000000000800ae7a                SUBGRF_GetRandom
 *fill*         0x000000000800af06        0x2 
 .text.SUBGRF_SetSleep
                0x000000000800af08       0x64 ./Middlewares/Third_Party/SubGHz_Phy/stm32_radio_driver/radio_driver.o
                0x000000000800af08                SUBGRF_SetSleep
 .text.SUBGRF_SetStandby
                0x000000000800af6c       0x38 ./Middlewares/Third_Party/SubGHz_Phy/stm32_radio_driver/radio_driver.o
                0x000000000800af6c                SUBGRF_SetStandby
 .text.SUBGRF_SetTx
                0x000000000800afa4       0x40 ./Middlewares/Third_Party/SubGHz_Phy/stm32_radio_driver/radio_driver.o
                0x000000000800afa4                SUBGRF_SetTx
 .text.SUBGRF_SetRx
                0x000000000800afe4       0x40 ./Middlewares/Third_Party/SubGHz_Phy/stm32_radio_driver/radio_driver.o
                0x000000000800afe4                SUBGRF_SetRx
 .text.SUBGRF_SetRxBoosted
                0x000000000800b024       0x48 ./Middlewares/Third_Party/SubGHz_Phy/stm32_radio_driver/radio_driver.o
                0x000000000800b024                SUBGRF_SetRxBoosted
 .text.SUBGRF_SetRxDutyCycle
                0x000000000800b06c       0x58 ./Middlewares/Third_Party/SubGHz_Phy/stm32_radio_driver/radio_driver.o
                0x000000000800b06c                SUBGRF_SetRxDutyCycle
 .text.SUBGRF_SetCad
                0x000000000800b0c4       0x1c ./Middlewares/Third_Party/SubGHz_Phy/stm32_radio_driver/radio_driver.o
                0x000000000800b0c4                SUBGRF_SetCad
 .text.SUBGRF_SetTxContinuousWave
                0x000000000800b0e0       0x12 ./Middlewares/Third_Party/SubGHz_Phy/stm32_radio_driver/radio_driver.o
                0x000000000800b0e0                SUBGRF_SetTxContinuousWave
 .text.SUBGRF_SetTxInfinitePreamble
                0x000000000800b0f2       0x12 ./Middlewares/Third_Party/SubGHz_Phy/stm32_radio_driver/radio_driver.o
                0x000000000800b0f2                SUBGRF_SetTxInfinitePreamble
 .text.SUBGRF_SetStopRxTimerOnPreambleDetect
                0x000000000800b104       0x1e ./Middlewares/Third_Party/SubGHz_Phy/stm32_radio_driver/radio_driver.o
                0x000000000800b104                SUBGRF_SetStopRxTimerOnPreambleDetect
 .text.SUBGRF_SetLoRaSymbNumTimeout
                0x000000000800b122       0x5e ./Middlewares/Third_Party/SubGHz_Phy/stm32_radio_driver/radio_driver.o
                0x000000000800b122                SUBGRF_SetLoRaSymbNumTimeout
 .text.SUBGRF_SetRegulatorMode
                0x000000000800b180       0x2e ./Middlewares/Third_Party/SubGHz_Phy/stm32_radio_driver/radio_driver.o
                0x000000000800b180                SUBGRF_SetRegulatorMode
 .text.SUBGRF_Calibrate
                0x000000000800b1ae       0x8c ./Middlewares/Third_Party/SubGHz_Phy/stm32_radio_driver/radio_driver.o
                0x000000000800b1ae                SUBGRF_Calibrate
 *fill*         0x000000000800b23a        0x2 
 .text.SUBGRF_CalibrateImage
                0x000000000800b23c       0x8c ./Middlewares/Third_Party/SubGHz_Phy/stm32_radio_driver/radio_driver.o
                0x000000000800b23c                SUBGRF_CalibrateImage
 .text.SUBGRF_SetPaConfig
                0x000000000800b2c8       0x44 ./Middlewares/Third_Party/SubGHz_Phy/stm32_radio_driver/radio_driver.o
                0x000000000800b2c8                SUBGRF_SetPaConfig
 .text.SUBGRF_SetDioIrqParams
                0x000000000800b30c       0x74 ./Middlewares/Third_Party/SubGHz_Phy/stm32_radio_driver/radio_driver.o
                0x000000000800b30c                SUBGRF_SetDioIrqParams
 .text.SUBGRF_SetTcxoMode
                0x000000000800b380       0x42 ./Middlewares/Third_Party/SubGHz_Phy/stm32_radio_driver/radio_driver.o
                0x000000000800b380                SUBGRF_SetTcxoMode
 *fill*         0x000000000800b3c2        0x2 
 .text.SUBGRF_SetRfFrequency
                0x000000000800b3c4       0x8c ./Middlewares/Third_Party/SubGHz_Phy/stm32_radio_driver/radio_driver.o
                0x000000000800b3c4                SUBGRF_SetRfFrequency
 .text.SUBGRF_SetPacketType
                0x000000000800b450       0x38 ./Middlewares/Third_Party/SubGHz_Phy/stm32_radio_driver/radio_driver.o
                0x000000000800b450                SUBGRF_SetPacketType
 .text.SUBGRF_GetPacketType
                0x000000000800b488       0x14 ./Middlewares/Third_Party/SubGHz_Phy/stm32_radio_driver/radio_driver.o
                0x000000000800b488                SUBGRF_GetPacketType
 .text.SUBGRF_SetTxParams
                0x000000000800b49c       0xcc ./Middlewares/Third_Party/SubGHz_Phy/stm32_radio_driver/radio_driver.o
                0x000000000800b49c                SUBGRF_SetTxParams
 .text.SUBGRF_SetModulationParams
                0x000000000800b568      0x1a4 ./Middlewares/Third_Party/SubGHz_Phy/stm32_radio_driver/radio_driver.o
                0x000000000800b568                SUBGRF_SetModulationParams
 .text.SUBGRF_SetPacketParams
                0x000000000800b70c      0x13c ./Middlewares/Third_Party/SubGHz_Phy/stm32_radio_driver/radio_driver.o
                0x000000000800b70c                SUBGRF_SetPacketParams
 .text.SUBGRF_SetBufferBaseAddress
                0x000000000800b848       0x2e ./Middlewares/Third_Party/SubGHz_Phy/stm32_radio_driver/radio_driver.o
                0x000000000800b848                SUBGRF_SetBufferBaseAddress
 .text.SUBGRF_GetRssiInst
                0x000000000800b876       0x2a ./Middlewares/Third_Party/SubGHz_Phy/stm32_radio_driver/radio_driver.o
                0x000000000800b876                SUBGRF_GetRssiInst
 .text.SUBGRF_GetRxBufferStatus
                0x000000000800b8a0       0x58 ./Middlewares/Third_Party/SubGHz_Phy/stm32_radio_driver/radio_driver.o
                0x000000000800b8a0                SUBGRF_GetRxBufferStatus
 .text.SUBGRF_GetPacketStatus
                0x000000000800b8f8       0xa4 ./Middlewares/Third_Party/SubGHz_Phy/stm32_radio_driver/radio_driver.o
                0x000000000800b8f8                SUBGRF_GetPacketStatus
 .text.SUBGRF_WriteRegister
                0x000000000800b99c       0x28 ./Middlewares/Third_Party/SubGHz_Phy/stm32_radio_driver/radio_driver.o
                0x000000000800b99c                SUBGRF_WriteRegister
 .text.SUBGRF_ReadRegister
                0x000000000800b9c4       0x28 ./Middlewares/Third_Party/SubGHz_Phy/stm32_radio_driver/radio_driver.o
                0x000000000800b9c4                SUBGRF_ReadRegister
 .text.SUBGRF_WriteRegisters
                0x000000000800b9ec       0x44 ./Middlewares/Third_Party/SubGHz_Phy/stm32_radio_driver/radio_driver.o
                0x000000000800b9ec                SUBGRF_WriteRegisters
 .text.SUBGRF_ReadRegisters
                0x000000000800ba30       0x44 ./Middlewares/Third_Party/SubGHz_Phy/stm32_radio_driver/radio_driver.o
                0x000000000800ba30                SUBGRF_ReadRegisters
 .text.SUBGRF_WriteBuffer
                0x000000000800ba74       0x44 ./Middlewares/Third_Party/SubGHz_Phy/stm32_radio_driver/radio_driver.o
                0x000000000800ba74                SUBGRF_WriteBuffer
 .text.SUBGRF_ReadBuffer
                0x000000000800bab8       0x44 ./Middlewares/Third_Party/SubGHz_Phy/stm32_radio_driver/radio_driver.o
                0x000000000800bab8                SUBGRF_ReadBuffer
 .text.SUBGRF_WriteCommand
                0x000000000800bafc       0x44 ./Middlewares/Third_Party/SubGHz_Phy/stm32_radio_driver/radio_driver.o
 .text.SUBGRF_ReadCommand
                0x000000000800bb40       0x44 ./Middlewares/Third_Party/SubGHz_Phy/stm32_radio_driver/radio_driver.o
 .text.SUBGRF_SetSwitch
                0x000000000800bb84       0x50 ./Middlewares/Third_Party/SubGHz_Phy/stm32_radio_driver/radio_driver.o
                0x000000000800bb84                SUBGRF_SetSwitch
 .text.SUBGRF_SetRfTxPower
                0x000000000800bbd4       0x68 ./Middlewares/Third_Party/SubGHz_Phy/stm32_radio_driver/radio_driver.o
                0x000000000800bbd4                SUBGRF_SetRfTxPower
 .text.SUBGRF_GetRadioWakeUpTime
                0x000000000800bc3c        0xe ./Middlewares/Third_Party/SubGHz_Phy/stm32_radio_driver/radio_driver.o
                0x000000000800bc3c                SUBGRF_GetRadioWakeUpTime
 *fill*         0x000000000800bc4a        0x2 
 .text.HAL_SUBGHZ_TxCpltCallback
                0x000000000800bc4c       0x1c ./Middlewares/Third_Party/SubGHz_Phy/stm32_radio_driver/radio_driver.o
                0x000000000800bc4c                HAL_SUBGHZ_TxCpltCallback
 .text.HAL_SUBGHZ_RxCpltCallback
                0x000000000800bc68       0x1c ./Middlewares/Third_Party/SubGHz_Phy/stm32_radio_driver/radio_driver.o
                0x000000000800bc68                HAL_SUBGHZ_RxCpltCallback
 .text.HAL_SUBGHZ_CRCErrorCallback
                0x000000000800bc84       0x1c ./Middlewares/Third_Party/SubGHz_Phy/stm32_radio_driver/radio_driver.o
                0x000000000800bc84                HAL_SUBGHZ_CRCErrorCallback
 .text.HAL_SUBGHZ_CADStatusCallback
                0x000000000800bca0       0x3c ./Middlewares/Third_Party/SubGHz_Phy/stm32_radio_driver/radio_driver.o
                0x000000000800bca0                HAL_SUBGHZ_CADStatusCallback
 .text.HAL_SUBGHZ_RxTxTimeoutCallback
                0x000000000800bcdc       0x20 ./Middlewares/Third_Party/SubGHz_Phy/stm32_radio_driver/radio_driver.o
                0x000000000800bcdc                HAL_SUBGHZ_RxTxTimeoutCallback
 .text.HAL_SUBGHZ_HeaderErrorCallback
                0x000000000800bcfc       0x1c ./Middlewares/Third_Party/SubGHz_Phy/stm32_radio_driver/radio_driver.o
                0x000000000800bcfc                HAL_SUBGHZ_HeaderErrorCallback
 .text.HAL_SUBGHZ_PreambleDetectedCallback
                0x000000000800bd18       0x1c ./Middlewares/Third_Party/SubGHz_Phy/stm32_radio_driver/radio_driver.o
                0x000000000800bd18                HAL_SUBGHZ_PreambleDetectedCallback
 .text.HAL_SUBGHZ_SyncWordValidCallback
                0x000000000800bd34       0x1c ./Middlewares/Third_Party/SubGHz_Phy/stm32_radio_driver/radio_driver.o
                0x000000000800bd34                HAL_SUBGHZ_SyncWordValidCallback
 .text.HAL_SUBGHZ_HeaderValidCallback
                0x000000000800bd50       0x1c ./Middlewares/Third_Party/SubGHz_Phy/stm32_radio_driver/radio_driver.o
                0x000000000800bd50                HAL_SUBGHZ_HeaderValidCallback
 .text.Radio_SMPS_Set
                0x000000000800bd6c       0x42 ./Middlewares/Third_Party/SubGHz_Phy/stm32_radio_driver/radio_driver.o
 *fill*         0x000000000800bdae        0x2 
 .text.SUBGRF_GetFskBandwidthRegValue
                0x000000000800bdb0       0x50 ./Middlewares/Third_Party/SubGHz_Phy/stm32_radio_driver/radio_driver.o
                0x000000000800bdb0                SUBGRF_GetFskBandwidthRegValue
 .text.SUBGRF_GetCFO
                0x000000000800be00       0xe8 ./Middlewares/Third_Party/SubGHz_Phy/stm32_radio_driver/radio_driver.o
                0x000000000800be00                SUBGRF_GetCFO
 .text.RFW_TransmitLongPacket
                0x000000000800bee8       0x24 ./Middlewares/Third_Party/SubGHz_Phy/stm32_radio_driver/radio_fw.o
                0x000000000800bee8                RFW_TransmitLongPacket
 .text.RFW_ReceiveLongPacket
                0x000000000800bf0c       0x24 ./Middlewares/Third_Party/SubGHz_Phy/stm32_radio_driver/radio_fw.o
                0x000000000800bf0c                RFW_ReceiveLongPacket
 .text.RFW_Init
                0x000000000800bf30       0x1a ./Middlewares/Third_Party/SubGHz_Phy/stm32_radio_driver/radio_fw.o
                0x000000000800bf30                RFW_Init
 .text.RFW_DeInit
                0x000000000800bf4a        0xc ./Middlewares/Third_Party/SubGHz_Phy/stm32_radio_driver/radio_fw.o
                0x000000000800bf4a                RFW_DeInit
 .text.RFW_Is_Init
                0x000000000800bf56        0xe ./Middlewares/Third_Party/SubGHz_Phy/stm32_radio_driver/radio_fw.o
                0x000000000800bf56                RFW_Is_Init
 .text.RFW_Is_LongPacketModeEnabled
                0x000000000800bf64        0xe ./Middlewares/Third_Party/SubGHz_Phy/stm32_radio_driver/radio_fw.o
                0x000000000800bf64                RFW_Is_LongPacketModeEnabled
 .text.RFW_SetAntSwitch
                0x000000000800bf72       0x14 ./Middlewares/Third_Party/SubGHz_Phy/stm32_radio_driver/radio_fw.o
                0x000000000800bf72                RFW_SetAntSwitch
 .text.RFW_TransmitInit
                0x000000000800bf86       0x20 ./Middlewares/Third_Party/SubGHz_Phy/stm32_radio_driver/radio_fw.o
                0x000000000800bf86                RFW_TransmitInit
 .text.RFW_ReceiveInit
                0x000000000800bfa6       0x10 ./Middlewares/Third_Party/SubGHz_Phy/stm32_radio_driver/radio_fw.o
                0x000000000800bfa6                RFW_ReceiveInit
 .text.RFW_DeInit_TxLongPacket
                0x000000000800bfb6        0xc ./Middlewares/Third_Party/SubGHz_Phy/stm32_radio_driver/radio_fw.o
                0x000000000800bfb6                RFW_DeInit_TxLongPacket
 .text.RFW_ReceivePayload
                0x000000000800bfc2        0xc ./Middlewares/Third_Party/SubGHz_Phy/stm32_radio_driver/radio_fw.o
                0x000000000800bfc2                RFW_ReceivePayload
 .text.RFW_SetRadioModem
                0x000000000800bfce       0x14 ./Middlewares/Third_Party/SubGHz_Phy/stm32_radio_driver/radio_fw.o
                0x000000000800bfce                RFW_SetRadioModem
 *fill*         0x000000000800bfe2        0x2 
 .text.UTIL_LPM_Init
                0x000000000800bfe4       0x20 ./Utilities/lpm/tiny_lpm/stm32_lpm.o
                0x000000000800bfe4                UTIL_LPM_Init
 .text.UTIL_LPM_SetStopMode
                0x000000000800c004       0x60 ./Utilities/lpm/tiny_lpm/stm32_lpm.o
                0x000000000800c004                UTIL_LPM_SetStopMode
 .text.UTIL_LPM_SetOffMode
                0x000000000800c064       0x60 ./Utilities/lpm/tiny_lpm/stm32_lpm.o
                0x000000000800c064                UTIL_LPM_SetOffMode
 .text.UTIL_LPM_EnterLowPower
                0x000000000800c0c4       0x6c ./Utilities/lpm/tiny_lpm/stm32_lpm.o
                0x000000000800c0c4                UTIL_LPM_EnterLowPower
 .text.UTIL_MEM_set_8
                0x000000000800c130       0x36 ./Utilities/misc/stm32_mem.o
                0x000000000800c130                UTIL_MEM_set_8
 .text.SysTimeAdd
                0x000000000800c166       0x72 ./Utilities/misc/stm32_systime.o
                0x000000000800c166                SysTimeAdd
 .text.SysTimeGet
                0x000000000800c1d8       0x70 ./Utilities/misc/stm32_systime.o
                0x000000000800c1d8                SysTimeGet
 .text.ee_skip_atoi
                0x000000000800c248       0x4c ./Utilities/misc/stm32_tiny_vsnprintf.o
 .text.ee_number
                0x000000000800c294      0x1dc ./Utilities/misc/stm32_tiny_vsnprintf.o
 .text.tiny_vsnprintf_like
                0x000000000800c470      0x2ac ./Utilities/misc/stm32_tiny_vsnprintf.o
                0x000000000800c470                tiny_vsnprintf_like
 .text.UTIL_SEQ_Run
                0x000000000800c71c      0x1c8 ./Utilities/sequencer/stm32_seq.o
                0x000000000800c71c                UTIL_SEQ_Run
 .text.UTIL_SEQ_RegTask
                0x000000000800c8e4       0x44 ./Utilities/sequencer/stm32_seq.o
                0x000000000800c8e4                UTIL_SEQ_RegTask
 .text.UTIL_SEQ_SetTask
                0x000000000800c928       0x58 ./Utilities/sequencer/stm32_seq.o
                0x000000000800c928                UTIL_SEQ_SetTask
 .text.UTIL_SEQ_PreIdle
                0x000000000800c980        0xc ./Utilities/sequencer/stm32_seq.o
                0x000000000800c980                UTIL_SEQ_PreIdle
 .text.UTIL_SEQ_PostIdle
                0x000000000800c98c        0xc ./Utilities/sequencer/stm32_seq.o
                0x000000000800c98c                UTIL_SEQ_PostIdle
 .text.SEQ_BitPosition
                0x000000000800c998       0x70 ./Utilities/sequencer/stm32_seq.o
                0x000000000800c998                SEQ_BitPosition
 .text.UTIL_TIMER_Init
                0x000000000800ca08       0x20 ./Utilities/timer/stm32_timer.o
                0x000000000800ca08                UTIL_TIMER_Init
 .text.UTIL_TIMER_Create
                0x000000000800ca28       0x6c ./Utilities/timer/stm32_timer.o
                0x000000000800ca28                UTIL_TIMER_Create
 .text.UTIL_TIMER_Start
                0x000000000800ca94       0xdc ./Utilities/timer/stm32_timer.o
                0x000000000800ca94                UTIL_TIMER_Start
 .text.UTIL_TIMER_Stop
                0x000000000800cb70       0xe0 ./Utilities/timer/stm32_timer.o
                0x000000000800cb70                UTIL_TIMER_Stop
 .text.UTIL_TIMER_SetPeriod
                0x000000000800cc50       0x54 ./Utilities/timer/stm32_timer.o
                0x000000000800cc50                UTIL_TIMER_SetPeriod
 .text.UTIL_TIMER_IRQ_Handler
                0x000000000800cca4      0x100 ./Utilities/timer/stm32_timer.o
                0x000000000800cca4                UTIL_TIMER_IRQ_Handler
 .text.UTIL_TIMER_GetCurrentTime
                0x000000000800cda4       0x24 ./Utilities/timer/stm32_timer.o
                0x000000000800cda4                UTIL_TIMER_GetCurrentTime
 .text.UTIL_TIMER_GetElapsedTime
                0x000000000800cdc8       0x38 ./Utilities/timer/stm32_timer.o
                0x000000000800cdc8                UTIL_TIMER_GetElapsedTime
 .text.TimerExists
                0x000000000800ce00       0x38 ./Utilities/timer/stm32_timer.o
                0x000000000800ce00                TimerExists
 .text.TimerSetTimeout
                0x000000000800ce38       0x54 ./Utilities/timer/stm32_timer.o
                0x000000000800ce38                TimerSetTimeout
 .text.TimerInsertTimer
                0x000000000800ce8c       0x60 ./Utilities/timer/stm32_timer.o
                0x000000000800ce8c                TimerInsertTimer
 .text.TimerInsertNewHeadTimer
                0x000000000800ceec       0x3c ./Utilities/timer/stm32_timer.o
                0x000000000800ceec                TimerInsertNewHeadTimer
 .text.UTIL_ADV_TRACE_Init
                0x000000000800cf28       0x38 ./Utilities/trace/adv_trace/stm32_adv_trace.o
                0x000000000800cf28                UTIL_ADV_TRACE_Init
 .text.UTIL_ADV_TRACE_COND_FSend
                0x000000000800cf60      0x100 ./Utilities/trace/adv_trace/stm32_adv_trace.o
                0x000000000800cf60                UTIL_ADV_TRACE_COND_FSend
 .text.UTIL_ADV_TRACE_RegisterTimeStampFunction