../Drivers/STM32WLxx_HAL_Driver/Inc/stm32wlxx_ll_rcc.h:1972:22:LL_RCC_SetClkAfterWakeFromStop	16	static
../Drivers/STM32WLxx_HAL_Driver/Inc/stm32wlxx_ll_bus.h:449:22:LL_AHB2_GRP1_EnableClock	24	static
../Drivers/STM32WLxx_HAL_Driver/Inc/stm32wlxx_ll_bus.h:489:22:LL_AHB2_GRP1_DisableClock	16	static
../Drivers/STM32WLxx_HAL_Driver/Inc/stm32wlxx_ll_system.h:1879:26:LL_FLASH_GetUDN	4	static
../Drivers/STM32WLxx_HAL_Driver/Inc/stm32wlxx_ll_system.h:1889:26:LL_FLASH_GetDeviceID	4	static
../Drivers/STM32WLxx_HAL_Driver/Inc/stm32wlxx_ll_system.h:1899:26:LL_FLASH_GetSTCompanyID	4	static
../Core/sys_app.c:99:6:SystemApp_Init	8	static
../Core/sys_app.c:154:6:UTIL_SEQ_Idle	8	static
../Core/sys_app.c:165:9:GetBatteryLevel	24	static
../Core/sys_app.c:199:10:GetTemperatureLevel	16	static
../Core/sys_app.c:210:6:GetUniqueId	40	static
../Core/sys_app.c:250:10:GetDevAddr	24	static
../Core/sys_app.c:276:13:TimestampNow	32	static
../Core/sys_app.c:289:13:Gpio_PreInit	32	static
../Core/sys_app.c:329:6:UTIL_ADV_TRACE_PreSendHook	8	static
../Core/sys_app.c:340:6:UTIL_ADV_TRACE_PostSendHook	8	static
../Core/sys_app.c:351:13:tiny_snprintf_like	24	static
../Core/sys_app.c:377:19:HAL_InitTick	16	static
../Core/sys_app.c:394:10:HAL_GetTick	8	static
../Core/sys_app.c:412:6:HAL_Delay	16	static
