stm32wlxx_ll_bus.h:449:22:LL_AHB2_GRP1_EnableClock	8	static
sys_app.c:351:13:tiny_snprintf_like.constprop	16	static
sys_app.c:276:13:TimestampNow	32	static
sys_app.c:99:6:SystemApp_Init	32	static
sys_app.c:154:6:UTIL_SEQ_Idle	0	static
sys_app.c:165:9:GetBatteryLevel	16	static
sys_app.c:199:10:GetTemperatureLevel	8	static
sys_app.c:210:6:GetUniqueId	16	static
sys_app.c:250:10:GetDevAddr	8	static
sys_app.c:329:6:UTIL_ADV_TRACE_PreSendHook	0	static
sys_app.c:340:6:UTIL_ADV_TRACE_PostSendHook	0	static
sys_app.c:377:19:HAL_InitTick	0	static
sys_app.c:394:10:HAL_GetTick	0	static
sys_app.c:412:6:HAL_Delay	8	static
