timer_if.c:267:10:TIMER_IF_SetTimerContext	0	static
timer_if.c:281:10:TIMER_IF_GetTimerContext	0	static
timer_if.c:292:10:TIMER_IF_GetTimerElapsedTime	0	static
timer_if.c:305:10:TIMER_IF_GetTimerValue	0	static
timer_if.c:321:10:TIMER_IF_GetMinimumTimeout	0	static
timer_if.c:334:10:TIMER_IF_Convert_ms2Tick	8	static
timer_if.c:347:10:TIMER_IF_Convert_Tick2ms	0	static
timer_if.c:249:21:TIMER_IF_StopTimer	8	static
timer_if.c:428:6:TIMER_IF_BkUp_Write_Seconds	0	static
timer_if.c:439:6:TIMER_IF_BkUp_Write_SubSeconds	0	static
timer_if.c:221:21:TIMER_IF_StartTimer	56	static
timer_if.c:404:10:TIMER_IF_GetTime	16	static
timer_if.c:450:10:TIMER_IF_BkUp_Read_Seconds	0	static
timer_if.c:463:10:TIMER_IF_BkUp_Read_SubSeconds	0	static
timer_if.c:184:21:TIMER_IF_Init	24	static
timer_if.c:360:6:TIMER_IF_DelayMs	8	static,ignoring_inline_asm
timer_if.c:378:6:HAL_RTC_AlarmAEventCallback	0	static
timer_if.c:389:6:HAL_RTCEx_SSRUEventCallback	8	static
