stm32wlxx_ll_bus.h:1062:22:LL_APB1_GRP1_ForceReset	16	static
stm32wlxx_ll_bus.h:1107:22:LL_APB1_GRP1_ReleaseReset	16	static
stm32wlxx_ll_exti.h:266:22:LL_EXTI_EnableIT_0_31	16	static
usart_if.c:102:25:vcom_Init	16	static
usart_if.c:117:25:vcom_DeInit	8	static
usart_if.c:142:6:vcom_Trace	16	static
usart_if.c:153:25:vcom_Trace_DMA	16	static
usart_if.c:165:25:vcom_ReceiveInit	24	static
usart_if.c:201:6:vcom_Resume	8	static
usart_if.c:222:6:HAL_UART_TxCpltCallback	16	static
usart_if.c:234:6:HAL_UART_RxCpltCallback	16	static
