stm32_adv_trace.c:795:16:TRACE_AllocateBufer	16	static,ignoring_inline_asm
stm32_adv_trace.c:886:13:TRACE_Lock	0	static,ignoring_inline_asm
stm32_adv_trace.c:897:13:TRACE_UnLock	0	static,ignoring_inline_asm
stm32_adv_trace.c:166:25:UTIL_ADV_TRACE_Init	8	static
stm32_adv_trace.c:182:25:UTIL_ADV_TRACE_DeInit	0	static
stm32_adv_trace.c:188:9:UTIL_ADV_TRACE_IsBufferEmpty	0	static
stm32_adv_trace.c:196:25:UTIL_ADV_TRACE_StartRxProcess	0	static
stm32_adv_trace.c:309:25:UTIL_ADV_TRACE_COND_ZCSend_Allocation	40	static
stm32_adv_trace.c:382:25:UTIL_ADV_TRACE_ZCSend_Allocation	24	static
stm32_adv_trace.c:565:6:UTIL_ADV_TRACE_RegisterTimeStampFunction	0	static
stm32_adv_trace.c:570:6:UTIL_ADV_TRACE_SetVerboseLevel	0	static
stm32_adv_trace.c:575:9:UTIL_ADV_TRACE_GetVerboseLevel	0	static
stm32_adv_trace.c:580:6:UTIL_ADV_TRACE_SetRegion	0	static
stm32_adv_trace.c:585:10:UTIL_ADV_TRACE_GetRegion	0	static
stm32_adv_trace.c:590:6:UTIL_ADV_TRACE_ResetRegion	0	static
stm32_adv_trace.c:596:13:UTIL_ADV_TRACE_PreSendHook	0	static
stm32_adv_trace.c:616:32:TRACE_Send	24	static,ignoring_inline_asm
stm32_adv_trace.c:203:25:UTIL_ADV_TRACE_COND_FSend	44	static
stm32_adv_trace.c:425:25:UTIL_ADV_TRACE_ZCSend_Finalize	8	static
stm32_adv_trace.c:376:25:UTIL_ADV_TRACE_COND_ZCSend_Finalize	0	static
stm32_adv_trace.c:432:25:UTIL_ADV_TRACE_COND_Send	48	static
stm32_adv_trace.c:506:25:UTIL_ADV_TRACE_Send	24	static
stm32_adv_trace.c:296:25:UTIL_ADV_TRACE_FSend	272	static
stm32_adv_trace.c:600:13:UTIL_ADV_TRACE_PostSendHook	0	static
stm32_adv_trace.c:700:13:TRACE_TxCpltCallback	24	static,ignoring_inline_asm
