Archive member included to satisfy reference by file (symbol)

c:/st/stm32cubeide_1.6.0/stm32cubeide/plugins/com.st.stm32cube.ide.mcu.externaltools.gnu-tools-for-stm32.9-2020-q2-update.win32_2.0.0.202105311346/tools/bin/../lib/gcc/arm-none-eabi/9.3.1/../../../../arm-none-eabi/lib/thumb/v7e-m/nofp\libc_nano.a(lib_a-errno.o)
                              ./Core/Src/syscalls.o (__errno)
c:/st/stm32cubeide_1.6.0/stm32cubeide/plugins/com.st.stm32cube.ide.mcu.externaltools.gnu-tools-for-stm32.9-2020-q2-update.win32_2.0.0.202105311346/tools/bin/../lib/gcc/arm-none-eabi/9.3.1/../../../../arm-none-eabi/lib/thumb/v7e-m/nofp\libc_nano.a(lib_a-exit.o)
                              c:/st/stm32cubeide_1.6.0/stm32cubeide/plugins/com.st.stm32cube.ide.mcu.externaltools.gnu-tools-for-stm32.9-2020-q2-update.win32_2.0.0.202105311346/tools/bin/../lib/gcc/arm-none-eabi/9.3.1/../../../../arm-none-eabi/lib/thumb/v7e-m/nofp/crt0.o (exit)
c:/st/stm32cubeide_1.6.0/stm32cubeide/plugins/com.st.stm32cube.ide.mcu.externaltools.gnu-tools-for-stm32.9-2020-q2-update.win32_2.0.0.202105311346/tools/bin/../lib/gcc/arm-none-eabi/9.3.1/../../../../arm-none-eabi/lib/thumb/v7e-m/nofp\libc_nano.a(lib_a-impure.o)
                              c:/st/stm32cubeide_1.6.0/stm32cubeide/plugins/com.st.stm32cube.ide.mcu.externaltools.gnu-tools-for-stm32.9-2020-q2-update.win32_2.0.0.202105311346/tools/bin/../lib/gcc/arm-none-eabi/9.3.1/../../../../arm-none-eabi/lib/thumb/v7e-m/nofp\libc_nano.a(lib_a-exit.o) (_global_impure_ptr)
c:/st/stm32cubeide_1.6.0/stm32cubeide/plugins/com.st.stm32cube.ide.mcu.externaltools.gnu-tools-for-stm32.9-2020-q2-update.win32_2.0.0.202105311346/tools/bin/../lib/gcc/arm-none-eabi/9.3.1/../../../../arm-none-eabi/lib/thumb/v7e-m/nofp\libc_nano.a(lib_a-init.o)
                              c:/st/stm32cubeide_1.6.0/stm32cubeide/plugins/com.st.stm32cube.ide.mcu.externaltools.gnu-tools-for-stm32.9-2020-q2-update.win32_2.0.0.202105311346/tools/bin/../lib/gcc/arm-none-eabi/9.3.1/../../../../arm-none-eabi/lib/thumb/v7e-m/nofp/crt0.o (__libc_init_array)
c:/st/stm32cubeide_1.6.0/stm32cubeide/plugins/com.st.stm32cube.ide.mcu.externaltools.gnu-tools-for-stm32.9-2020-q2-update.win32_2.0.0.202105311346/tools/bin/../lib/gcc/arm-none-eabi/9.3.1/../../../../arm-none-eabi/lib/thumb/v7e-m/nofp\libc_nano.a(lib_a-memcpy-stub.o)
                              ./SubGHz_Phy/App/subghz_phy_app.o (memcpy)
c:/st/stm32cubeide_1.6.0/stm32cubeide/plugins/com.st.stm32cube.ide.mcu.externaltools.gnu-tools-for-stm32.9-2020-q2-update.win32_2.0.0.202105311346/tools/bin/../lib/gcc/arm-none-eabi/9.3.1/../../../../arm-none-eabi/lib/thumb/v7e-m/nofp\libc_nano.a(lib_a-memset.o)
                              c:/st/stm32cubeide_1.6.0/stm32cubeide/plugins/com.st.stm32cube.ide.mcu.externaltools.gnu-tools-for-stm32.9-2020-q2-update.win32_2.0.0.202105311346/tools/bin/../lib/gcc/arm-none-eabi/9.3.1/../../../../arm-none-eabi/lib/thumb/v7e-m/nofp/crt0.o (memset)
c:/st/stm32cubeide_1.6.0/stm32cubeide/plugins/com.st.stm32cube.ide.mcu.externaltools.gnu-tools-for-stm32.9-2020-q2-update.win32_2.0.0.202105311346/tools/bin/../lib/gcc/arm-none-eabi/9.3.1/../../../../arm-none-eabi/lib/thumb/v7e-m/nofp\libc_nano.a(lib_a-rand.o)
                              ./SubGHz_Phy/App/subghz_phy_app.o (srand)
c:/st/stm32cubeide_1.6.0/stm32cubeide/plugins/com.st.stm32cube.ide.mcu.externaltools.gnu-tools-for-stm32.9-2020-q2-update.win32_2.0.0.202105311346/tools/bin/../lib/gcc/arm-none-eabi/9.3.1/../../../../arm-none-eabi/lib/thumb/v7e-m/nofp\libc_nano.a(lib_a-strlen.o)
                              ./Core/Src/sys_app.o (strlen)
c:/st/stm32cubeide_1.6.0/stm32cubeide/plugins/com.st.stm32cube.ide.mcu.externaltools.gnu-tools-for-stm32.9-2020-q2-update.win32_2.0.0.202105311346/tools/bin/../lib/gcc/arm-none-eabi/9.3.1/../../../../arm-none-eabi/lib/thumb/v7e-m/nofp\libc_nano.a(lib_a-assert.o)
                              c:/st/stm32cubeide_1.6.0/stm32cubeide/plugins/com.st.stm32cube.ide.mcu.externaltools.gnu-tools-for-stm32.9-2020-q2-update.win32_2.0.0.202105311346/tools/bin/../lib/gcc/arm-none-eabi/9.3.1/../../../../arm-none-eabi/lib/thumb/v7e-m/nofp\libc_nano.a(lib_a-rand.o) (__assert_func)
c:/st/stm32cubeide_1.6.0/stm32cubeide/plugins/com.st.stm32cube.ide.mcu.externaltools.gnu-tools-for-stm32.9-2020-q2-update.win32_2.0.0.202105311346/tools/bin/../lib/gcc/arm-none-eabi/9.3.1/../../../../arm-none-eabi/lib/thumb/v7e-m/nofp\libc_nano.a(lib_a-fprintf.o)
                              c:/st/stm32cubeide_1.6.0/stm32cubeide/plugins/com.st.stm32cube.ide.mcu.externaltools.gnu-tools-for-stm32.9-2020-q2-update.win32_2.0.0.202105311346/tools/bin/../lib/gcc/arm-none-eabi/9.3.1/../../../../arm-none-eabi/lib/thumb/v7e-m/nofp\libc_nano.a(lib_a-assert.o) (fiprintf)
c:/st/stm32cubeide_1.6.0/stm32cubeide/plugins/com.st.stm32cube.ide.mcu.externaltools.gnu-tools-for-stm32.9-2020-q2-update.win32_2.0.0.202105311346/tools/bin/../lib/gcc/arm-none-eabi/9.3.1/../../../../arm-none-eabi/lib/thumb/v7e-m/nofp\libc_nano.a(lib_a-malloc.o)
[...]
Memory Configuration

Name             Origin             Length             Attributes
RAM1             0x0000000020000000 0x0000000000008000 xrw
RAM2             0x0000000020008000 0x0000000000008000 xrw
FLASH            0x0000000008000000 0x0000000000040000 xr
*default*        0x0000000000000000 0xffffffffffffffff

Linker script and memory map

LOAD c:/st/stm32cubeide_1.6.0/stm32cubeide/plugins/com.st.stm32cube.ide.mcu.externaltools.gnu-tools-for-stm32.9-2020-q2-update.win32_2.0.0.202105311346/tools/bin/../lib/gcc/arm-none-eabi/9.3.1/thumb/v7e-m/nofp/crti.o
LOAD c:/st/stm32cubeide_1.6.0/stm32cubeide/plugins/com.st.stm32cube.ide.mcu.externaltools.gnu-tools-for-stm32.9-2020-q2-update.win32_2.0.0.202105311346/tools/bin/../lib/gcc/arm-none-eabi/9.3.1/thumb/v7e-m/nofp/crtbegin.o
LOAD c:/st/stm32cubeide_1.6.0/stm32cubeide/plugins/com.st.stm32cube.ide.mcu.externaltools.gnu-tools-for-stm32.9-2020-q2-update.win32_2.0.0.202105311346/tools/bin/../lib/gcc/arm-none-eabi/9.3.1/../../../../arm-none-eabi/lib/thumb/v7e-m/nofp/crt0.o
LOAD ./Core/Src/adc.o
LOAD ./Core/Src/adc_if.o
LOAD ./Core/Src/board_resources.o
LOAD ./Core/Src/dma.o
LOAD ./Core/Src/main.o
LOAD ./Core/Src/rtc.o
LOAD ./Core/Src/stm32_lpm_if.o
LOAD ./Core/Src/stm32wlxx_hal_msp.o
LOAD ./Core/Src/stm32wlxx_it.o
LOAD ./Core/Src/subghz.o
LOAD ./Core/Src/sys_app.o
LOAD ./Core/Src/sys_debug.o
LOAD ./Core/Src/syscalls.o
LOAD ./Core/Src/sysmem.o
LOAD ./Core/Src/system_stm32wlxx.o
LOAD ./Core/Src/timer_if.o
LOAD ./Core/Src/usart.o
LOAD ./Core/Src/usart_if.o
LOAD ./Core/Startup/startup_stm32wl55jcix.o
LOAD ./Drivers/STM32WLxx_HAL_Driver/Src/stm32wlxx_hal.o
LOAD ./Drivers/STM32WLxx_HAL_Driver/Src/stm32wlxx_hal_adc.o
LOAD ./Drivers/STM32WLxx_HAL_Driver/Src/stm32wlxx_hal_adc_ex.o
LOAD ./Drivers/STM32WLxx_HAL_Driver/Src/stm32wlxx_hal_cortex.o
LOAD ./Drivers/STM32WLxx_HAL_Driver/Src/stm32wlxx_hal_dma.o
LOAD ./Drivers/STM32WLxx_HAL_Driver/Src/stm32wlxx_hal_dma_ex.o
LOAD ./Drivers/STM32WLxx_HAL_Driver/Src/stm32wlxx_hal_exti.o
LOAD ./Drivers/STM32WLxx_HAL_Driver/Src/stm32wlxx_hal_flash.o
LOAD ./Drivers/STM32WLxx_HAL_Driver/Src/stm32wlxx_hal_flash_ex.o
LOAD ./Drivers/STM32WLxx_HAL_Driver/Src/stm32wlxx_hal_gpio.o
LOAD ./Drivers/STM32WLxx_HAL_Driver/Src/stm32wlxx_hal_pwr.o
LOAD ./Drivers/STM32WLxx_HAL_Driver/Src/stm32wlxx_hal_pwr_ex.o
LOAD ./Drivers/STM32WLxx_HAL_Driver/Src/stm32wlxx_hal_rcc.o
LOAD ./Drivers/STM32WLxx_HAL_Driver/Src/stm32wlxx_hal_rcc_ex.o
LOAD ./Drivers/STM32WLxx_HAL_Driver/Src/stm32wlxx_hal_rtc.o
LOAD ./Drivers/STM32WLxx_HAL_Driver/Src/stm32wlxx_hal_rtc_ex.o
LOAD ./Drivers/STM32WLxx_HAL_Driver/Src/stm32wlxx_hal_subghz.o
LOAD ./Drivers/STM32WLxx_HAL_Driver/Src/stm32wlxx_hal_tim.o
LOAD ./Drivers/STM32WLxx_HAL_Driver/Src/stm32wlxx_hal_tim_ex.o
LOAD ./Drivers/STM32WLxx_HAL_Driver/Src/stm32wlxx_hal_uart.o
LOAD ./Drivers/STM32WLxx_HAL_Driver/Src/stm32wlxx_hal_uart_ex.o
LOAD ./Middlewares/Third_Party/SubGHz_Phy/stm32_radio_driver/radio.o
LOAD ./Middlewares/Third_Party/SubGHz_Phy/stm32_radio_driver/radio_driver.o
LOAD ./Middlewares/Third_Party/SubGHz_Phy/stm32_radio_driver/radio_fw.o
LOAD ./SubGHz_Phy/App/app_subghz_phy.o
LOAD ./SubGHz_Phy/App/subghz_phy_app.o
LOAD ./SubGHz_Phy/Target/radio_board_if.o
LOAD ./Utilities/lpm/tiny_lpm/stm32_lpm.o
LOAD ./Utilities/misc/stm32_mem.o
LOAD ./Utilities/misc/stm32_systime.o
LOAD ./Utilities/misc/stm32_tiny_sscanf.o
LOAD ./Utilities/misc/stm32_tiny_vsnprintf.o
LOAD ./Utilities/sequencer/stm32_seq.o
LOAD ./Utilities/timer/stm32_timer.o
LOAD ./Utilities/trace/adv_trace/stm32_adv_trace.o
START GROUP
LOAD c:/st/stm32cubeide_1.6.0/stm32cubeide/plugins/com.st.stm32cube.ide.mcu.externaltools.gnu-tools-for-stm32.9-2020-q2-update.win32_2.0.0.202105311346/tools/bin/../lib/gcc/arm-none-eabi/9.3.1/../../../../arm-none-eabi/lib/thumb/v7e-m/nofp\libc_nano.a
LOAD c:/st/stm32cubeide_1.6.0/stm32cubeide/plugins/com.st.stm32cube.ide.mcu.externaltools.gnu-tools-for-stm32.9-2020-q2-update.win32_2.0.0.202105311346/tools/bin/../lib/gcc/arm-none-eabi/9.3.1/../../../../arm-none-eabi/lib/thumb/v7e-m/nofp\libm.a
END GROUP
START GROUP
LOAD c:/st/stm32cubeide_1.6.0/stm32cubeide/plugins/com.st.stm32cube.ide.mcu.externaltools.gnu-tools-for-stm32.9-2020-q2-update.win32_2.0.0.202105311346/tools/bin/../lib/gcc/arm-none-eabi/9.3.1/thumb/v7e-m/nofp\libgcc.a
LOAD c:/st/stm32cubeide_1.6.0/stm32cubeide/plugins/com.st.stm32cube.ide.mcu.externaltools.gnu-tools-for-stm32.9-2020-q2-update.win32_2.0.0.202105311346/tools/bin/../lib/gcc/arm-none-eabi/9.3.1/../../../../arm-none-eabi/lib/thumb/v7e-m/nofp\libc_nano.a
END GROUP
START GROUP
LOAD c:/st/stm32cubeide_1.6.0/stm32cubeide/plugins/com.st.stm32cube.ide.mcu.externaltools.gnu-tools-for-stm32.9-2020-q2-update.win32_2.0.0.202105311346/tools/bin/../lib/gcc/arm-none-eabi/9.3.1/thumb/v7e-m/nofp\libgcc.a
LOAD c:/st/stm32cubeide_1.6.0/stm32cubeide/plugins/com.st.stm32cube.ide.mcu.externaltools.gnu-tools-for-stm32.9-2020-q2-update.win32_2.0.0.202105311346/tools/bin/../lib/gcc/arm-none-eabi/9.3.1/../../../../arm-none-eabi/lib/thumb/v7e-m/nofp\libc_nano.a
LOAD c:/st/stm32cubeide_1.6.0/stm32cubeide/plugins/com.st.stm32cube.ide.mcu.externaltools.gnu-tools-for-stm32.9-2020-q2-update.win32_2.0.0.202105311346/tools/bin/../lib/gcc/arm-none-eabi/9.3.1/../../../../arm-none-eabi/lib/thumb/v7e-m/nofp\libnosys.a
END GROUP
START GROUP
LOAD c:/st/stm32cubeide_1.6.0/stm32cubeide/plugins/com.st.stm32cube.ide.mcu.externaltools.gnu-tools-for-stm32.9-2020-q2-update.win32_2.0.0.202105311346/tools/bin/../lib/gcc/arm-none-eabi/9.3.1/thumb/v7e-m/nofp\libgcc.a
LOAD c:/st/stm32cubeide_1.6.0/stm32cubeide/plugins/com.st.stm32cube.ide.mcu.externaltools.gnu-tools-for-stm32.9-2020-q2-update.win32_2.0.0.202105311346/tools/bin/../lib/gcc/arm-none-eabi/9.3.1/../../../../arm-none-eabi/lib/thumb/v7e-m/nofp\libc_nano.a
LOAD c:/st/stm32cubeide_1.6.0/stm32cubeide/plugins/com.st.stm32cube.ide.mcu.externaltools.gnu-tools-for-stm32.9-2020-q2-update.win32_2.0.0.202105311346/tools/bin/../lib/gcc/arm-none-eabi/9.3.1/../../../../arm-none-eabi/lib/thumb/v7e-m/nofp\libnosys.a
END GROUP
LOAD c:/st/stm32cubeide_1.6.0/stm32cubeide/plugins/com.st.stm32cube.ide.mcu.externaltools.gnu-tools-for-stm32.9-2020-q2-update.win32_2.0.0.202105311346/tools/bin/../lib/gcc/arm-none-eabi/9.3.1/thumb/v7e-m/nofp/crtend.o
LOAD c:/st/stm32cubeide_1.6.0/stm32cubeide/plugins/com.st.stm32cube.ide.mcu.externaltools.gnu-tools-for-stm32.9-2020-q2-update.win32_2.0.0.202105311346/tools/bin/../lib/gcc/arm-none-eabi/9.3.1/thumb/v7e-m/nofp/crtn.o
                0x0000000020008000                _estack = (ORIGIN (RAM1) + LENGTH (RAM1))
                0x0000000000000200                _Min_Heap_Size = 0x200
                0x0000000000000800                _Min_Stack_Size = 0x800

.isr_vector     0x0000000008000000      0x138
                0x0000000008000000                . = ALIGN (0x4)
 *(.isr_vector)
 .isr_vector    0x0000000008000000      0x138 ./Core/Startup/startup_stm32wl55jcix.o
                0x0000000008000000                g_pfnVectors
                0x0000000008000138                . = ALIGN (0x4)

.text           0x0000000008000140     0x836c
                0x0000000008000140                . = ALIGN (0x4)
 *(.text)
 .text          0x0000000008000140       0x40 c:/st/stm32cubeide_1.6.0/stm32cubeide/plugins/com.st.stm32cube.ide.mcu.externaltools.gnu-tools-for-stm32.9-2020-q2-update.win32_2.0.0.202105311346/tools/bin/../lib/gcc/arm-none-eabi/9.3.1/thumb/v7e-m/nofp/crtbegin.o
 .text          0x0000000008000180       0x10 c:/st/stm32cubeide_1.6.0/stm32cubeide/plugins/com.st.stm32cube.ide.mcu.externaltools.gnu-tools-for-stm32.9-2020-q2-update.win32_2.0.0.202105311346/tools/bin/../lib/gcc/arm-none-eabi/9.3.1/../../../../arm-none-eabi/lib/thumb/v7e-m/nofp\libc_nano.a(lib_a-strlen.o)
                0x0000000008000180                strlen
 .text          0x0000000008000190       0xa0 c:/st/stm32cubeide_1.6.0/stm32cubeide/plugins/com.st.stm32cube.ide.mcu.externaltools.gnu-tools-for-stm32.9-2020-q2-update.win32_2.0.0.202105311346/tools/bin/../lib/gcc/arm-none-eabi/9.3.1/../../../../arm-none-eabi/lib/thumb/v7e-m/nofp\libc_nano.a(lib_a-memchr.o)
                0x0000000008000190                memchr
 .text          0x0000000008000230       0x30 c:/st/stm32cubeide_1.6.0/stm32cubeide/plugins/com.st.stm32cube.ide.mcu.externaltools.gnu-tools-for-stm32.9-2020-q2-update.win32_2.0.0.202105311346/tools/bin/../lib/gcc/arm-none-eabi/9.3.1/thumb/v7e-m/nofp\libgcc.a(_aeabi_uldivmod.o)
                0x0000000008000230                __aeabi_uldivmod
 .text          0x0000000008000260      0x2c0 c:/st/stm32cubeide_1.6.0/stm32cubeide/plugins/com.st.stm32cube.ide.mcu.externaltools.gnu-tools-for-stm32.9-2020-q2-update.win32_2.0.0.202105311346/tools/bin/../lib/gcc/arm-none-eabi/9.3.1/thumb/v7e-m/nofp\libgcc.a(_udivmoddi4.o)
                0x0000000008000260                __udivmoddi4
 .text          0x0000000008000520        0x4 c:/st/stm32cubeide_1.6.0/stm32cubeide/plugins/com.st.stm32cube.ide.mcu.externaltools.gnu-tools-for-stm32.9-2020-q2-update.win32_2.0.0.202105311346/tools/bin/../lib/gcc/arm-none-eabi/9.3.1/thumb/v7e-m/nofp\libgcc.a(_dvmd_tls.o)
                0x0000000008000520                __aeabi_idiv0
                0x0000000008000520                __aeabi_ldiv0
 *(.text*)
 .text.MX_ADC_Init
                0x0000000008000524       0x58 ./Core/Src/adc.o
                0x0000000008000524                MX_ADC_Init
 .text.HAL_ADC_MspInit
                0x000000000800057c       0x28 ./Core/Src/adc.o
                0x000000000800057c                HAL_ADC_MspInit
 .text.HAL_ADC_MspDeInit
                0x00000000080005a4       0x1c ./Core/Src/adc.o
                0x00000000080005a4                HAL_ADC_MspDeInit
 .text.ADC_ReadChannels
                0x00000000080005c0       0x68 ./Core/Src/adc_if.o
 .text.SYS_InitMeasurement
                0x0000000008000628       0x10 ./Core/Src/adc_if.o
                0x0000000008000628                SYS_InitMeasurement
 .text.SYS_GetBatteryLevel
                0x0000000008000638       0x34 ./Core/Src/adc_if.o
                0x0000000008000638                SYS_GetBatteryLevel
 .text.SYS_GetTemperatureLevel
                0x000000000800066c       0x7c ./Core/Src/adc_if.o
                0x000000000800066c                SYS_GetTemperatureLevel
 .text.LL_AHB2_GRP1_EnableClock
                0x00000000080006e8       0x18 ./Core/Src/board_resources.o
 .text.SYS_LED_Init
                0x0000000008000700       0x50 ./Core/Src/board_resources.o
                0x0000000008000700                SYS_LED_Init
 .text.SYS_LED_On
                0x0000000008000750       0x20 ./Core/Src/board_resources.o
                0x0000000008000750                SYS_LED_On
 .text.SYS_LED_Off
                0x0000000008000770       0x20 ./Core/Src/board_resources.o
                0x0000000008000770                SYS_LED_Off
 .text.MX_DMA_Init
                0x0000000008000790       0x40 ./Core/Src/dma.o
                0x0000000008000790                MX_DMA_Init
 .text.SystemClock_Config
                0x00000000080007d0       0x8c ./Core/Src/main.o
                0x00000000080007d0                SystemClock_Config
 .text.startup.main
                0x000000000800085c       0x14 ./Core/Src/main.o
                0x000000000800085c                main
 .text.Error_Handler
                0x0000000008000870        0x4 ./Core/Src/main.o
                0x0000000008000870                Error_Handler
 .text.MX_RTC_Init
                0x0000000008000874       0x74 ./Core/Src/rtc.o
                0x0000000008000874                MX_RTC_Init
 .text.HAL_RTC_MspInit
                0x00000000080008e8       0x7c ./Core/Src/rtc.o
                0x00000000080008e8                HAL_RTC_MspInit
 .text.PWR_EnterOffMode
                0x0000000008000964        0x2 ./Core/Src/stm32_lpm_if.o
                0x0000000008000964                PWR_EnterOffMode
 *fill*         0x0000000008000966        0x2 
 .text.PWR_EnterStopMode
                0x0000000008000968       0x1c ./Core/Src/stm32_lpm_if.o
                0x0000000008000968                PWR_EnterStopMode
 .text.PWR_ExitSleepMode
                0x0000000008000984        0x4 ./Core/Src/stm32_lpm_if.o
                0x0000000008000984                PWR_ExitSleepMode
 .text.PWR_ExitStopMode
                0x0000000008000988        0xe ./Core/Src/stm32_lpm_if.o
                0x0000000008000988                PWR_ExitStopMode
 .text.PWR_EnterSleepMode
                0x0000000008000996       0x12 ./Core/Src/stm32_lpm_if.o
                0x0000000008000996                PWR_EnterSleepMode
 .text.PWR_ExitOffMode
                0x00000000080009a8        0x2 ./Core/Src/stm32_lpm_if.o
                0x00000000080009a8                PWR_ExitOffMode
 .text.HAL_MspInit
                0x00000000080009aa        0x2 ./Core/Src/stm32wlxx_hal_msp.o
                0x00000000080009aa                HAL_MspInit
 .text.NMI_Handler
                0x00000000080009ac        0x2 ./Core/Src/stm32wlxx_it.o
                0x00000000080009ac                NMI_Handler
 .text.HardFault_Handler
                0x00000000080009ae        0x2 ./Core/Src/stm32wlxx_it.o
                0x00000000080009ae                HardFault_Handler
 .text.MemManage_Handler
                0x00000000080009b0        0x2 ./Core/Src/stm32wlxx_it.o
                0x00000000080009b0                MemManage_Handler
 .text.BusFault_Handler
                0x00000000080009b2        0x2 ./Core/Src/stm32wlxx_it.o
                0x00000000080009b2                BusFault_Handler
 .text.UsageFault_Handler
                0x00000000080009b4        0x2 ./Core/Src/stm32wlxx_it.o
                0x00000000080009b4                UsageFault_Handler
 .text.SVC_Handler
                0x00000000080009b6        0x2 ./Core/Src/stm32wlxx_it.o
                0x00000000080009b6                SVC_Handler
 .text.DebugMon_Handler
                0x00000000080009b8        0x2 ./Core/Src/stm32wlxx_it.o
                0x00000000080009b8                DebugMon_Handler
 .text.PendSV_Handler
                0x00000000080009ba        0x2 ./Core/Src/stm32wlxx_it.o
                0x00000000080009ba                PendSV_Handler
 .text.SysTick_Handler
                0x00000000080009bc        0x4 ./Core/Src/stm32wlxx_it.o
                0x00000000080009bc                SysTick_Handler
 .text.TAMP_STAMP_LSECSS_SSRU_IRQHandler
                0x00000000080009c0        0xc ./Core/Src/stm32wlxx_it.o
                0x00000000080009c0                TAMP_STAMP_LSECSS_SSRU_IRQHandler
 .text.DMA1_Channel5_IRQHandler
                0x00000000080009cc        0xc ./Core/Src/stm32wlxx_it.o
                0x00000000080009cc                DMA1_Channel5_IRQHandler
 .text.USART2_IRQHandler
                0x00000000080009d8        0xc ./Core/Src/stm32wlxx_it.o
                0x00000000080009d8                USART2_IRQHandler
 .text.RTC_Alarm_IRQHandler
                0x00000000080009e4        0xc ./Core/Src/stm32wlxx_it.o
                0x00000000080009e4                RTC_Alarm_IRQHandler
 .text.SUBGHZ_Radio_IRQHandler
                0x00000000080009f0        0xc ./Core/Src/stm32wlxx_it.o
                0x00000000080009f0                SUBGHZ_Radio_IRQHandler
 .text.MX_SUBGHZ_Init
                0x00000000080009fc       0x1c ./Core/Src/subghz.o
                0x00000000080009fc                MX_SUBGHZ_Init
 .text.HAL_SUBGHZ_MspInit
                0x0000000008000a18       0x2e ./Core/Src/subghz.o
                0x0000000008000a18                HAL_SUBGHZ_MspInit
 .text.LL_AHB2_GRP1_EnableClock
                0x0000000008000a46       0x18 ./Core/Src/sys_app.o
 *fill*         0x0000000008000a5e        0x2 
 .text.tiny_snprintf_like.constprop.0
                0x0000000008000a60       0x20 ./Core/Src/sys_app.o
 .text.TimestampNow
                0x0000000008000a80       0x30 ./Core/Src/sys_app.o
 .text.SystemApp_Init
                0x0000000008000ab0       0xc8 ./Core/Src/sys_app.o
                0x0000000008000ab0                SystemApp_Init
 .text.UTIL_SEQ_Idle
                0x0000000008000b78        0x4 ./Core/Src/sys_app.o
                0x0000000008000b78                UTIL_SEQ_Idle
 .text.GetBatteryLevel
                0x0000000008000b7c       0x48 ./Core/Src/sys_app.o
                0x0000000008000b7c                GetBatteryLevel
 .text.GetTemperatureLevel
                0x0000000008000bc4       0x12 ./Core/Src/sys_app.o
                0x0000000008000bc4                GetTemperatureLevel
 .text.UTIL_ADV_TRACE_PreSendHook
                0x0000000008000bd6        0x8 ./Core/Src/sys_app.o
                0x0000000008000bd6                UTIL_ADV_TRACE_PreSendHook
 .text.UTIL_ADV_TRACE_PostSendHook
                0x0000000008000bde        0x8 ./Core/Src/sys_app.o
                0x0000000008000bde                UTIL_ADV_TRACE_PostSendHook
 .text.HAL_InitTick
                0x0000000008000be6        0x4 ./Core/Src/sys_app.o
                0x0000000008000be6                HAL_InitTick
 .text.HAL_GetTick
                0x0000000008000bea        0x4 ./Core/Src/sys_app.o
                0x0000000008000bea                HAL_GetTick
 .text.HAL_Delay
                0x0000000008000bee        0xc ./Core/Src/sys_app.o
                0x0000000008000bee                HAL_Delay
 .text.DBG_ConfigForLpm
                0x0000000008000bfa       0x12 ./Core/Src/sys_debug.o
                0x0000000008000bfa                DBG_ConfigForLpm
 .text.DBG_Disable
                0x0000000008000c0c       0x40 ./Core/Src/sys_debug.o
                0x0000000008000c0c                DBG_Disable
 .text.DBG_ProbesInit
                0x0000000008000c4c        0x2 ./Core/Src/sys_debug.o
                0x0000000008000c4c                DBG_ProbesInit
 .text._getpid  0x0000000008000c4e        0x4 ./Core/Src/syscalls.o
                0x0000000008000c4e                _getpid
 .text._kill    0x0000000008000c52       0x10 ./Core/Src/syscalls.o
                0x0000000008000c52                _kill
 .text._exit    0x0000000008000c62        0xc ./Core/Src/syscalls.o
                0x0000000008000c62                _exit
 .text._read    0x0000000008000c6e       0x1a ./Core/Src/syscalls.o
                0x0000000008000c6e                _read
 .text._write   0x0000000008000c88       0x1a ./Core/Src/syscalls.o
                0x0000000008000c88                _write
 .text._close   0x0000000008000ca2        0x6 ./Core/Src/syscalls.o
                0x0000000008000ca2                _close
 .text._fstat   0x0000000008000ca8        0xa ./Core/Src/syscalls.o
                0x0000000008000ca8                _fstat
 .text._isatty  0x0000000008000cb2        0x4 ./Core/Src/syscalls.o
                0x0000000008000cb2                _isatty
 .text._lseek   0x0000000008000cb6        0x4 ./Core/Src/syscalls.o
                0x0000000008000cb6                _lseek
 *fill*         0x0000000008000cba        0x2 
 .text._sbrk    0x0000000008000cbc       0x40 ./Core/Src/sysmem.o
                0x0000000008000cbc                _sbrk
 .text.SystemInit
                0x0000000008000cfc        0x2 ./Core/Src/system_stm32wlxx.o
                0x0000000008000cfc                SystemInit
 *fill*         0x0000000008000cfe        0x2 
 .text.TIMER_IF_SetTimerContext
                0x0000000008000d00       0x14 ./Core/Src/timer_if.o
                0x0000000008000d00                TIMER_IF_SetTimerContext
 .text.TIMER_IF_GetTimerContext
                0x0000000008000d14        0xc ./Core/Src/timer_if.o
                0x0000000008000d14                TIMER_IF_GetTimerContext
 .text.TIMER_IF_GetTimerElapsedTime
                0x0000000008000d20       0x18 ./Core/Src/timer_if.o
                0x0000000008000d20                TIMER_IF_GetTimerElapsedTime
 .text.TIMER_IF_GetTimerValue
                0x0000000008000d38       0x18 ./Core/Src/timer_if.o
                0x0000000008000d38                TIMER_IF_GetTimerValue
 .text.TIMER_IF_GetMinimumTimeout
                0x0000000008000d50        0x4 ./Core/Src/timer_if.o
                0x0000000008000d50                TIMER_IF_GetMinimumTimeout
 .text.TIMER_IF_Convert_ms2Tick
                0x0000000008000d54       0x14 ./Core/Src/timer_if.o
                0x0000000008000d54                TIMER_IF_Convert_ms2Tick
 .text.TIMER_IF_Convert_Tick2ms
                0x0000000008000d68       0x10 ./Core/Src/timer_if.o
                0x0000000008000d68                TIMER_IF_Convert_Tick2ms
 .text.TIMER_IF_StopTimer
                0x0000000008000d78       0x28 ./Core/Src/timer_if.o
                0x0000000008000d78                TIMER_IF_StopTimer
 .text.TIMER_IF_BkUp_Write_Seconds
                0x0000000008000da0       0x10 ./Core/Src/timer_if.o
                0x0000000008000da0                TIMER_IF_BkUp_Write_Seconds
 .text.TIMER_IF_BkUp_Write_SubSeconds
                0x0000000008000db0       0x10 ./Core/Src/timer_if.o
                0x0000000008000db0                TIMER_IF_BkUp_Write_SubSeconds
 .text.TIMER_IF_StartTimer
                0x0000000008000dc0       0x50 ./Core/Src/timer_if.o
                0x0000000008000dc0                TIMER_IF_StartTimer
 .text.TIMER_IF_GetTime
                0x0000000008000e10       0x3c ./Core/Src/timer_if.o
                0x0000000008000e10                TIMER_IF_GetTime
 .text.TIMER_IF_BkUp_Read_Seconds
                0x0000000008000e4c        0xc ./Core/Src/timer_if.o
                0x0000000008000e4c                TIMER_IF_BkUp_Read_Seconds
 .text.TIMER_IF_BkUp_Read_SubSeconds
                0x0000000008000e58        0xc ./Core/Src/timer_if.o
                0x0000000008000e58                TIMER_IF_BkUp_Read_SubSeconds
 .text.TIMER_IF_Init
                0x0000000008000e64       0x48 ./Core/Src/timer_if.o
                0x0000000008000e64                TIMER_IF_Init
 .text.TIMER_IF_DelayMs
                0x0000000008000eac       0x2c ./Core/Src/timer_if.o
                0x0000000008000eac                TIMER_IF_DelayMs
 .text.HAL_RTC_AlarmAEventCallback
                0x0000000008000ed8        0x4 ./Core/Src/timer_if.o
                0x0000000008000ed8                HAL_RTC_AlarmAEventCallback
 .text.HAL_RTCEx_SSRUEventCallback
                0x0000000008000edc       0x20 ./Core/Src/timer_if.o
                0x0000000008000edc                HAL_RTCEx_SSRUEventCallback
 .text.MX_USART2_UART_Init
                0x0000000008000efc       0x64 ./Core/Src/usart.o
                0x0000000008000efc                MX_USART2_UART_Init
 .text.HAL_UART_MspInit
                0x0000000008000f60       0xdc ./Core/Src/usart.o
                0x0000000008000f60                HAL_UART_MspInit
 .text.HAL_UART_MspDeInit
                0x000000000800103c       0x38 ./Core/Src/usart.o
                0x000000000800103c                HAL_UART_MspDeInit
 .text.vcom_Trace_DMA
                0x0000000008001074       0x14 ./Core/Src/usart_if.o
                0x0000000008001074                vcom_Trace_DMA
 .text.vcom_ReceiveInit
                0x0000000008001088       0x54 ./Core/Src/usart_if.o
                0x0000000008001088                vcom_ReceiveInit
 .text.vcom_Init
                0x00000000080010dc       0x28 ./Core/Src/usart_if.o
                0x00000000080010dc                vcom_Init
 .text.vcom_DeInit
                0x0000000008001104       0x2c ./Core/Src/usart_if.o
                0x0000000008001104                vcom_DeInit
 .text.vcom_Resume
                0x0000000008001130       0x28 ./Core/Src/usart_if.o
                0x0000000008001130                vcom_Resume
 .text.HAL_UART_TxCpltCallback
                0x0000000008001158        0xc ./Core/Src/usart_if.o
                0x0000000008001158                HAL_UART_TxCpltCallback
 .text.HAL_UART_RxCpltCallback
                0x0000000008001164       0x2c ./Core/Src/usart_if.o
                0x0000000008001164                HAL_UART_RxCpltCallback
 .text.Reset_Handler
                0x0000000008001190       0x50 ./Core/Startup/startup_stm32wl55jcix.o
                0x0000000008001190                Reset_Handler
 .text.Default_Handler
                0x00000000080011e0        0x2 ./Core/Startup/startup_stm32wl55jcix.o
                0x00000000080011e0                EXTI2_IRQHandler
                0x00000000080011e0                TIM1_CC_IRQHandler
                0x00000000080011e0                EXTI3_IRQHandler
                0x00000000080011e0                LPTIM2_IRQHandler
                0x00000000080011e0                I2C3_ER_IRQHandler
                0x00000000080011e0                LPTIM3_IRQHandler
                0x00000000080011e0                EXTI0_IRQHandler
                0x00000000080011e0                I2C2_EV_IRQHandler
                0x00000000080011e0                SPI1_IRQHandler
                0x00000000080011e0                DMA2_Channel2_IRQHandler
                0x00000000080011e0                DMA1_Channel4_IRQHandler
                0x00000000080011e0                PKA_IRQHandler
                0x00000000080011e0                TIM17_IRQHandler
                0x00000000080011e0                DMA1_Channel7_IRQHandler
                0x00000000080011e0                SUBGHZSPI_IRQHandler
                0x00000000080011e0                IPCC_C1_TX_IRQHandler
                0x00000000080011e0                DMA2_Channel1_IRQHandler
                0x00000000080011e0                I2C1_EV_IRQHandler
                0x00000000080011e0                DMAMUX1_OVR_IRQHandler
                0x00000000080011e0                DMA1_Channel6_IRQHandler
                0x00000000080011e0                TIM16_IRQHandler
                0x00000000080011e0                DMA2_Channel4_IRQHandler
                0x00000000080011e0                RCC_IRQHandler
                0x00000000080011e0                TIM1_TRG_COM_IRQHandler
                0x00000000080011e0                DMA1_Channel1_IRQHandler
                0x00000000080011e0                Default_Handler
                0x00000000080011e0                DMA2_Channel7_IRQHandler
                0x00000000080011e0                EXTI15_10_IRQHandler
                0x00000000080011e0                IPCC_C1_RX_IRQHandler
                0x00000000080011e0                ADC_IRQHandler
                0x00000000080011e0                C2SEV_PWR_C2H_IRQHandler
                0x00000000080011e0                I2C3_EV_IRQHandler
                0x00000000080011e0                EXTI9_5_IRQHandler
                0x00000000080011e0                RTC_WKUP_IRQHandler
                0x00000000080011e0                PVD_PVM_IRQHandler
                0x00000000080011e0                SPI2_IRQHandler
                0x00000000080011e0                DMA2_Channel5_IRQHandler
                0x00000000080011e0                EXTI4_IRQHandler
                0x00000000080011e0                RNG_IRQHandler
                0x00000000080011e0                DMA1_Channel3_IRQHandler
                0x00000000080011e0                COMP_IRQHandler
                0x00000000080011e0                HSEM_IRQHandler
                0x00000000080011e0                TIM1_UP_IRQHandler
                0x00000000080011e0                WWDG_IRQHandler
                0x00000000080011e0                LPUART1_IRQHandler
                0x00000000080011e0                DMA2_Channel6_IRQHandler
                0x00000000080011e0                TIM2_IRQHandler
                0x00000000080011e0                TIM1_BRK_IRQHandler
                0x00000000080011e0                DAC_IRQHandler
                0x00000000080011e0                EXTI1_IRQHandler
                0x00000000080011e0                AES_IRQHandler
                0x00000000080011e0                I2C2_ER_IRQHandler
                0x00000000080011e0                DMA1_Channel2_IRQHandler
                0x00000000080011e0                FLASH_IRQHandler
                0x00000000080011e0                USART1_IRQHandler
                0x00000000080011e0                I2C1_ER_IRQHandler
                0x00000000080011e0                LPTIM1_IRQHandler
                0x00000000080011e0                DMA2_Channel3_IRQHandler
 *fill*         0x00000000080011e2        0x2 
 .text.HAL_Init
                0x00000000080011e4       0x2c ./Drivers/STM32WLxx_HAL_Driver/Src/stm32wlxx_hal.o
                0x00000000080011e4                HAL_Init
 .text.HAL_IncTick
                0x0000000008001210       0x18 ./Drivers/STM32WLxx_HAL_Driver/Src/stm32wlxx_hal.o
                0x0000000008001210                HAL_IncTick
 .text.HAL_SuspendTick
                0x0000000008001228       0x10 ./Drivers/STM32WLxx_HAL_Driver/Src/stm32wlxx_hal.o
                0x0000000008001228                HAL_SuspendTick
 .text.HAL_ResumeTick
                0x0000000008001238       0x10 ./Drivers/STM32WLxx_HAL_Driver/Src/stm32wlxx_hal.o
                0x0000000008001238                HAL_ResumeTick
 .text.HAL_DBGMCU_DisableDBGSleepMode
                0x0000000008001248       0x10 ./Drivers/STM32WLxx_HAL_Driver/Src/stm32wlxx_hal.o
                0x0000000008001248                HAL_DBGMCU_DisableDBGSleepMode
 .text.HAL_DBGMCU_DisableDBGStopMode
                0x0000000008001258       0x10 ./Drivers/STM32WLxx_HAL_Driver/Src/stm32wlxx_hal.o
                0x0000000008001258                HAL_DBGMCU_DisableDBGStopMode
 .text.HAL_DBGMCU_DisableDBGStandbyMode
                0x0000000008001268       0x10 ./Drivers/STM32WLxx_HAL_Driver/Src/stm32wlxx_hal.o
                0x0000000008001268                HAL_DBGMCU_DisableDBGStandbyMode
 .text.LL_ADC_REG_IsConversionOngoing
                0x0000000008001278        0x8 ./Drivers/STM32WLxx_HAL_Driver/Src/stm32wlxx_hal_adc.o
 .text.HAL_ADC_Init
                0x0000000008001280      0x248 ./Drivers/STM32WLxx_HAL_Driver/Src/stm32wlxx_hal_adc.o
                0x0000000008001280                HAL_ADC_Init
 .text.HAL_ADC_PollForConversion
                0x00000000080014c8       0xb6 ./Drivers/STM32WLxx_HAL_Driver/Src/stm32wlxx_hal_adc.o
                0x00000000080014c8                HAL_ADC_PollForConversion
 .text.HAL_ADC_GetValue
                0x000000000800157e        0x6 ./Drivers/STM32WLxx_HAL_Driver/Src/stm32wlxx_hal_adc.o
                0x000000000800157e                HAL_ADC_GetValue
 .text.HAL_ADC_ConfigChannel
                0x0000000008001584      0x1a4 ./Drivers/STM32WLxx_HAL_Driver/Src/stm32wlxx_hal_adc.o
                0x0000000008001584                HAL_ADC_ConfigChannel
 .text.ADC_ConversionStop
                0x0000000008001728       0x5c ./Drivers/STM32WLxx_HAL_Driver/Src/stm32wlxx_hal_adc.o
                0x0000000008001728                ADC_ConversionStop
 .text.ADC_Enable
                0x0000000008001784       0xb4 ./Drivers/STM32WLxx_HAL_Driver/Src/stm32wlxx_hal_adc.o
                0x0000000008001784                ADC_Enable
 .text.HAL_ADC_Start
                0x0000000008001838       0x5c ./Drivers/STM32WLxx_HAL_Driver/Src/stm32wlxx_hal_adc.o
                0x0000000008001838                HAL_ADC_Start
 .text.ADC_Disable
                0x0000000008001894       0x68 ./Drivers/STM32WLxx_HAL_Driver/Src/stm32wlxx_hal_adc.o
                0x0000000008001894                ADC_Disable
 .text.HAL_ADC_DeInit
                0x00000000080018fc       0x98 ./Drivers/STM32WLxx_HAL_Driver/Src/stm32wlxx_hal_adc.o
                0x00000000080018fc                HAL_ADC_DeInit
 .text.HAL_ADC_Stop
                0x0000000008001994       0x3c ./Drivers/STM32WLxx_HAL_Driver/Src/stm32wlxx_hal_adc.o
                0x0000000008001994                HAL_ADC_Stop
 .text.HAL_ADCEx_Calibration_Start
                0x00000000080019d0       0x96 ./Drivers/STM32WLxx_HAL_Driver/Src/stm32wlxx_hal_adc_ex.o
                0x00000000080019d0                HAL_ADCEx_Calibration_Start
 *fill*         0x0000000008001a66        0x2 
 .text.HAL_NVIC_SetPriorityGrouping
                0x0000000008001a68       0x24 ./Drivers/STM32WLxx_HAL_Driver/Src/stm32wlxx_hal_cortex.o
                0x0000000008001a68                HAL_NVIC_SetPriorityGrouping
 .text.HAL_NVIC_SetPriority
                0x0000000008001a8c       0x64 ./Drivers/STM32WLxx_HAL_Driver/Src/stm32wlxx_hal_cortex.o
                0x0000000008001a8c                HAL_NVIC_SetPriority
 .text.HAL_NVIC_EnableIRQ
                0x0000000008001af0       0x1c ./Drivers/STM32WLxx_HAL_Driver/Src/stm32wlxx_hal_cortex.o
                0x0000000008001af0                HAL_NVIC_EnableIRQ
 .text.HAL_NVIC_DisableIRQ
                0x0000000008001b0c       0x28 ./Drivers/STM32WLxx_HAL_Driver/Src/stm32wlxx_hal_cortex.o
                0x0000000008001b0c                HAL_NVIC_DisableIRQ
 .text.DMA_SetConfig
                0x0000000008001b34       0x34 ./Drivers/STM32WLxx_HAL_Driver/Src/stm32wlxx_hal_dma.o
 .text.DMA_CalcDMAMUXChannelBaseAndMask
                0x0000000008001b68       0x4c ./Drivers/STM32WLxx_HAL_Driver/Src/stm32wlxx_hal_dma.o
 .text.HAL_DMA_Init
                0x0000000008001bb4       0xe4 ./Drivers/STM32WLxx_HAL_Driver/Src/stm32wlxx_hal_dma.o
                0x0000000008001bb4                HAL_DMA_Init
 .text.HAL_DMA_DeInit
                0x0000000008001c98       0xb0 ./Drivers/STM32WLxx_HAL_Driver/Src/stm32wlxx_hal_dma.o
                0x0000000008001c98                HAL_DMA_DeInit
 .text.HAL_DMA_Start_IT
                0x0000000008001d48       0x8a ./Drivers/STM32WLxx_HAL_Driver/Src/stm32wlxx_hal_dma.o
                0x0000000008001d48                HAL_DMA_Start_IT
 .text.HAL_DMA_Abort
                0x0000000008001dd2       0x6a ./Drivers/STM32WLxx_HAL_Driver/Src/stm32wlxx_hal_dma.o
                0x0000000008001dd2                HAL_DMA_Abort
 .text.HAL_DMA_Abort_IT
                0x0000000008001e3c       0x6e ./Drivers/STM32WLxx_HAL_Driver/Src/stm32wlxx_hal_dma.o
                0x0000000008001e3c                HAL_DMA_Abort_IT
 *fill*         0x0000000008001eaa        0x2 
 .text.HAL_DMA_IRQHandler
                0x0000000008001eac       0xac ./Drivers/STM32WLxx_HAL_Driver/Src/stm32wlxx_hal_dma.o
                0x0000000008001eac                HAL_DMA_IRQHandler
 .text.HAL_DMA_ConfigChannelAttributes
                0x0000000008001f58       0x20 ./Drivers/STM32WLxx_HAL_Driver/Src/stm32wlxx_hal_dma.o
                0x0000000008001f58                HAL_DMA_ConfigChannelAttributes
 .text.HAL_GPIO_Init
                0x0000000008001f78      0x158 ./Drivers/STM32WLxx_HAL_Driver/Src/stm32wlxx_hal_gpio.o
                0x0000000008001f78                HAL_GPIO_Init
 .text.HAL_GPIO_DeInit
                0x00000000080020d0       0xe8 ./Drivers/STM32WLxx_HAL_Driver/Src/stm32wlxx_hal_gpio.o
                0x00000000080020d0                HAL_GPIO_DeInit
 .text.HAL_GPIO_WritePin
                0x00000000080021b8        0xa ./Drivers/STM32WLxx_HAL_Driver/Src/stm32wlxx_hal_gpio.o
                0x00000000080021b8                HAL_GPIO_WritePin
 *fill*         0x00000000080021c2        0x2 
 .text.HAL_PWR_EnableBkUpAccess
                0x00000000080021c4       0x10 ./Drivers/STM32WLxx_HAL_Driver/Src/stm32wlxx_hal_pwr.o
                0x00000000080021c4                HAL_PWR_EnableBkUpAccess
 .text.HAL_PWR_EnterSLEEPMode
                0x00000000080021d4       0x40 ./Drivers/STM32WLxx_HAL_Driver/Src/stm32wlxx_hal_pwr.o
                0x00000000080021d4                HAL_PWR_EnterSLEEPMode
 .text.HAL_PWREx_GetVoltageRange
                0x0000000008002214       0x10 ./Drivers/STM32WLxx_HAL_Driver/Src/stm32wlxx_hal_pwr_ex.o
                0x0000000008002214                HAL_PWREx_GetVoltageRange
 .text.HAL_PWREx_EnableLowPowerRunMode
                0x0000000008002224       0x10 ./Drivers/STM32WLxx_HAL_Driver/Src/stm32wlxx_hal_pwr_ex.o
                0x0000000008002224                HAL_PWREx_EnableLowPowerRunMode
 .text.HAL_PWREx_DisableLowPowerRunMode
                0x0000000008002234       0x44 ./Drivers/STM32WLxx_HAL_Driver/Src/stm32wlxx_hal_pwr_ex.o
                0x0000000008002234                HAL_PWREx_DisableLowPowerRunMode
 .text.HAL_PWREx_EnterSTOP2Mode
                0x0000000008002278       0x38 ./Drivers/STM32WLxx_HAL_Driver/Src/stm32wlxx_hal_pwr_ex.o
                0x0000000008002278                HAL_PWREx_EnterSTOP2Mode
 .text.LL_RCC_HSE_IsReady
                0x00000000080022b0        0xc ./Drivers/STM32WLxx_HAL_Driver/Src/stm32wlxx_hal_rcc.o
 .text.LL_RCC_HSI_IsReady
                0x00000000080022bc        0xc ./Drivers/STM32WLxx_HAL_Driver/Src/stm32wlxx_hal_rcc.o
 .text.LL_RCC_MSI_IsReady
                0x00000000080022c8        0xc ./Drivers/STM32WLxx_HAL_Driver/Src/stm32wlxx_hal_rcc.o
 .text.LL_RCC_MSI_SetCalibTrimming
                0x00000000080022d4       0x12 ./Drivers/STM32WLxx_HAL_Driver/Src/stm32wlxx_hal_rcc.o
 .text.LL_RCC_PLL_IsReady
                0x00000000080022e6        0xc ./Drivers/STM32WLxx_HAL_Driver/Src/stm32wlxx_hal_rcc.o
 *fill*         0x00000000080022f2        0x2 
 .text.RCC_SetFlashLatencyFromMSIRange
                0x00000000080022f4       0xd4 ./Drivers/STM32WLxx_HAL_Driver/Src/stm32wlxx_hal_rcc.o
 .text.HAL_RCC_GetSysClockFreq
                0x00000000080023c8       0xdc ./Drivers/STM32WLxx_HAL_Driver/Src/stm32wlxx_hal_rcc.o
                0x00000000080023c8                HAL_RCC_GetSysClockFreq
 .text.HAL_RCC_GetHCLKFreq
                0x00000000080024a4       0x20 ./Drivers/STM32WLxx_HAL_Driver/Src/stm32wlxx_hal_rcc.o
                0x00000000080024a4                HAL_RCC_GetHCLKFreq
 .text.HAL_RCC_OscConfig
                0x00000000080024c4      0x540 ./Drivers/STM32WLxx_HAL_Driver/Src/stm32wlxx_hal_rcc.o
                0x00000000080024c4                HAL_RCC_OscConfig
 .text.HAL_RCC_ClockConfig
                0x0000000008002a04      0x1f0 ./Drivers/STM32WLxx_HAL_Driver/Src/stm32wlxx_hal_rcc.o
                0x0000000008002a04                HAL_RCC_ClockConfig
 .text.HAL_RCC_GetPCLK1Freq
                0x0000000008002bf4       0x20 ./Drivers/STM32WLxx_HAL_Driver/Src/stm32wlxx_hal_rcc.o
                0x0000000008002bf4                HAL_RCC_GetPCLK1Freq
 .text.HAL_RCC_GetPCLK2Freq
                0x0000000008002c14       0x20 ./Drivers/STM32WLxx_HAL_Driver/Src/stm32wlxx_hal_rcc.o
                0x0000000008002c14                HAL_RCC_GetPCLK2Freq
 .text.LL_RCC_LSE_IsReady
                0x0000000008002c34        0xe ./Drivers/STM32WLxx_HAL_Driver/Src/stm32wlxx_hal_rcc_ex.o
 .text.LL_RCC_SetI2CClockSource
                0x0000000008002c42       0x20 ./Drivers/STM32WLxx_HAL_Driver/Src/stm32wlxx_hal_rcc_ex.o
 .text.LL_RCC_SetLPTIMClockSource
                0x0000000008002c62       0x1a ./Drivers/STM32WLxx_HAL_Driver/Src/stm32wlxx_hal_rcc_ex.o
 .text.HAL_RCCEx_PeriphCLKConfig
                0x0000000008002c7c      0x1ac ./Drivers/STM32WLxx_HAL_Driver/Src/stm32wlxx_hal_rcc_ex.o
                0x0000000008002c7c                HAL_RCCEx_PeriphCLKConfig
 .text.HAL_RTC_DeactivateAlarm
                0x0000000008002e28       0x78 ./Drivers/STM32WLxx_HAL_Driver/Src/stm32wlxx_hal_rtc.o
                0x0000000008002e28                HAL_RTC_DeactivateAlarm
 .text.HAL_RTC_AlarmIRQHandler
                0x0000000008002ea0       0x34 ./Drivers/STM32WLxx_HAL_Driver/Src/stm32wlxx_hal_rtc.o
                0x0000000008002ea0                HAL_RTC_AlarmIRQHandler
 .text.HAL_RTC_WaitForSynchro
                0x0000000008002ed4       0x30 ./Drivers/STM32WLxx_HAL_Driver/Src/stm32wlxx_hal_rtc.o
                0x0000000008002ed4                HAL_RTC_WaitForSynchro
 .text.RTC_EnterInitMode
                0x0000000008002f04       0x50 ./Drivers/STM32WLxx_HAL_Driver/Src/stm32wlxx_hal_rtc.o
                0x0000000008002f04                RTC_EnterInitMode
 .text.RTC_ExitInitMode
                0x0000000008002f54       0x48 ./Drivers/STM32WLxx_HAL_Driver/Src/stm32wlxx_hal_rtc.o
                0x0000000008002f54                RTC_ExitInitMode
 .text.HAL_RTC_Init
                0x0000000008002f9c       0xa0 ./Drivers/STM32WLxx_HAL_Driver/Src/stm32wlxx_hal_rtc.o
                0x0000000008002f9c                HAL_RTC_Init
 .text.RTC_ByteToBcd2
                0x000000000800303c       0x16 ./Drivers/STM32WLxx_HAL_Driver/Src/stm32wlxx_hal_rtc.o
                0x000000000800303c                RTC_ByteToBcd2
 *fill*         0x0000000008003052        0x2 
 .text.HAL_RTC_SetAlarm_IT
                0x0000000008003054      0x154 ./Drivers/STM32WLxx_HAL_Driver/Src/stm32wlxx_hal_rtc.o
                0x0000000008003054                HAL_RTC_SetAlarm_IT
 .text.HAL_RTCEx_EnableBypassShadow
                0x00000000080031a8       0x3c ./Drivers/STM32WLxx_HAL_Driver/Src/stm32wlxx_hal_rtc_ex.o
                0x00000000080031a8                HAL_RTCEx_EnableBypassShadow
 .text.HAL_RTCEx_SetSSRU_IT
                0x00000000080031e4       0x4c ./Drivers/STM32WLxx_HAL_Driver/Src/stm32wlxx_hal_rtc_ex.o
                0x00000000080031e4                HAL_RTCEx_SetSSRU_IT
 .text.HAL_RTCEx_SSRUIRQHandler
                0x0000000008003230       0x20 ./Drivers/STM32WLxx_HAL_Driver/Src/stm32wlxx_hal_rtc_ex.o
                0x0000000008003230                HAL_RTCEx_SSRUIRQHandler
 .text.HAL_RTCEx_AlarmBEventCallback
                0x0000000008003250        0x2 ./Drivers/STM32WLxx_HAL_Driver/Src/stm32wlxx_hal_rtc_ex.o
                0x0000000008003250                HAL_RTCEx_AlarmBEventCallback
 .text.HAL_RTCEx_BKUPWrite
                0x0000000008003252        0xe ./Drivers/STM32WLxx_HAL_Driver/Src/stm32wlxx_hal_rtc_ex.o
                0x0000000008003252                HAL_RTCEx_BKUPWrite
 .text.HAL_RTCEx_BKUPRead
                0x0000000008003260        0xe ./Drivers/STM32WLxx_HAL_Driver/Src/stm32wlxx_hal_rtc_ex.o
                0x0000000008003260                HAL_RTCEx_BKUPRead
 *fill*         0x000000000800326e        0x2 
 .text.LL_PWR_UnselectSUBGHZSPI_NSS
                0x0000000008003270       0x14 ./Drivers/STM32WLxx_HAL_Driver/Src/stm32wlxx_hal_subghz.o
 .text.LL_PWR_SelectSUBGHZSPI_NSS
                0x0000000008003284       0x14 ./Drivers/STM32WLxx_HAL_Driver/Src/stm32wlxx_hal_subghz.o
 .text.SUBGHZSPI_Init
                0x0000000008003298       0x24 ./Drivers/STM32WLxx_HAL_Driver/Src/stm32wlxx_hal_subghz.o
                0x0000000008003298                SUBGHZSPI_Init
 .text.HAL_SUBGHZ_Init
                0x00000000080032bc       0xa0 ./Drivers/STM32WLxx_HAL_Driver/Src/stm32wlxx_hal_subghz.o
                0x00000000080032bc                HAL_SUBGHZ_Init
 .text.SUBGHZSPI_Transmit
                0x000000000800335c       0x70 ./Drivers/STM32WLxx_HAL_Driver/Src/stm32wlxx_hal_subghz.o
                0x000000000800335c                SUBGHZSPI_Transmit
 .text.SUBGHZSPI_Receive
                0x00000000080033cc       0x74 ./Drivers/STM32WLxx_HAL_Driver/Src/stm32wlxx_hal_subghz.o
                0x00000000080033cc                SUBGHZSPI_Receive
 .text.SUBGHZ_WaitOnBusy
                0x0000000008003440       0x48 ./Drivers/STM32WLxx_HAL_Driver/Src/stm32wlxx_hal_subghz.o
                0x0000000008003440                SUBGHZ_WaitOnBusy
 .text.SUBGHZ_CheckDeviceReady
                0x0000000008003488       0x38 ./Drivers/STM32WLxx_HAL_Driver/Src/stm32wlxx_hal_subghz.o
                0x0000000008003488                SUBGHZ_CheckDeviceReady
 .text.HAL_SUBGHZ_WriteRegisters
                0x00000000080034c0       0x72 ./Drivers/STM32WLxx_HAL_Driver/Src/stm32wlxx_hal_subghz.o
                0x00000000080034c0                HAL_SUBGHZ_WriteRegisters
 .text.HAL_SUBGHZ_ReadRegisters
                0x0000000008003532       0x76 ./Drivers/STM32WLxx_HAL_Driver/Src/stm32wlxx_hal_subghz.o
                0x0000000008003532                HAL_SUBGHZ_ReadRegisters
 .text.HAL_SUBGHZ_ExecSetCmd
                0x00000000080035a8       0x70 ./Drivers/STM32WLxx_HAL_Driver/Src/stm32wlxx_hal_subghz.o
                0x00000000080035a8                HAL_SUBGHZ_ExecSetCmd
 .text.HAL_SUBGHZ_WriteBuffer
                0x0000000008003618       0x66 ./Drivers/STM32WLxx_HAL_Driver/Src/stm32wlxx_hal_subghz.o
                0x0000000008003618                HAL_SUBGHZ_WriteBuffer
 .text.HAL_SUBGHZ_ReadBuffer
                0x000000000800367e       0x6e ./Drivers/STM32WLxx_HAL_Driver/Src/stm32wlxx_hal_subghz.o
                0x000000000800367e                HAL_SUBGHZ_ReadBuffer
 .text.HAL_SUBGHZ_ExecGetCmd
                0x00000000080036ec       0x66 ./Drivers/STM32WLxx_HAL_Driver/Src/stm32wlxx_hal_subghz.o
                0x00000000080036ec                HAL_SUBGHZ_ExecGetCmd
 .text.HAL_SUBGHZ_IRQHandler
                0x0000000008003752       0x94 ./Drivers/STM32WLxx_HAL_Driver/Src/stm32wlxx_hal_subghz.o
                0x0000000008003752                HAL_SUBGHZ_IRQHandler
 .text.UART_EndTxTransfer
                0x00000000080037e6       0x34 ./Drivers/STM32WLxx_HAL_Driver/Src/stm32wlxx_hal_uart.o
 *fill*         0x000000000800381a        0x2 
 .text.UART_EndRxTransfer
                0x000000000800381c       0x58 ./Drivers/STM32WLxx_HAL_Driver/Src/stm32wlxx_hal_uart.o
 .text.HAL_UART_Transmit_DMA
                0x0000000008003874       0xa8 ./Drivers/STM32WLxx_HAL_Driver/Src/stm32wlxx_hal_uart.o
                0x0000000008003874                HAL_UART_Transmit_DMA
 .text.UART_DMATransmitCplt
                0x000000000800391c       0x46 ./Drivers/STM32WLxx_HAL_Driver/Src/stm32wlxx_hal_uart.o
 .text.HAL_UART_TxHalfCpltCallback
                0x0000000008003962        0x2 ./Drivers/STM32WLxx_HAL_Driver/Src/stm32wlxx_hal_uart.o
                0x0000000008003962                HAL_UART_TxHalfCpltCallback
 .text.UART_DMATxHalfCplt
                0x0000000008003964        0xa ./Drivers/STM32WLxx_HAL_Driver/Src/stm32wlxx_hal_uart.o
 .text.HAL_UART_ErrorCallback
                0x000000000800396e        0x2 ./Drivers/STM32WLxx_HAL_Driver/Src/stm32wlxx_hal_uart.o
                0x000000000800396e                HAL_UART_ErrorCallback
 .text.UART_DMAError
                0x0000000008003970       0x4a ./Drivers/STM32WLxx_HAL_Driver/Src/stm32wlxx_hal_uart.o
 .text.UART_DMAAbortOnError
                0x00000000080039ba       0x14 ./Drivers/STM32WLxx_HAL_Driver/Src/stm32wlxx_hal_uart.o
 .text.HAL_UARTEx_RxEventCallback
                0x00000000080039ce        0x2 ./Drivers/STM32WLxx_HAL_Driver/Src/stm32wlxx_hal_uart.o
                0x00000000080039ce                HAL_UARTEx_RxEventCallback
 .text.HAL_UART_IRQHandler
                0x00000000080039d0      0x2e8 ./Drivers/STM32WLxx_HAL_Driver/Src/stm32wlxx_hal_uart.o
                0x00000000080039d0                HAL_UART_IRQHandler
 .text.UART_RxISR_8BIT.part.0
                0x0000000008003cb8       0x68 ./Drivers/STM32WLxx_HAL_Driver/Src/stm32wlxx_hal_uart.o
 .text.UART_RxISR_16BIT
                0x0000000008003d20       0x3c ./Drivers/STM32WLxx_HAL_Driver/Src/stm32wlxx_hal_uart.o
 .text.UART_RxISR_8BIT
                0x0000000008003d5c       0x44 ./Drivers/STM32WLxx_HAL_Driver/Src/stm32wlxx_hal_uart.o
 .text.UART_RxISR_8BIT_FIFOEN
                0x0000000008003da0      0x17c ./Drivers/STM32WLxx_HAL_Driver/Src/stm32wlxx_hal_uart.o
 .text.UART_RxISR_16BIT_FIFOEN
                0x0000000008003f1c      0x178 ./Drivers/STM32WLxx_HAL_Driver/Src/stm32wlxx_hal_uart.o
 .text.UART_SetConfig
                0x0000000008004094      0x234 ./Drivers/STM32WLxx_HAL_Driver/Src/stm32wlxx_hal_uart.o
                0x0000000008004094                UART_SetConfig
 .text.UART_AdvFeatureConfig
                0x00000000080042c8       0xa8 ./Drivers/STM32WLxx_HAL_Driver/Src/stm32wlxx_hal_uart.o
                0x00000000080042c8                UART_AdvFeatureConfig
 .text.UART_WaitOnFlagUntilTimeout
                0x0000000008004370       0xc4 ./Drivers/STM32WLxx_HAL_Driver/Src/stm32wlxx_hal_uart.o
                0x0000000008004370                UART_WaitOnFlagUntilTimeout
 .text.UART_CheckIdleState
                0x0000000008004434       0x68 ./Drivers/STM32WLxx_HAL_Driver/Src/stm32wlxx_hal_uart.o
                0x0000000008004434                UART_CheckIdleState
 .text.HAL_UART_Init
                0x000000000800449c       0x60 ./Drivers/STM32WLxx_HAL_Driver/Src/stm32wlxx_hal_uart.o
                0x000000000800449c                HAL_UART_Init
 .text.UART_Start_Receive_IT
                0x00000000080044fc      0x110 ./Drivers/STM32WLxx_HAL_Driver/Src/stm32wlxx_hal_uart.o
                0x00000000080044fc                UART_Start_Receive_IT
 .text.HAL_UART_Receive_IT
                0x000000000800460c       0x54 ./Drivers/STM32WLxx_HAL_Driver/Src/stm32wlxx_hal_uart.o
                0x000000000800460c                HAL_UART_Receive_IT
 .text.UARTEx_SetNbDataToProcess
                0x0000000008004660       0x44 ./Drivers/STM32WLxx_HAL_Driver/Src/stm32wlxx_hal_uart_ex.o
 .text.HAL_UARTEx_WakeupCallback
                0x00000000080046a4        0x2 ./Drivers/STM32WLxx_HAL_Driver/Src/stm32wlxx_hal_uart_ex.o
                0x00000000080046a4                HAL_UARTEx_WakeupCallback
 .text.HAL_UARTEx_RxFifoFullCallback
                0x00000000080046a6        0x2 ./Drivers/STM32WLxx_HAL_Driver/Src/stm32wlxx_hal_uart_ex.o
                0x00000000080046a6                HAL_UARTEx_RxFifoFullCallback
 .text.HAL_UARTEx_TxFifoEmptyCallback
                0x00000000080046a8        0x2 ./Drivers/STM32WLxx_HAL_Driver/Src/stm32wlxx_hal_uart_ex.o
                0x00000000080046a8                HAL_UARTEx_TxFifoEmptyCallback
 .text.HAL_UARTEx_StopModeWakeUpSourceConfig
                0x00000000080046aa       0x8e ./Drivers/STM32WLxx_HAL_Driver/Src/stm32wlxx_hal_uart_ex.o
                0x00000000080046aa                HAL_UARTEx_StopModeWakeUpSourceConfig
 .text.HAL_UARTEx_EnableStopMode
                0x0000000008004738       0x2c ./Drivers/STM32WLxx_HAL_Driver/Src/stm32wlxx_hal_uart_ex.o
                0x0000000008004738                HAL_UARTEx_EnableStopMode
 .text.HAL_UARTEx_EnableFifoMode
                0x0000000008004764       0x46 ./Drivers/STM32WLxx_HAL_Driver/Src/stm32wlxx_hal_uart_ex.o
                0x0000000008004764                HAL_UARTEx_EnableFifoMode
 .text.HAL_UARTEx_SetTxFifoThreshold
                0x00000000080047aa       0x48 ./Drivers/STM32WLxx_HAL_Driver/Src/stm32wlxx_hal_uart_ex.o
                0x00000000080047aa                HAL_UARTEx_SetTxFifoThreshold
 .text.HAL_UARTEx_SetRxFifoThreshold
                0x00000000080047f2       0x48 ./Drivers/STM32WLxx_HAL_Driver/Src/stm32wlxx_hal_uart_ex.o
                0x00000000080047f2                HAL_UARTEx_SetRxFifoThreshold
 .text.RadioCheckRfFrequency
                0x000000000800483a        0x4 ./Middlewares/Third_Party/SubGHz_Phy/stm32_radio_driver/radio.o
 *fill*         0x000000000800483e        0x2 
 .text.RadioOnTxTimeoutIrq
                0x0000000008004840       0x14 ./Middlewares/Third_Party/SubGHz_Phy/stm32_radio_driver/radio.o
 .text.RadioOnRxTimeoutIrq
                0x0000000008004854       0x14 ./Middlewares/Third_Party/SubGHz_Phy/stm32_radio_driver/radio.o
 .text.RadioRead
                0x0000000008004868        0x4 ./Middlewares/Third_Party/SubGHz_Phy/stm32_radio_driver/radio.o
 .text.RadioWrite
                0x000000000800486c        0x4 ./Middlewares/Third_Party/SubGHz_Phy/stm32_radio_driver/radio.o
 .text.RadioTxCw
                0x0000000008004870       0x14 ./Middlewares/Third_Party/SubGHz_Phy/stm32_radio_driver/radio.o
 .text.RadioSetRxDutyCycle
                0x0000000008004884       0x24 ./Middlewares/Third_Party/SubGHz_Phy/stm32_radio_driver/radio.o
 .text.RadioStandby
                0x00000000080048a8        0x6 ./Middlewares/Third_Party/SubGHz_Phy/stm32_radio_driver/radio.o
 *fill*         0x00000000080048ae        0x2 
 .text.RadioGetStatus
                0x00000000080048b0       0x1c ./Middlewares/Third_Party/SubGHz_Phy/stm32_radio_driver/radio.o
 .text.RadioIrqProcess
                0x00000000080048cc      0x240 ./Middlewares/Third_Party/SubGHz_Phy/stm32_radio_driver/radio.o
 .text.RadioOnDioIrq
                0x0000000008004b0c       0x10 ./Middlewares/Third_Party/SubGHz_Phy/stm32_radio_driver/radio.o
 .text.RadioGetWakeupTime
                0x0000000008004b1c        0xa ./Middlewares/Third_Party/SubGHz_Phy/stm32_radio_driver/radio.o
 .text.RadioReadRegisters
                0x0000000008004b26        0x4 ./Middlewares/Third_Party/SubGHz_Phy/stm32_radio_driver/radio.o
 .text.RadioWriteRegisters
                0x0000000008004b2a        0x4 ./Middlewares/Third_Party/SubGHz_Phy/stm32_radio_driver/radio.o
 .text.RadioRssi
                0x0000000008004b2e        0xa ./Middlewares/Third_Party/SubGHz_Phy/stm32_radio_driver/radio.o
 .text.RadioSetTxContinuousWave
                0x0000000008004b38       0x38 ./Middlewares/Third_Party/SubGHz_Phy/stm32_radio_driver/radio.o
 .text.RadioSetChannel
                0x0000000008004b70        0x4 ./Middlewares/Third_Party/SubGHz_Phy/stm32_radio_driver/radio.o
 .text.RadioStartCad
                0x0000000008004b74       0x28 ./Middlewares/Third_Party/SubGHz_Phy/stm32_radio_driver/radio.o
 .text.RadioSleep
                0x0000000008004b9c       0x14 ./Middlewares/Third_Party/SubGHz_Phy/stm32_radio_driver/radio.o
 .text.RadioTimeOnAir
                0x0000000008004bb0       0xec ./Middlewares/Third_Party/SubGHz_Phy/stm32_radio_driver/radio.o
 .text.RadioSetMaxPayloadLength
                0x0000000008004c9c       0x2c ./Middlewares/Third_Party/SubGHz_Phy/stm32_radio_driver/radio.o
 .text.RadioRxBoosted
                0x0000000008004cc8       0x5c ./Middlewares/Third_Party/SubGHz_Phy/stm32_radio_driver/radio.o
 .text.RadioRx  0x0000000008004d24       0x5c ./Middlewares/Third_Party/SubGHz_Phy/stm32_radio_driver/radio.o
 .text.RadioSetPublicNetwork
                0x0000000008004d80       0x3c ./Middlewares/Third_Party/SubGHz_Phy/stm32_radio_driver/radio.o
 .text.RadioSetModem
                0x0000000008004dbc       0x44 ./Middlewares/Third_Party/SubGHz_Phy/stm32_radio_driver/radio.o
 .text.RadioSetTxGenericConfig
                0x0000000008004e00      0x1ec ./Middlewares/Third_Party/SubGHz_Phy/stm32_radio_driver/radio.o
 .text.RadioSetRxGenericConfig
                0x0000000008004fec      0x20c ./Middlewares/Third_Party/SubGHz_Phy/stm32_radio_driver/radio.o
 .text.RadioSetTxConfig
                0x00000000080051f8      0x18c ./Middlewares/Third_Party/SubGHz_Phy/stm32_radio_driver/radio.o
 .text.RadioSetRxConfig
                0x0000000008005384      0x2dc ./Middlewares/Third_Party/SubGHz_Phy/stm32_radio_driver/radio.o
 .text.RadioRandom
                0x0000000008005660       0x1c ./Middlewares/Third_Party/SubGHz_Phy/stm32_radio_driver/radio.o
 .text.RadioIsChannelFree
                0x000000000800567c       0x7c ./Middlewares/Third_Party/SubGHz_Phy/stm32_radio_driver/radio.o
 .text.RadioInit
                0x00000000080056f8       0x98 ./Middlewares/Third_Party/SubGHz_Phy/stm32_radio_driver/radio.o
 .text.RadioSend
                0x0000000008005790      0x1b0 ./Middlewares/Third_Party/SubGHz_Phy/stm32_radio_driver/radio.o
 .text.RadioTxPrbs
                0x0000000008005940       0x30 ./Middlewares/Third_Party/SubGHz_Phy/stm32_radio_driver/radio.o
 .text.SUBGRF_WriteCommand
                0x0000000008005970       0x20 ./Middlewares/Third_Party/SubGHz_Phy/stm32_radio_driver/radio_driver.o
 .text.SUBGRF_ReadCommand
                0x0000000008005990       0x20 ./Middlewares/Third_Party/SubGHz_Phy/stm32_radio_driver/radio_driver.o
 .text.SUBGRF_GetOperatingMode
                0x00000000080059b0        0xc ./Middlewares/Third_Party/SubGHz_Phy/stm32_radio_driver/radio_driver.o
                0x00000000080059b0                SUBGRF_GetOperatingMode
 .text.SUBGRF_SetStandby
                0x00000000080059bc       0x2c ./Middlewares/Third_Party/SubGHz_Phy/stm32_radio_driver/radio_driver.o
                0x00000000080059bc                SUBGRF_SetStandby
 .text.SUBGRF_SetTx
                0x00000000080059e8       0x2c ./Middlewares/Third_Party/SubGHz_Phy/stm32_radio_driver/radio_driver.o
                0x00000000080059e8                SUBGRF_SetTx
 .text.SUBGRF_SetRx
                0x0000000008005a14       0x2c ./Middlewares/Third_Party/SubGHz_Phy/stm32_radio_driver/radio_driver.o
                0x0000000008005a14                SUBGRF_SetRx
 .text.SUBGRF_SetRxDutyCycle
                0x0000000008005a40       0x38 ./Middlewares/Third_Party/SubGHz_Phy/stm32_radio_driver/radio_driver.o
                0x0000000008005a40                SUBGRF_SetRxDutyCycle
 .text.SUBGRF_SetCad
                0x0000000008005a78       0x18 ./Middlewares/Third_Party/SubGHz_Phy/stm32_radio_driver/radio_driver.o
                0x0000000008005a78                SUBGRF_SetCad
 .text.SUBGRF_SetTxContinuousWave
                0x0000000008005a90        0xa ./Middlewares/Third_Party/SubGHz_Phy/stm32_radio_driver/radio_driver.o
                0x0000000008005a90                SUBGRF_SetTxContinuousWave
 .text.SUBGRF_SetTxInfinitePreamble
                0x0000000008005a9a        0xa ./Middlewares/Third_Party/SubGHz_Phy/stm32_radio_driver/radio_driver.o
                0x0000000008005a9a                SUBGRF_SetTxInfinitePreamble
 .text.SUBGRF_SetStopRxTimerOnPreambleDetect
                0x0000000008005aa4       0x18 ./Middlewares/Third_Party/SubGHz_Phy/stm32_radio_driver/radio_driver.o
                0x0000000008005aa4                SUBGRF_SetStopRxTimerOnPreambleDetect
 .text.SUBGRF_SetRegulatorMode
                0x0000000008005abc       0x22 ./Middlewares/Third_Party/SubGHz_Phy/stm32_radio_driver/radio_driver.o
                0x0000000008005abc                SUBGRF_SetRegulatorMode
 .text.SUBGRF_Calibrate
                0x0000000008005ade       0x1c ./Middlewares/Third_Party/SubGHz_Phy/stm32_radio_driver/radio_driver.o
                0x0000000008005ade                SUBGRF_Calibrate
 *fill*         0x0000000008005afa        0x2 
 .text.SUBGRF_CalibrateImage
                0x0000000008005afc       0x64 ./Middlewares/Third_Party/SubGHz_Phy/stm32_radio_driver/radio_driver.o
                0x0000000008005afc                SUBGRF_CalibrateImage
 .text.SUBGRF_SetPaConfig
                0x0000000008005b60       0x24 ./Middlewares/Third_Party/SubGHz_Phy/stm32_radio_driver/radio_driver.o
                0x0000000008005b60                SUBGRF_SetPaConfig
 .text.SUBGRF_SetDioIrqParams
                0x0000000008005b84       0x2a ./Middlewares/Third_Party/SubGHz_Phy/stm32_radio_driver/radio_driver.o
                0x0000000008005b84                SUBGRF_SetDioIrqParams
 .text.SUBGRF_SetTcxoMode
                0x0000000008005bae       0x28 ./Middlewares/Third_Party/SubGHz_Phy/stm32_radio_driver/radio_driver.o
                0x0000000008005bae                SUBGRF_SetTcxoMode
 *fill*         0x0000000008005bd6        0x2 
 .text.SUBGRF_SetRfFrequency
                0x0000000008005bd8       0x3c ./Middlewares/Third_Party/SubGHz_Phy/stm32_radio_driver/radio_driver.o
                0x0000000008005bd8                SUBGRF_SetRfFrequency
 .text.SUBGRF_SetBufferBaseAddress
                0x0000000008005c14       0x1a ./Middlewares/Third_Party/SubGHz_Phy/stm32_radio_driver/radio_driver.o
                0x0000000008005c14                SUBGRF_SetBufferBaseAddress
 .text.SUBGRF_GetRssiInst
                0x0000000008005c2e       0x1a ./Middlewares/Third_Party/SubGHz_Phy/stm32_radio_driver/radio_driver.o
                0x0000000008005c2e                SUBGRF_GetRssiInst
 .text.SUBGRF_GetPacketStatus
                0x0000000008005c48       0x78 ./Middlewares/Third_Party/SubGHz_Phy/stm32_radio_driver/radio_driver.o
                0x0000000008005c48                SUBGRF_GetPacketStatus
 .text.SUBGRF_WriteRegister
                0x0000000008005cc0       0x20 ./Middlewares/Third_Party/SubGHz_Phy/stm32_radio_driver/radio_driver.o
                0x0000000008005cc0                SUBGRF_WriteRegister
 .text.SUBGRF_SetRxBoosted
                0x0000000008005ce0       0x38 ./Middlewares/Third_Party/SubGHz_Phy/stm32_radio_driver/radio_driver.o
                0x0000000008005ce0                SUBGRF_SetRxBoosted
 .text.SUBGRF_SetLoRaSymbNumTimeout
                0x0000000008005d18       0x30 ./Middlewares/Third_Party/SubGHz_Phy/stm32_radio_driver/radio_driver.o
                0x0000000008005d18                SUBGRF_SetLoRaSymbNumTimeout
 .text.SUBGRF_SetPacketType
                0x0000000008005d48       0x2c ./Middlewares/Third_Party/SubGHz_Phy/stm32_radio_driver/radio_driver.o
                0x0000000008005d48                SUBGRF_SetPacketType
 .text.SUBGRF_SetModulationParams
                0x0000000008005d74       0xd8 ./Middlewares/Third_Party/SubGHz_Phy/stm32_radio_driver/radio_driver.o
                0x0000000008005d74                SUBGRF_SetModulationParams
 .text.SUBGRF_ReadRegister
                0x0000000008005e4c       0x20 ./Middlewares/Third_Party/SubGHz_Phy/stm32_radio_driver/radio_driver.o
                0x0000000008005e4c                SUBGRF_ReadRegister
 .text.Radio_SMPS_Set
                0x0000000008005e6c       0x28 ./Middlewares/Third_Party/SubGHz_Phy/stm32_radio_driver/radio_driver.o
 .text.SUBGRF_Init
                0x0000000008005e94       0x6c ./Middlewares/Third_Party/SubGHz_Phy/stm32_radio_driver/radio_driver.o
                0x0000000008005e94                SUBGRF_Init
 .text.SUBGRF_SetSleep
                0x0000000008005f00       0x34 ./Middlewares/Third_Party/SubGHz_Phy/stm32_radio_driver/radio_driver.o
                0x0000000008005f00                SUBGRF_SetSleep
 .text.SUBGRF_SetWhiteningSeed
                0x0000000008005f34       0x38 ./Middlewares/Third_Party/SubGHz_Phy/stm32_radio_driver/radio_driver.o
                0x0000000008005f34                SUBGRF_SetWhiteningSeed
 .text.SUBGRF_SetTxParams
                0x0000000008005f6c       0x84 ./Middlewares/Third_Party/SubGHz_Phy/stm32_radio_driver/radio_driver.o
                0x0000000008005f6c                SUBGRF_SetTxParams
 .text.SUBGRF_GetRxBufferStatus
                0x0000000008005ff0       0x44 ./Middlewares/Third_Party/SubGHz_Phy/stm32_radio_driver/radio_driver.o
                0x0000000008005ff0                SUBGRF_GetRxBufferStatus
 .text.SUBGRF_WriteRegisters
                0x0000000008006034       0x20 ./Middlewares/Third_Party/SubGHz_Phy/stm32_radio_driver/radio_driver.o
                0x0000000008006034                SUBGRF_WriteRegisters
 .text.SUBGRF_SetSyncWord
                0x0000000008006054       0x12 ./Middlewares/Third_Party/SubGHz_Phy/stm32_radio_driver/radio_driver.o
                0x0000000008006054                SUBGRF_SetSyncWord
 *fill*         0x0000000008006066        0x2 
 .text.SUBGRF_SetCrcSeed
                0x0000000008006068       0x24 ./Middlewares/Third_Party/SubGHz_Phy/stm32_radio_driver/radio_driver.o
                0x0000000008006068                SUBGRF_SetCrcSeed
 .text.SUBGRF_SetCrcPolynomial
                0x000000000800608c       0x24 ./Middlewares/Third_Party/SubGHz_Phy/stm32_radio_driver/radio_driver.o
                0x000000000800608c                SUBGRF_SetCrcPolynomial
 .text.SUBGRF_SetPacketParams
                0x00000000080060b0       0xc8 ./Middlewares/Third_Party/SubGHz_Phy/stm32_radio_driver/radio_driver.o
                0x00000000080060b0                SUBGRF_SetPacketParams
 .text.SUBGRF_ReadRegisters
                0x0000000008006178       0x20 ./Middlewares/Third_Party/SubGHz_Phy/stm32_radio_driver/radio_driver.o
                0x0000000008006178                SUBGRF_ReadRegisters
 .text.SUBGRF_GetRandom
                0x0000000008006198       0x68 ./Middlewares/Third_Party/SubGHz_Phy/stm32_radio_driver/radio_driver.o
                0x0000000008006198                SUBGRF_GetRandom
 .text.SUBGRF_WriteBuffer
                0x0000000008006200       0x20 ./Middlewares/Third_Party/SubGHz_Phy/stm32_radio_driver/radio_driver.o
                0x0000000008006200                SUBGRF_WriteBuffer
 .text.SUBGRF_SetPayload
                0x0000000008006220        0xa ./Middlewares/Third_Party/SubGHz_Phy/stm32_radio_driver/radio_driver.o
                0x0000000008006220                SUBGRF_SetPayload
 .text.SUBGRF_SendPayload
                0x000000000800622a       0x12 ./Middlewares/Third_Party/SubGHz_Phy/stm32_radio_driver/radio_driver.o
                0x000000000800622a                SUBGRF_SendPayload
 .text.SUBGRF_ReadBuffer
                0x000000000800623c       0x20 ./Middlewares/Third_Party/SubGHz_Phy/stm32_radio_driver/radio_driver.o
                0x000000000800623c                SUBGRF_ReadBuffer
 .text.SUBGRF_GetPayload
                0x000000000800625c       0x32 ./Middlewares/Third_Party/SubGHz_Phy/stm32_radio_driver/radio_driver.o
                0x000000000800625c                SUBGRF_GetPayload
 .text.SUBGRF_SetSwitch
                0x000000000800628e       0x2c ./Middlewares/Third_Party/SubGHz_Phy/stm32_radio_driver/radio_driver.o
                0x000000000800628e                SUBGRF_SetSwitch
 .text.SUBGRF_SetRfTxPower
                0x00000000080062ba       0x2a ./Middlewares/Third_Party/SubGHz_Phy/stm32_radio_driver/radio_driver.o
                0x00000000080062ba                SUBGRF_SetRfTxPower
 .text.SUBGRF_GetRadioWakeUpTime
                0x00000000080062e4        0x4 ./Middlewares/Third_Party/SubGHz_Phy/stm32_radio_driver/radio_driver.o
                0x00000000080062e4                SUBGRF_GetRadioWakeUpTime
 .text.HAL_SUBGHZ_TxCpltCallback
                0x00000000080062e8        0xc ./Middlewares/Third_Party/SubGHz_Phy/stm32_radio_driver/radio_driver.o
                0x00000000080062e8                HAL_SUBGHZ_TxCpltCallback
 .text.HAL_SUBGHZ_RxCpltCallback
                0x00000000080062f4        0xc ./Middlewares/Third_Party/SubGHz_Phy/stm32_radio_driver/radio_driver.o
                0x00000000080062f4                HAL_SUBGHZ_RxCpltCallback
 .text.HAL_SUBGHZ_CRCErrorCallback
                0x0000000008006300        0xc ./Middlewares/Third_Party/SubGHz_Phy/stm32_radio_driver/radio_driver.o
                0x0000000008006300                HAL_SUBGHZ_CRCErrorCallback
 .text.HAL_SUBGHZ_CADStatusCallback
                0x000000000800630c       0x20 ./Middlewares/Third_Party/SubGHz_Phy/stm32_radio_driver/radio_driver.o
                0x000000000800630c                HAL_SUBGHZ_CADStatusCallback
 .text.HAL_SUBGHZ_RxTxTimeoutCallback
                0x000000000800632c       0x10 ./Middlewares/Third_Party/SubGHz_Phy/stm32_radio_driver/radio_driver.o
                0x000000000800632c                HAL_SUBGHZ_RxTxTimeoutCallback
 .text.HAL_SUBGHZ_HeaderErrorCallback
                0x000000000800633c        0xc ./Middlewares/Third_Party/SubGHz_Phy/stm32_radio_driver/radio_driver.o
                0x000000000800633c                HAL_SUBGHZ_HeaderErrorCallback
 .text.HAL_SUBGHZ_PreambleDetectedCallback
                0x0000000008006348        0xc ./Middlewares/Third_Party/SubGHz_Phy/stm32_radio_driver/radio_driver.o
                0x0000000008006348                HAL_SUBGHZ_PreambleDetectedCallback
 .text.HAL_SUBGHZ_SyncWordValidCallback
                0x0000000008006354        0xc ./Middlewares/Third_Party/SubGHz_Phy/stm32_radio_driver/radio_driver.o
                0x0000000008006354                HAL_SUBGHZ_SyncWordValidCallback
 .text.HAL_SUBGHZ_HeaderValidCallback
                0x0000000008006360        0xc ./Middlewares/Third_Party/SubGHz_Phy/stm32_radio_driver/radio_driver.o
                0x0000000008006360                HAL_SUBGHZ_HeaderValidCallback
 .text.SUBGRF_GetFskBandwidthRegValue
                0x000000000800636c       0x28 ./Middlewares/Third_Party/SubGHz_Phy/stm32_radio_driver/radio_driver.o
                0x000000000800636c                SUBGRF_GetFskBandwidthRegValue
 .text.SUBGRF_GetCFO
                0x0000000008006394       0x80 ./Middlewares/Third_Party/SubGHz_Phy/stm32_radio_driver/radio_driver.o
                0x0000000008006394                SUBGRF_GetCFO
 .text.RFW_TransmitLongPacket
                0x0000000008006414        0x6 ./Middlewares/Third_Party/SubGHz_Phy/stm32_radio_driver/radio_fw.o
                0x0000000008006414                RFW_TransmitLongPacket
 .text.RFW_ReceiveLongPacket
                0x000000000800641a        0x6 ./Middlewares/Third_Party/SubGHz_Phy/stm32_radio_driver/radio_fw.o
                0x000000000800641a                RFW_ReceiveLongPacket
 .text.RFW_Init
                0x0000000008006420        0x6 ./Middlewares/Third_Party/SubGHz_Phy/stm32_radio_driver/radio_fw.o
                0x0000000008006420                RFW_Init
 .text.RFW_DeInit
                0x0000000008006426        0x2 ./Middlewares/Third_Party/SubGHz_Phy/stm32_radio_driver/radio_fw.o
                0x0000000008006426                RFW_DeInit
 .text.RFW_Is_Init
                0x0000000008006428        0x4 ./Middlewares/Third_Party/SubGHz_Phy/stm32_radio_driver/radio_fw.o
                0x0000000008006428                RFW_Is_Init
 .text.RFW_Is_LongPacketModeEnabled
                0x000000000800642c        0x4 ./Middlewares/Third_Party/SubGHz_Phy/stm32_radio_driver/radio_fw.o
                0x000000000800642c                RFW_Is_LongPacketModeEnabled
 .text.RFW_SetAntSwitch
                0x0000000008006430        0x2 ./Middlewares/Third_Party/SubGHz_Phy/stm32_radio_driver/radio_fw.o
                0x0000000008006430                RFW_SetAntSwitch
 .text.RFW_TransmitInit
                0x0000000008006432        0x6 ./Middlewares/Third_Party/SubGHz_Phy/stm32_radio_driver/radio_fw.o
                0x0000000008006432                RFW_TransmitInit
 .text.RFW_ReceiveInit
                0x0000000008006438        0x6 ./Middlewares/Third_Party/SubGHz_Phy/stm32_radio_driver/radio_fw.o
                0x0000000008006438                RFW_ReceiveInit
 .text.RFW_DeInit_TxLongPacket
                0x000000000800643e        0x2 ./Middlewares/Third_Party/SubGHz_Phy/stm32_radio_driver/radio_fw.o
                0x000000000800643e                RFW_DeInit_TxLongPacket
 .text.RFW_ReceivePayload
                0x0000000008006440        0x2 ./Middlewares/Third_Party/SubGHz_Phy/stm32_radio_driver/radio_fw.o
                0x0000000008006440                RFW_ReceivePayload
 .text.RFW_SetRadioModem
                0x0000000008006442        0x2 ./Middlewares/Third_Party/SubGHz_Phy/stm32_radio_driver/radio_fw.o
                0x0000000008006442                RFW_SetRadioModem
 .text.MX_SubGHz_Phy_Init
                0x0000000008006444        0xe ./SubGHz_Phy/App/app_subghz_phy.o
                0x0000000008006444                MX_SubGHz_Phy_Init
 .text.MX_SubGHz_Phy_Process
                0x0000000008006452        0x8 ./SubGHz_Phy/App/app_subghz_phy.o
                0x0000000008006452                MX_SubGHz_Phy_Process
 *fill*         0x000000000800645a        0x2 
 .text.Sensor_Process
                0x000000000800645c      0x268 ./SubGHz_Phy/App/subghz_phy_app.o
 .text.OnRxError
                0x00000000080066c4       0x14 ./SubGHz_Phy/App/subghz_phy_app.o
 .text.OnRxTimeout
                0x00000000080066d8       0x10 ./SubGHz_Phy/App/subghz_phy_app.o
 .text.OnTxTimeout
                0x00000000080066e8       0x14 ./SubGHz_Phy/App/subghz_phy_app.o
 .text.OnTxDone
                0x00000000080066fc       0x14 ./SubGHz_Phy/App/subghz_phy_app.o
 .text.OnTimerTxEvent
                0x0000000008006710       0x34 ./SubGHz_Phy/App/subghz_phy_app.o
 .text.OnRxDone
                0x0000000008006744       0x40 ./SubGHz_Phy/App/subghz_phy_app.o
 .text.OnLedRxEvent
                0x0000000008006784        0x6 ./SubGHz_Phy/App/subghz_phy_app.o
 .text.OnLedErrorEvent
                0x000000000800678a        0x6 ./SubGHz_Phy/App/subghz_phy_app.o
 .text.OnLedTxEvent
                0x0000000008006790        0x6 ./SubGHz_Phy/App/subghz_phy_app.o
 *fill*         0x0000000008006796        0x2 
 .text.Sensor_Init
                0x0000000008006798      0x1cc ./SubGHz_Phy/App/subghz_phy_app.o
                0x0000000008006798                Sensor_Init
 .text.RBI_Init
                0x0000000008006964        0x4 ./SubGHz_Phy/Target/radio_board_if.o
                0x0000000008006964                RBI_Init
 .text.RBI_ConfigRFSwitch
                0x0000000008006968        0x4 ./SubGHz_Phy/Target/radio_board_if.o
                0x0000000008006968                RBI_ConfigRFSwitch
 .text.RBI_GetTxConfig
                0x000000000800696c        0x4 ./SubGHz_Phy/Target/radio_board_if.o
                0x000000000800696c                RBI_GetTxConfig
 .text.RBI_IsTCXO
                0x0000000008006970        0x4 ./SubGHz_Phy/Target/radio_board_if.o
                0x0000000008006970                RBI_IsTCXO
 .text.RBI_IsDCDC
                0x0000000008006974        0x4 ./SubGHz_Phy/Target/radio_board_if.o
                0x0000000008006974                RBI_IsDCDC
 .text.UTIL_LPM_Init
                0x0000000008006978       0x14 ./Utilities/lpm/tiny_lpm/stm32_lpm.o
                0x0000000008006978                UTIL_LPM_Init
 .text.UTIL_LPM_SetStopMode
                0x000000000800698c       0x2c ./Utilities/lpm/tiny_lpm/stm32_lpm.o
                0x000000000800698c                UTIL_LPM_SetStopMode
 .text.UTIL_LPM_SetOffMode
                0x00000000080069b8       0x2c ./Utilities/lpm/tiny_lpm/stm32_lpm.o
                0x00000000080069b8                UTIL_LPM_SetOffMode
 .text.UTIL_LPM_EnterLowPower
                0x00000000080069e4       0x40 ./Utilities/lpm/tiny_lpm/stm32_lpm.o
                0x00000000080069e4                UTIL_LPM_EnterLowPower
 .text.UTIL_MEM_set_8
                0x0000000008006a24        0xe ./Utilities/misc/stm32_mem.o
                0x0000000008006a24                UTIL_MEM_set_8
 *fill*         0x0000000008006a32        0x2 
 .text.SysTimeGet
                0x0000000008006a34       0x4c ./Utilities/misc/stm32_systime.o
                0x0000000008006a34                SysTimeGet
 .text.tiny_vsnprintf_like
                0x0000000008006a80      0x234 ./Utilities/misc/stm32_tiny_vsnprintf.o
                0x0000000008006a80                tiny_vsnprintf_like
 .text.UTIL_SEQ_SetTask
                0x0000000008006cb4       0x2c ./Utilities/sequencer/stm32_seq.o
                0x0000000008006cb4                UTIL_SEQ_SetTask
 .text.UTIL_SEQ_PreIdle
                0x0000000008006ce0        0x2 ./Utilities/sequencer/stm32_seq.o
                0x0000000008006ce0                UTIL_SEQ_PreIdle
 .text.UTIL_SEQ_PostIdle
                0x0000000008006ce2        0x2 ./Utilities/sequencer/stm32_seq.o
                0x0000000008006ce2                UTIL_SEQ_PostIdle
 .text.SEQ_BitPosition
                0x0000000008006ce4       0x40 ./Utilities/sequencer/stm32_seq.o
                0x0000000008006ce4                SEQ_BitPosition
 .text.UTIL_SEQ_Run
                0x0000000008006d24      0x114 ./Utilities/sequencer/stm32_seq.o
                0x0000000008006d24                UTIL_SEQ_Run
 .text.UTIL_SEQ_RegTask
                0x0000000008006e38       0x20 ./Utilities/sequencer/stm32_seq.o
                0x0000000008006e38                UTIL_SEQ_RegTask
 .text.UTIL_TIMER_Init
                0x0000000008006e58       0x14 ./Utilities/timer/stm32_timer.o
                0x0000000008006e58                UTIL_TIMER_Init
 .text.UTIL_TIMER_Create
                0x0000000008006e6c       0x34 ./Utilities/timer/stm32_timer.o
                0x0000000008006e6c                UTIL_TIMER_Create
 .text.UTIL_TIMER_GetCurrentTime
                0x0000000008006ea0       0x14 ./Utilities/timer/stm32_timer.o
                0x0000000008006ea0                UTIL_TIMER_GetCurrentTime
 .text.UTIL_TIMER_GetElapsedTime
                0x0000000008006eb4       0x20 ./Utilities/timer/stm32_timer.o
                0x0000000008006eb4                UTIL_TIMER_GetElapsedTime
 .text.TimerExists
                0x0000000008006ed4       0x1c ./Utilities/timer/stm32_timer.o
                0x0000000008006ed4                TimerExists
 .text.TimerSetTimeout
                0x0000000008006ef0       0x38 ./Utilities/timer/stm32_timer.o
                0x0000000008006ef0                TimerSetTimeout
 .text.UTIL_TIMER_Stop
                0x0000000008006f28       0x5c ./Utilities/timer/stm32_timer.o
                0x0000000008006f28                UTIL_TIMER_Stop
 .text.TimerInsertTimer
                0x0000000008006f84       0x2c ./Utilities/timer/stm32_timer.o
                0x0000000008006f84                TimerInsertTimer
 .text.TimerInsertNewHeadTimer
                0x0000000008006fb0       0x18 ./Utilities/timer/stm32_timer.o
                0x0000000008006fb0                TimerInsertNewHeadTimer
 .text.UTIL_TIMER_Start
                0x0000000008006fc8       0x74 ./Utilities/timer/stm32_timer.o
                0x0000000008006fc8                UTIL_TIMER_Start
 .text.UTIL_TIMER_SetPeriod
                0x000000000800703c       0x30 ./Utilities/timer/stm32_timer.o
                0x000000000800703c                UTIL_TIMER_SetPeriod
 .text.UTIL_TIMER_IRQ_Handler
                0x000000000800706c       0x88 ./Utilities/timer/stm32_timer.o
                0x000000000800706c                UTIL_TIMER_IRQ_Handler
 .text.TRACE_AllocateBufer
                0x00000000080070f4       0x60 ./Utilities/trace/adv_trace/stm32_adv_trace.o
 .text.TRACE_Lock
                0x0000000008007154       0x18 ./Utilities/trace/adv_trace/stm32_adv_trace.o
 .text.TRACE_UnLock
                0x000000000800716c       0x18 ./Utilities/trace/adv_trace/stm32_adv_trace.o
 .text.UTIL_ADV_TRACE_Init
                0x0000000008007184       0x34 ./Utilities/trace/adv_trace/stm32_adv_trace.o
                0x0000000008007184                UTIL_ADV_TRACE_Init
 .text.UTIL_ADV_TRACE_RegisterTimeStampFunction
                0x00000000080071b8        0xc ./Utilities/trace/adv_trace/stm32_adv_trace.o
                0x00000000080071b8                UTIL_ADV_TRACE_RegisterTimeStampFunction
 .text.UTIL_ADV_TRACE_SetVerboseLevel
                0x00000000080071c4        0xc ./Utilities/trace/adv_trace/stm32_adv_trace.o
                0x00000000080071c4                UTIL_ADV_TRACE_SetVerboseLevel
 .text.TRACE_Send
                0x00000000080071d0       0x84 ./Utilities/trace/adv_trace/stm32_adv_trace.o
 .text.UTIL_ADV_TRACE_COND_FSend
                0x0000000008007254       0xcc ./Utilities/trace/adv_trace/stm32_adv_trace.o
                0x0000000008007254                UTIL_ADV_TRACE_COND_FSend
 .text.TRACE_TxCpltCallback
                0x0000000008007320       0x9c ./Utilities/trace/adv_trace/stm32_adv_trace.o
 .text.__errno  0x00000000080073bc        0xc c:/st/stm32cubeide_1.6.0/stm32cubeide/plugins/com.st.stm32cube.ide.mcu.externaltools.gnu-tools-for-stm32.9-2020-q2-update.win32_2.0.0.202105311346/tools/bin/../lib/gcc/arm-none-eabi/9.3.1/../../../../arm-none-eabi/lib/thumb/v7e-m/nofp\libc_nano.a(lib_a-errno.o)
                0x00000000080073bc                __errno
 .text.__libc_init_array
                0x00000000080073c8       0x48 c:/st/stm32cubeide_1.6.0/stm32cubeide/plugins/com.st.stm32cube.ide.mcu.externaltools.gnu-tools-for-stm32.9-2020-q2-update.win32_2.0.0.202105311346/tools/bin/../lib/gcc/arm-none-eabi/9.3.1/../../../../arm-none-eabi/lib/thumb/v7e-m/nofp\libc_nano.a(lib_a-init.o)
                0x00000000080073c8                __libc_init_array
 .text.memcpy   0x0000000008007410       0x1c c:/st/stm32cubeide_1.6.0/stm32cubeide/plugins/com.st.stm32cube.ide.mcu.externaltools.gnu-tools-for-stm32.9-2020-q2-update.win32_2.0.0.202105311346/tools/bin/../lib/gcc/arm-none-eabi/9.3.1/../../../../arm-none-eabi/lib/thumb/v7e-m/nofp\libc_nano.a(lib_a-memcpy-stub.o)
                0x0000000008007410                memcpy
 .text.memset   0x000000000800742c       0x10 c:/st/stm32cubeide_1.6.0/stm32cubeide/plugins/com.st.stm32cube.ide.mcu.externaltools.gnu-tools-for-stm32.9-2020-q2-update.win32_2.0.0.202105311346/tools/bin/../lib/gcc/arm-none-eabi/9.3.1/../../../../arm-none-eabi/lib/thumb/v7e-m/nofp\libc_nano.a(lib_a-memset.o)
                0x000000000800742c                memset
 .text.srand    0x000000000800743c       0x5c c:/st/stm32cubeide_1.6.0/stm32cubeide/plugins/com.st.stm32cube.ide.mcu.externaltools.gnu-tools-for-stm32.9-2020-q2-update.win32_2.0.0.202105311346/tools/bin/../lib/gcc/arm-none-eabi/9.3.1/../../../../arm-none-eabi/lib/thumb/v7e-m/nofp\libc_nano.a(lib_a-rand.o)
                0x000000000800743c                srand
 .text.rand     0x0000000008007498       0x80 c:/st/stm32cubeide_1.6.0/stm32cubeide/plugins/com.st.stm32cube.ide.mcu.externaltools.gnu-tools-for-stm32.9-2020-q2-update.win32_2.0.0.202105311346/tools/bin/../lib/gcc/arm-none-eabi/9.3.1/../../../../arm-none-eabi/lib/thumb/v7e-m/nofp\libc_nano.a(lib_a-rand.o)
                0x0000000008007498                rand
 .text.__assert_func
                0x0000000008007518       0x3c c:/st/stm32cubeide_1.6.0/stm32cubeide/plugins/com.st.stm32cube.ide.mcu.externaltools.gnu-tools-for-stm32.9-2020-q2-update.win32_2.0.0.202105311346/tools/bin/../lib/gcc/arm-none-eabi/9.3.1/../../../../arm-none-eabi/lib/thumb/v7e-m/nofp\libc_nano.a(lib_a-assert.o)
                0x0000000008007518                __assert_func
 .text.fprintf  0x0000000008007554       0x24 c:/st/stm32cubeide_1.6.0/stm32cubeide/plugins/com.st.stm32cube.ide.mcu.externaltools.gnu-tools-for-stm32.9-2020-q2-update.win32_2.0.0.202105311346/tools/bin/../lib/gcc/arm-none-eabi/9.3.1/../../../../arm-none-eabi/lib/thumb/v7e-m/nofp\libc_nano.a(lib_a-fprintf.o)
                0x0000000008007554                fiprintf
                0x0000000008007554                fprintf
 .text.malloc   0x0000000008007578       0x10 c:/st/stm32cubeide_1.6.0/stm32cubeide/plugins/com.st.stm32cube.ide.mcu.externaltools.gnu-tools-for-stm32.9-2020-q2-update.win32_2.0.0.202105311346/tools/bin/../lib/gcc/arm-none-eabi/9.3.1/../../../../arm-none-eabi/lib/thumb/v7e-m/nofp\libc_nano.a(lib_a-malloc.o)
                0x0000000008007578                malloc
 .text._free_r  0x0000000008007588       0x9c c:/st/stm32cubeide_1.6.0/stm32cubeide/plugins/com.st.stm32cube.ide.mcu.externaltools.gnu-tools-for-stm32.9-2020-q2-update.win32_2.0.0.202105311346/tools/bin/../lib/gcc/arm-none-eabi/9.3.1/../../../../arm-none-eabi/lib/thumb/v7e-m/nofp\libc_nano.a(lib_a-nano-freer.o)
                0x0000000008007588                _free_r
 .text._malloc_r
                0x0000000008007624       0xb4 c:/st/stm32cubeide_1.6.0/stm32cubeide/plugins/com.st.stm32cube.ide.mcu.externaltools.gnu-tools-for-stm32.9-2020-q2-update.win32_2.0.0.202105311346/tools/bin/../lib/gcc/arm-none-eabi/9.3.1/../../../../arm-none-eabi/lib/thumb/v7e-m/nofp\libc_nano.a(lib_a-nano-mallocr.o)
                0x0000000008007624                _malloc_r
 .text.__sfputc_r
                0x00000000080076d8       0x2a c:/st/stm32cubeide_1.6.0/stm32cubeide/plugins/com.st.stm32cube.ide.mcu.externaltools.gnu-tools-for-stm32.9-2020-q2-update.win32_2.0.0.202105311346/tools/bin/../lib/gcc/arm-none-eabi/9.3.1/../../../../arm-none-eabi/lib/thumb/v7e-m/nofp\libc_nano.a(lib_a-nano-vfprintf.o)
 .text.__sfputs_r
                0x0000000008007702       0x24 c:/st/stm32cubeide_1.6.0/stm32cubeide/plugins/com.st.stm32cube.ide.mcu.externaltools.gnu-tools-for-stm32.9-2020-q2-update.win32_2.0.0.202105311346/tools/bin/../lib/gcc/arm-none-eabi/9.3.1/../../../../arm-none-eabi/lib/thumb/v7e-m/nofp\libc_nano.a(lib_a-nano-vfprintf.o)
                0x0000000008007702                __sfputs_r
 *fill*         0x0000000008007726        0x2 
 .text._vfprintf_r
                0x0000000008007728      0x260 c:/st/stm32cubeide_1.6.0/stm32cubeide/plugins/com.st.stm32cube.ide.mcu.externaltools.gnu-tools-for-stm32.9-2020-q2-update.win32_2.0.0.202105311346/tools/bin/../lib/gcc/arm-none-eabi/9.3.1/../../../../arm-none-eabi/lib/thumb/v7e-m/nofp\libc_nano.a(lib_a-nano-vfprintf.o)
                0x0000000008007728                _vfprintf_r
                0x0000000008007728                _vfiprintf_r
 .text._printf_common
                0x0000000008007988       0xda c:/st/stm32cubeide_1.6.0/stm32cubeide/plugins/com.st.stm32cube.ide.mcu.externaltools.gnu-tools-for-stm32.9-2020-q2-update.win32_2.0.0.202105311346/tools/bin/../lib/gcc/arm-none-eabi/9.3.1/../../../../arm-none-eabi/lib/thumb/v7e-m/nofp\libc_nano.a(lib_a-nano-vfprintf_i.o)
                0x0000000008007988                _printf_common
 *fill*         0x0000000008007a62        0x2 
 .text._printf_i
                0x0000000008007a64      0x24c c:/st/stm32cubeide_1.6.0/stm32cubeide/plugins/com.st.stm32cube.ide.mcu.externaltools.gnu-tools-for-stm32.9-2020-q2-update.win32_2.0.0.202105311346/tools/bin/../lib/gcc/arm-none-eabi/9.3.1/../../../../arm-none-eabi/lib/thumb/v7e-m/nofp\libc_nano.a(lib_a-nano-vfprintf_i.o)
                0x0000000008007a64                _printf_i
 .text._sbrk_r  0x0000000008007cb0       0x20 c:/st/stm32cubeide_1.6.0/stm32cubeide/plugins/com.st.stm32cube.ide.mcu.externaltools.gnu-tools-for-stm32.9-2020-q2-update.win32_2.0.0.202105311346/tools/bin/../lib/gcc/arm-none-eabi/9.3.1/../../../../arm-none-eabi/lib/thumb/v7e-m/nofp\libc_nano.a(lib_a-sbrkr.o)
                0x0000000008007cb0                _sbrk_r
 .text.__swbuf_r
                0x0000000008007cd0       0xa4 c:/st/stm32cubeide_1.6.0/stm32cubeide/plugins/com.st.stm32cube.ide.mcu.externaltools.gnu-tools-for-stm32.9-2020-q2-update.win32_2.0.0.202105311346/tools/bin/../lib/gcc/arm-none-eabi/9.3.1/../../../../arm-none-eabi/lib/thumb/v7e-m/nofp\libc_nano.a(lib_a-wbuf.o)
                0x0000000008007cd0                __swbuf_r
 .text.__swsetup_r
                0x0000000008007d74       0xdc c:/st/stm32cubeide_1.6.0/stm32cubeide/plugins/com.st.stm32cube.ide.mcu.externaltools.gnu-tools-for-stm32.9-2020-q2-update.win32_2.0.0.202105311346/tools/bin/../lib/gcc/arm-none-eabi/9.3.1/../../../../arm-none-eabi/lib/thumb/v7e-m/nofp\libc_nano.a(lib_a-wsetup.o)
                0x0000000008007d74                __swsetup_r
 .text.abort    0x0000000008007e50        0xe c:/st/stm32cubeide_1.6.0/stm32cubeide/plugins/com.st.stm32cube.ide.mcu.externaltools.gnu-tools-for-stm32.9-2020-q2-update.win32_2.0.0.202105311346/tools/bin/../lib/gcc/arm-none-eabi/9.3.1/../../../../arm-none-eabi/lib/thumb/v7e-m/nofp\libc_nano.a(lib_a-abort.o)
                0x0000000008007e50                abort
 *fill*         0x0000000008007e5e        0x2 
 .text.__sflush_r
                0x0000000008007e60      0x10c c:/st/stm32cubeide_1.6.0/stm32cubeide/plugins/com.st.stm32cube.ide.mcu.externaltools.gnu-tools-for-stm32.9-2020-q2-update.win32_2.0.0.202105311346/tools/bin/../lib/gcc/arm-none-eabi/9.3.1/../../../../arm-none-eabi/lib/thumb/v7e-m/nofp\libc_nano.a(lib_a-fflush.o)
                0x0000000008007e60                __sflush_r
 .text._fflush_r
                0x0000000008007f6c       0x78 c:/st/stm32cubeide_1.6.0/stm32cubeide/plugins/com.st.stm32cube.ide.mcu.externaltools.gnu-tools-for-stm32.9-2020-q2-update.win32_2.0.0.202105311346/tools/bin/../lib/gcc/arm-none-eabi/9.3.1/../../../../arm-none-eabi/lib/thumb/v7e-m/nofp\libc_nano.a(lib_a-fflush.o)
                0x0000000008007f6c                _fflush_r
 .text.std      0x0000000008007fe4       0x48 c:/st/stm32cubeide_1.6.0/stm32cubeide/plugins/com.st.stm32cube.ide.mcu.externaltools.gnu-tools-for-stm32.9-2020-q2-update.win32_2.0.0.202105311346/tools/bin/../lib/gcc/arm-none-eabi/9.3.1/../../../../arm-none-eabi/lib/thumb/v7e-m/nofp\libc_nano.a(lib_a-findfp.o)
 .text._cleanup_r
                0x000000000800802c        0xc c:/st/stm32cubeide_1.6.0/stm32cubeide/plugins/com.st.stm32cube.ide.mcu.externaltools.gnu-tools-for-stm32.9-2020-q2-update.win32_2.0.0.202105311346/tools/bin/../lib/gcc/arm-none-eabi/9.3.1/../../../../arm-none-eabi/lib/thumb/v7e-m/nofp\libc_nano.a(lib_a-findfp.o)
                0x000000000800802c                _cleanup_r
 .text.__sfmoreglue
                0x0000000008008038       0x2c c:/st/stm32cubeide_1.6.0/stm32cubeide/plugins/com.st.stm32cube.ide.mcu.externaltools.gnu-tools-for-stm32.9-2020-q2-update.win32_2.0.0.202105311346/tools/bin/../lib/gcc/arm-none-eabi/9.3.1/../../../../arm-none-eabi/lib/thumb/v7e-m/nofp\libc_nano.a(lib_a-findfp.o)
                0x0000000008008038                __sfmoreglue
 .text.__sfp_lock_acquire
                0x0000000008008064        0xc c:/st/stm32cubeide_1.6.0/stm32cubeide/plugins/com.st.stm32cube.ide.mcu.externaltools.gnu-tools-for-stm32.9-2020-q2-update.win32_2.0.0.202105311346/tools/bin/../lib/gcc/arm-none-eabi/9.3.1/../../../../arm-none-eabi/lib/thumb/v7e-m/nofp\libc_nano.a(lib_a-findfp.o)
                0x0000000008008064                __sfp_lock_acquire
 .text.__sfp_lock_release
                0x0000000008008070        0xc c:/st/stm32cubeide_1.6.0/stm32cubeide/plugins/com.st.stm32cube.ide.mcu.externaltools.gnu-tools-for-stm32.9-2020-q2-update.win32_2.0.0.202105311346/tools/bin/../lib/gcc/arm-none-eabi/9.3.1/../../../../arm-none-eabi/lib/thumb/v7e-m/nofp\libc_nano.a(lib_a-findfp.o)
                0x0000000008008070                __sfp_lock_release
 .text.__sinit_lock_acquire
                0x000000000800807c        0xc c:/st/stm32cubeide_1.6.0/stm32cubeide/plugins/com.st.stm32cube.ide.mcu.externaltools.gnu-tools-for-stm32.9-2020-q2-update.win32_2.0.0.202105311346/tools/bin/../lib/gcc/arm-none-eabi/9.3.1/../../../../arm-none-eabi/lib/thumb/v7e-m/nofp\libc_nano.a(lib_a-findfp.o)
                0x000000000800807c                __sinit_lock_acquire
 .text.__sinit_lock_release
                0x0000000008008088        0xc c:/st/stm32cubeide_1.6.0/stm32cubeide/plugins/com.st.stm32cube.ide.mcu.externaltools.gnu-tools-for-stm32.9-2020-q2-update.win32_2.0.0.202105311346/tools/bin/../lib/gcc/arm-none-eabi/9.3.1/../../../../arm-none-eabi/lib/thumb/v7e-m/nofp\libc_nano.a(lib_a-findfp.o)
                0x0000000008008088                __sinit_lock_release
 .text.__sinit  0x0000000008008094       0x70 c:/st/stm32cubeide_1.6.0/stm32cubeide/plugins/com.st.stm32cube.ide.mcu.externaltools.gnu-tools-for-stm32.9-2020-q2-update.win32_2.0.0.202105311346/tools/bin/../lib/gcc/arm-none-eabi/9.3.1/../../../../arm-none-eabi/lib/thumb/v7e-m/nofp\libc_nano.a(lib_a-findfp.o)
                0x0000000008008094                __sinit
 .text.__sfp    0x0000000008008104       0x8c c:/st/stm32cubeide_1.6.0/stm32cubeide/plugins/com.st.stm32cube.ide.mcu.externaltools.gnu-tools-for-stm32.9-2020-q2-update.win32_2.0.0.202105311346/tools/bin/../lib/gcc/arm-none-eabi/9.3.1/../../../../arm-none-eabi/lib/thumb/v7e-m/nofp\libc_nano.a(lib_a-findfp.o)
                0x0000000008008104                __sfp
 .text._fwalk_reent
                0x0000000008008190       0x3e c:/st/stm32cubeide_1.6.0/stm32cubeide/plugins/com.st.stm32cube.ide.mcu.externaltools.gnu-tools-for-stm32.9-2020-q2-update.win32_2.0.0.202105311346/tools/bin/../lib/gcc/arm-none-eabi/9.3.1/../../../../arm-none-eabi/lib/thumb/v7e-m/nofp\libc_nano.a(lib_a-fwalk.o)
                0x0000000008008190                _fwalk_reent
 .text.__retarget_lock_init_recursive
                0x00000000080081ce        0x2 c:/st/stm32cubeide_1.6.0/stm32cubeide/plugins/com.st.stm32cube.ide.mcu.externaltools.gnu-tools-for-stm32.9-2020-q2-update.win32_2.0.0.202105311346/tools/bin/../lib/gcc/arm-none-eabi/9.3.1/../../../../arm-none-eabi/lib/thumb/v7e-m/nofp\libc_nano.a(lib_a-lock.o)
                0x00000000080081ce                __retarget_lock_init_recursive
 .text.__retarget_lock_acquire_recursive
                0x00000000080081d0        0x2 c:/st/stm32cubeide_1.6.0/stm32cubeide/plugins/com.st.stm32cube.ide.mcu.externaltools.gnu-tools-for-stm32.9-2020-q2-update.win32_2.0.0.202105311346/tools/bin/../lib/gcc/arm-none-eabi/9.3.1/../../../../arm-none-eabi/lib/thumb/v7e-m/nofp\libc_nano.a(lib_a-lock.o)
                0x00000000080081d0                __retarget_lock_acquire_recursive
 .text.__retarget_lock_release_recursive
                0x00000000080081d2        0x2 c:/st/stm32cubeide_1.6.0/stm32cubeide/plugins/com.st.stm32cube.ide.mcu.externaltools.gnu-tools-for-stm32.9-2020-q2-update.win32_2.0.0.202105311346/tools/bin/../lib/gcc/arm-none-eabi/9.3.1/../../../../arm-none-eabi/lib/thumb/v7e-m/nofp\libc_nano.a(lib_a-lock.o)
                0x00000000080081d2                __retarget_lock_release_recursive
 .text.__swhatbuf_r
                0x00000000080081d4       0x48 c:/st/stm32cubeide_1.6.0/stm32cubeide/plugins/com.st.stm32cube.ide.mcu.externaltools.gnu-tools-for-stm32.9-2020-q2-update.win32_2.0.0.202105311346/tools/bin/../lib/gcc/arm-none-eabi/9.3.1/../../../../arm-none-eabi/lib/thumb/v7e-m/nofp\libc_nano.a(lib_a-makebuf.o)
                0x00000000080081d4                __swhatbuf_r
 .text.__smakebuf_r
                0x000000000800821c       0x80 c:/st/stm32cubeide_1.6.0/stm32cubeide/plugins/com.st.stm32cube.ide.mcu.externaltools.gnu-tools-for-stm32.9-2020-q2-update.win32_2.0.0.202105311346/tools/bin/../lib/gcc/arm-none-eabi/9.3.1/../../../../arm-none-eabi/lib/thumb/v7e-m/nofp\libc_nano.a(lib_a-makebuf.o)
                0x000000000800821c                __smakebuf_r
 .text.__malloc_lock
                0x000000000800829c        0xc c:/st/stm32cubeide_1.6.0/stm32cubeide/plugins/com.st.stm32cube.ide.mcu.externaltools.gnu-tools-for-stm32.9-2020-q2-update.win32_2.0.0.202105311346/tools/bin/../lib/gcc/arm-none-eabi/9.3.1/../../../../arm-none-eabi/lib/thumb/v7e-m/nofp\libc_nano.a(lib_a-mlock.o)
                0x000000000800829c                __malloc_lock
 .text.__malloc_unlock
                0x00000000080082a8        0xc c:/st/stm32cubeide_1.6.0/stm32cubeide/plugins/com.st.stm32cube.ide.mcu.externaltools.gnu-tools-for-stm32.9-2020-q2-update.win32_2.0.0.202105311346/tools/bin/../lib/gcc/arm-none-eabi/9.3.1/../../../../arm-none-eabi/lib/thumb/v7e-m/nofp\libc_nano.a(lib_a-mlock.o)
                0x00000000080082a8                __malloc_unlock
 .text._raise_r
                0x00000000080082b4       0x50 c:/st/stm32cubeide_1.6.0/stm32cubeide/plugins/com.st.stm32cube.ide.mcu.externaltools.gnu-tools-for-stm32.9-2020-q2-update.win32_2.0.0.202105311346/tools/bin/../lib/gcc/arm-none-eabi/9.3.1/../../../../arm-none-eabi/lib/thumb/v7e-m/nofp\libc_nano.a(lib_a-signal.o)
                0x00000000080082b4                _raise_r
 .text.raise    0x0000000008008304       0x10 c:/st/stm32cubeide_1.6.0/stm32cubeide/plugins/com.st.stm32cube.ide.mcu.externaltools.gnu-tools-for-stm32.9-2020-q2-update.win32_2.0.0.202105311346/tools/bin/../lib/gcc/arm-none-eabi/9.3.1/../../../../arm-none-eabi/lib/thumb/v7e-m/nofp\libc_nano.a(lib_a-signal.o)
                0x0000000008008304                raise