../Utilities/trace/adv_trace/stm32_adv_trace.c:166:25:UTIL_ADV_TRACE_Init	8	static
../Utilities/trace/adv_trace/stm32_adv_trace.c:182:25:UTIL_ADV_TRACE_DeInit	8	static
../Utilities/trace/adv_trace/stm32_adv_trace.c:188:9:UTIL_ADV_TRACE_IsBufferEmpty	4	static
../Utilities/trace/adv_trace/stm32_adv_trace.c:196:25:UTIL_ADV_TRACE_StartRxProcess	16	static
../Utilities/trace/adv_trace/stm32_adv_trace.c:203:25:UTIL_ADV_TRACE_COND_FSend	60	static
../Utilities/trace/adv_trace/stm32_adv_trace.c:296:25:UTIL_ADV_TRACE_FSend	272	static
../Utilities/trace/adv_trace/stm32_adv_trace.c:309:25:UTIL_ADV_TRACE_COND_ZCSend_Allocation	56	static
../Utilities/trace/adv_trace/stm32_adv_trace.c:376:25:UTIL_ADV_TRACE_COND_ZCSend_Finalize	8	static
../Utilities/trace/adv_trace/stm32_adv_trace.c:382:25:UTIL_ADV_TRACE_ZCSend_Allocation	32	static
../Utilities/trace/adv_trace/stm32_adv_trace.c:425:25:UTIL_ADV_TRACE_ZCSend_Finalize	8	static
../Utilities/trace/adv_trace/stm32_adv_trace.c:432:25:UTIL_ADV_TRACE_COND_Send	56	static
../Utilities/trace/adv_trace/stm32_adv_trace.c:506:25:UTIL_ADV_TRACE_Send	32	static
../Utilities/trace/adv_trace/stm32_adv_trace.c:565:6:UTIL_ADV_TRACE_RegisterTimeStampFunction	16	static
../Utilities/trace/adv_trace/stm32_adv_trace.c:570:6:UTIL_ADV_TRACE_SetVerboseLevel	16	static
../Utilities/trace/adv_trace/stm32_adv_trace.c:575:9:UTIL_ADV_TRACE_GetVerboseLevel	4	static
../Utilities/trace/adv_trace/stm32_adv_trace.c:580:6:UTIL_ADV_TRACE_SetRegion	16	static
../Utilities/trace/adv_trace/stm32_adv_trace.c:585:10:UTIL_ADV_TRACE_GetRegion	4	static
../Utilities/trace/adv_trace/stm32_adv_trace.c:590:6:UTIL_ADV_TRACE_ResetRegion	16	static
../Utilities/trace/adv_trace/stm32_adv_trace.c:596:13:UTIL_ADV_TRACE_PreSendHook	4	static
../Utilities/trace/adv_trace/stm32_adv_trace.c:600:13:UTIL_ADV_TRACE_PostSendHook	4	static
../Utilities/trace/adv_trace/stm32_adv_trace.c:616:32:TRACE_Send	40	static,ignoring_inline_asm
../Utilities/trace/adv_trace/stm32_adv_trace.c:700:13:TRACE_TxCpltCallback	40	static,ignoring_inline_asm
../Utilities/trace/adv_trace/stm32_adv_trace.c:795:16:TRACE_AllocateBufer	32	static,ignoring_inline_asm
../Utilities/trace/adv_trace/stm32_adv_trace.c:886:13:TRACE_Lock	24	static,ignoring_inline_asm
../Utilities/trace/adv_trace/stm32_adv_trace.c:897:13:TRACE_UnLock	24	static,ignoring_inline_asm
../Utilities/trace/adv_trace/stm32_adv_trace.c:908:17:TRACE_IsLocked	4	static
